main.c:66:5:main	8	static
main.c:131:6:SystemClock_Config	232	static
main.c:188:6:main_master	16	static
main.c:220:6:main_slave	16	static
main.c:241:5:cs_enable	24	static
main.c:247:5:cs_disable	24	static
main.c:253:5:wr_spi	16	static
main.c:258:10:adc_scan	16	static
main.c:262:9:adc_scan_start	32	static
main.c:324:10:rd_data	40	static
main.c:345:5:rd_spi	24	static
main.c:354:10:pin_from_id	16	static
main.c:380:15:port_from_id	16	static
main.c:406:10:pin_drdy_from_id	16	static
main.c:432:15:port_drdy_from_id	16	static
main.c:458:20:get_hspi_from_id	16	static
main.c:486:5:wr_cmd	24	static
main.c:510:5:wr_reg	24	static
main.c:518:5:rd_reg	24	static
main.c:535:6:Error_Handler	4	static
main.c:551:6:assert_failed	16	static
