main.c:67:5:main	8	static
main.c:132:6:SystemClock_Config	232	static
main.c:189:6:main_master	304	static
main.c:267:6:main_slave	16	static
main.c:288:5:cs_enable	24	static
main.c:294:5:cs_disable	24	static
main.c:300:5:wr_spi	16	static
main.c:305:10:adc_scan	16	static
main.c:309:9:adc_scan_start	32	static
main.c:393:10:rd_data	40	static
main.c:414:5:rd_spi	24	static
main.c:423:10:pin_from_id	16	static
main.c:449:15:port_from_id	16	static
main.c:475:10:pin_drdy_from_id	16	static
main.c:501:15:port_drdy_from_id	16	static
main.c:527:20:get_hspi_from_id	16	static
main.c:555:5:wr_cmd	24	static
main.c:579:5:wr_reg	24	static
main.c:587:5:rd_reg	24	static
main.c:598:5:write_EXP	16	static
main.c:603:5:write_DAPI	16	static
main.c:608:10:read_DAPI	16	static
main.c:620:6:Error_Handler	4	static
main.c:636:6:assert_failed	16	static
