stm32f7xx_it.c:75:6:NMI_Handler	4	static
stm32f7xx_it.c:88:6:HardFault_Handler	4	static
stm32f7xx_it.c:103:6:MemManage_Handler	4	static
stm32f7xx_it.c:118:6:BusFault_Handler	4	static
stm32f7xx_it.c:133:6:UsageFault_Handler	4	static
stm32f7xx_it.c:148:6:SVC_Handler	4	static
stm32f7xx_it.c:161:6:DebugMon_Handler	4	static
stm32f7xx_it.c:174:6:PendSV_Handler	4	static
stm32f7xx_it.c:194:6:EXTI4_IRQHandler	8	static
stm32f7xx_it.c:208:6:EXTI9_5_IRQHandler	8	static
stm32f7xx_it.c:226:6:SPI2_IRQHandler	8	static
stm32f7xx_it.c:240:6:EXTI15_10_IRQHandler	8	static
stm32f7xx_it.c:259:6:UART4_IRQHandler	8	static
stm32f7xx_it.c:273:6:UART5_IRQHandler	8	static
stm32f7xx_it.c:287:6:UART8_IRQHandler	8	static
stm32f7xx_it.c:301:6:SPI4_IRQHandler	8	static
stm32f7xx_it.c:315:6:SPI6_IRQHandler	8	static
stm32f7xx_it.c:327:6:SysTick_Handler	8	static
