Component: ARM Compiler 5.06 update 6 (build 750) Tool: armlink [4d35ed]

==============================================================================

Section Cross References

    startup_stm32f779xx.o(RESET) refers to startup_stm32f779xx.o(STACK) for __initial_sp
    startup_stm32f779xx.o(RESET) refers to startup_stm32f779xx.o(.text) for Reset_Handler
    startup_stm32f779xx.o(RESET) refers to stm32f7xx_it.o(i.NMI_Handler) for NMI_Handler
    startup_stm32f779xx.o(RESET) refers to stm32f7xx_it.o(i.HardFault_Handler) for HardFault_Handler
    startup_stm32f779xx.o(RESET) refers to stm32f7xx_it.o(i.MemManage_Handler) for MemManage_Handler
    startup_stm32f779xx.o(RESET) refers to stm32f7xx_it.o(i.BusFault_Handler) for BusFault_Handler
    startup_stm32f779xx.o(RESET) refers to stm32f7xx_it.o(i.UsageFault_Handler) for UsageFault_Handler
    startup_stm32f779xx.o(RESET) refers to stm32f7xx_it.o(i.SVC_Handler) for SVC_Handler
    startup_stm32f779xx.o(RESET) refers to stm32f7xx_it.o(i.DebugMon_Handler) for DebugMon_Handler
    startup_stm32f779xx.o(RESET) refers to stm32f7xx_it.o(i.PendSV_Handler) for PendSV_Handler
    startup_stm32f779xx.o(RESET) refers to stm32f7xx_it.o(i.SysTick_Handler) for SysTick_Handler
    startup_stm32f779xx.o(RESET) refers to stm32f7xx_it.o(i.UART4_IRQHandler) for UART4_IRQHandler
    startup_stm32f779xx.o(RESET) refers to stm32f7xx_it.o(i.UART8_IRQHandler) for UART8_IRQHandler
    startup_stm32f779xx.o(.text) refers to system_stm32f7xx.o(i.SystemInit) for SystemInit
    startup_stm32f779xx.o(.text) refers to entry.o(.ARM.Collect$$$$00000000) for __main
    main.o(i.MX_ADC1_Init) refers to stm32f7xx_hal_adc.o(i.HAL_ADC_Init) for HAL_ADC_Init
    main.o(i.MX_ADC1_Init) refers to stm32f7xx_hal_adc.o(i.HAL_ADC_ConfigChannel) for HAL_ADC_ConfigChannel
    main.o(i.MX_ADC1_Init) refers to main.o(.bss) for .bss
    main.o(i.MX_GPIO_Init) refers to memseta.o(.text) for __aeabi_memclr4
    main.o(i.MX_GPIO_Init) refers to stm32f7xx_hal_gpio.o(i.HAL_GPIO_WritePin) for HAL_GPIO_WritePin
    main.o(i.MX_GPIO_Init) refers to stm32f7xx_hal_gpio.o(i.HAL_GPIO_Init) for HAL_GPIO_Init
    main.o(i.MX_SPI2_Init) refers to stm32f7xx_hal_spi.o(i.HAL_SPI_Init) for HAL_SPI_Init
    main.o(i.MX_SPI2_Init) refers to main.o(.bss) for .bss
    main.o(i.MX_SPI3_Init) refers to stm32f7xx_hal_spi.o(i.HAL_SPI_Init) for HAL_SPI_Init
    main.o(i.MX_SPI3_Init) refers to main.o(.bss) for .bss
    main.o(i.MX_SPI4_Init) refers to stm32f7xx_hal_spi.o(i.HAL_SPI_Init) for HAL_SPI_Init
    main.o(i.MX_SPI4_Init) refers to main.o(.bss) for .bss
    main.o(i.MX_SPI5_Init) refers to stm32f7xx_hal_spi.o(i.HAL_SPI_Init) for HAL_SPI_Init
    main.o(i.MX_SPI5_Init) refers to main.o(.bss) for .bss
    main.o(i.MX_SPI6_Init) refers to stm32f7xx_hal_spi.o(i.HAL_SPI_Init) for HAL_SPI_Init
    main.o(i.MX_SPI6_Init) refers to main.o(.bss) for .bss
    main.o(i.MX_UART4_Init) refers to stm32f7xx_hal_uart.o(i.HAL_UART_Init) for HAL_UART_Init
    main.o(i.MX_UART4_Init) refers to main.o(.bss) for .bss
    main.o(i.MX_UART8_Init) refers to stm32f7xx_hal_uart.o(i.HAL_UART_Init) for HAL_UART_Init
    main.o(i.MX_UART8_Init) refers to main.o(.bss) for .bss
    main.o(i.SystemClock_Config) refers to memseta.o(.text) for __aeabi_memclr4
    main.o(i.SystemClock_Config) refers to stm32f7xx_hal_rcc.o(i.HAL_RCC_OscConfig) for HAL_RCC_OscConfig
    main.o(i.SystemClock_Config) refers to stm32f7xx_hal_rcc.o(i.HAL_RCC_ClockConfig) for HAL_RCC_ClockConfig
    main.o(i.SystemClock_Config) refers to stm32f7xx_hal_rcc_ex.o(i.HAL_RCCEx_PeriphCLKConfig) for HAL_RCCEx_PeriphCLKConfig
    main.o(i.led_blinky) refers to stm32f7xx_hal_gpio.o(i.HAL_GPIO_WritePin) for HAL_GPIO_WritePin
    main.o(i.led_blinky) refers to stm32f7xx_hal.o(i.HAL_Delay) for HAL_Delay
    main.o(i.main) refers to stm32f7xx_hal.o(i.HAL_Init) for HAL_Init
    main.o(i.main) refers to main.o(i.SystemClock_Config) for SystemClock_Config
    main.o(i.main) refers to main.o(i.MX_UART4_Init) for MX_UART4_Init
    main.o(i.main) refers to stm32f7xx_hal_msp.o(i.HAL_UART_MspInit) for HAL_UART_MspInit
    main.o(i.main) refers to stm32f7xx_hal_gpio.o(i.HAL_GPIO_Init) for HAL_GPIO_Init
    main.o(i.main) refers to main.o(i.MX_GPIO_Init) for MX_GPIO_Init
    main.o(i.main) refers to main.o(i.MX_ADC1_Init) for MX_ADC1_Init
    main.o(i.main) refers to main.o(i.MX_SPI2_Init) for MX_SPI2_Init
    main.o(i.main) refers to main.o(i.MX_SPI3_Init) for MX_SPI3_Init
    main.o(i.main) refers to main.o(i.MX_SPI4_Init) for MX_SPI4_Init
    main.o(i.main) refers to main.o(i.MX_SPI5_Init) for MX_SPI5_Init
    main.o(i.main) refers to main.o(i.MX_SPI6_Init) for MX_SPI6_Init
    main.o(i.main) refers to main.o(i.MX_UART8_Init) for MX_UART8_Init
    main.o(i.main) refers to main.o(i.led_blinky) for led_blinky
    main.o(i.main) refers to main.o(.bss) for .bss
    stm32f7xx_it.o(i.SysTick_Handler) refers to stm32f7xx_hal.o(i.HAL_IncTick) for HAL_IncTick
[...]
    stm32f7xx_hal_uart.o(i.UART_CheckIdleState) refers to stm32f7xx_hal.o(i.HAL_GetTick) for HAL_GetTick
    stm32f7xx_hal_uart.o(i.UART_CheckIdleState) refers to stm32f7xx_hal_uart.o(i.UART_WaitOnFlagUntilTimeout) for UART_WaitOnFlagUntilTimeout
    stm32f7xx_hal_uart.o(i.UART_DMAAbortOnError) refers to stm32f7xx_hal_uart.o(i.HAL_UART_ErrorCallback) for HAL_UART_ErrorCallback
    stm32f7xx_hal_uart.o(i.UART_DMAError) refers to stm32f7xx_hal_uart.o(i.UART_EndTxTransfer) for UART_EndTxTransfer
    stm32f7xx_hal_uart.o(i.UART_DMAError) refers to stm32f7xx_hal_uart.o(i.UART_EndRxTransfer) for UART_EndRxTransfer
    stm32f7xx_hal_uart.o(i.UART_DMAError) refers to stm32f7xx_hal_uart.o(i.HAL_UART_ErrorCallback) for HAL_UART_ErrorCallback
    stm32f7xx_hal_uart.o(i.UART_DMAReceiveCplt) refers to stm32f7xx_hal_uart.o(i.HAL_UART_RxCpltCallback) for HAL_UART_RxCpltCallback
    stm32f7xx_hal_uart.o(i.UART_DMARxAbortCallback) refers to stm32f7xx_hal_uart.o(i.HAL_UART_AbortCpltCallback) for HAL_UART_AbortCpltCallback
    stm32f7xx_hal_uart.o(i.UART_DMARxHalfCplt) refers to stm32f7xx_hal_uart.o(i.HAL_UART_RxHalfCpltCallback) for HAL_UART_RxHalfCpltCallback
    stm32f7xx_hal_uart.o(i.UART_DMARxOnlyAbortCallback) refers to stm32f7xx_hal_uart.o(i.HAL_UART_AbortReceiveCpltCallback) for HAL_UART_AbortReceiveCpltCallback
    stm32f7xx_hal_uart.o(i.UART_DMATransmitCplt) refers to stm32f7xx_hal_uart.o(i.HAL_UART_TxCpltCallback) for HAL_UART_TxCpltCallback
    stm32f7xx_hal_uart.o(i.UART_DMATxAbortCallback) refers to stm32f7xx_hal_uart.o(i.HAL_UART_AbortCpltCallback) for HAL_UART_AbortCpltCallback
    stm32f7xx_hal_uart.o(i.UART_DMATxHalfCplt) refers to stm32f7xx_hal_uart.o(i.HAL_UART_TxHalfCpltCallback) for HAL_UART_TxHalfCpltCallback
    stm32f7xx_hal_uart.o(i.UART_DMATxOnlyAbortCallback) refers to stm32f7xx_hal_uart.o(i.HAL_UART_AbortTransmitCpltCallback) for HAL_UART_AbortTransmitCpltCallback
    stm32f7xx_hal_uart.o(i.UART_RxISR_16BIT) refers to stm32f7xx_hal_uart.o(i.HAL_UART_RxCpltCallback) for HAL_UART_RxCpltCallback
    stm32f7xx_hal_uart.o(i.UART_RxISR_8BIT) refers to stm32f7xx_hal_uart.o(i.HAL_UART_RxCpltCallback) for HAL_UART_RxCpltCallback
    stm32f7xx_hal_uart.o(i.UART_SetConfig) refers to stm32f7xx_hal_rcc.o(i.HAL_RCC_GetPCLK1Freq) for HAL_RCC_GetPCLK1Freq
    stm32f7xx_hal_uart.o(i.UART_SetConfig) refers to stm32f7xx_hal_rcc.o(i.HAL_RCC_GetPCLK2Freq) for HAL_RCC_GetPCLK2Freq
    stm32f7xx_hal_uart.o(i.UART_SetConfig) refers to stm32f7xx_hal_rcc.o(i.HAL_RCC_GetSysClockFreq) for HAL_RCC_GetSysClockFreq
    stm32f7xx_hal_uart.o(i.UART_WaitOnFlagUntilTimeout) refers to stm32f7xx_hal.o(i.HAL_GetTick) for HAL_GetTick
    stm32f7xx_hal_uart_ex.o(i.HAL_MultiProcessorEx_AddressLength_Set) refers to stm32f7xx_hal_uart.o(i.UART_CheckIdleState) for UART_CheckIdleState
    stm32f7xx_hal_uart_ex.o(i.HAL_RS485Ex_Init) refers to stm32f7xx_hal_msp.o(i.HAL_UART_MspInit) for HAL_UART_MspInit
    stm32f7xx_hal_uart_ex.o(i.HAL_RS485Ex_Init) refers to stm32f7xx_hal_uart.o(i.UART_SetConfig) for UART_SetConfig
    stm32f7xx_hal_uart_ex.o(i.HAL_RS485Ex_Init) refers to stm32f7xx_hal_uart.o(i.UART_AdvFeatureConfig) for UART_AdvFeatureConfig
    stm32f7xx_hal_uart_ex.o(i.HAL_RS485Ex_Init) refers to stm32f7xx_hal_uart.o(i.UART_CheckIdleState) for UART_CheckIdleState
    stm32f7xx_hal_uart_ex.o(i.HAL_UARTEx_StopModeWakeUpSourceConfig) refers to stm32f7xx_hal.o(i.HAL_GetTick) for HAL_GetTick
    stm32f7xx_hal_uart_ex.o(i.HAL_UARTEx_StopModeWakeUpSourceConfig) refers to stm32f7xx_hal_uart.o(i.UART_WaitOnFlagUntilTimeout) for UART_WaitOnFlagUntilTimeout
    system_stm32f7xx.o(i.SystemCoreClockUpdate) refers to system_stm32f7xx.o(.data) for .data
    system_stm32f7xx.o(i.SystemCoreClockUpdate) refers to system_stm32f7xx.o(.constdata) for .constdata
    entry.o(.ARM.Collect$$$$00000000) refers (Special) to entry10a.o(.ARM.Collect$$$$0000000D) for __rt_final_cpp
    entry.o(.ARM.Collect$$$$00000000) refers (Special) to entry11a.o(.ARM.Collect$$$$0000000F) for __rt_final_exit
    entry.o(.ARM.Collect$$$$00000000) refers (Special) to entry7b.o(.ARM.Collect$$$$00000008) for _main_clock
    entry.o(.ARM.Collect$$$$00000000) refers (Special) to entry8b.o(.ARM.Collect$$$$0000000A) for _main_cpp_init
    entry.o(.ARM.Collect$$$$00000000) refers (Special) to entry9a.o(.ARM.Collect$$$$0000000B) for _main_init
    entry.o(.ARM.Collect$$$$00000000) refers (Special) to entry5.o(.ARM.Collect$$$$00000004) for _main_scatterload
    entry.o(.ARM.Collect$$$$00000000) refers (Special) to entry2.o(.ARM.Collect$$$$00000001) for _main_stk
    uldiv.o(.text) refers to llushr.o(.text) for __aeabi_llsr
    uldiv.o(.text) refers to llshl.o(.text) for __aeabi_llsl
    entry2.o(.ARM.Collect$$$$00000001) refers to entry2.o(.ARM.Collect$$$$00002712) for __lit__00000000
    entry2.o(.ARM.Collect$$$$00002712) refers to startup_stm32f779xx.o(STACK) for __initial_sp
    entry2.o(__vectab_stack_and_reset_area) refers to startup_stm32f779xx.o(STACK) for __initial_sp
    entry2.o(__vectab_stack_and_reset_area) refers to entry.o(.ARM.Collect$$$$00000000) for __main
    entry5.o(.ARM.Collect$$$$00000004) refers to init.o(.text) for __scatterload
    entry9a.o(.ARM.Collect$$$$0000000B) refers to main.o(i.main) for main
    entry9b.o(.ARM.Collect$$$$0000000C) refers to main.o(i.main) for main
    init.o(.text) refers to entry5.o(.ARM.Collect$$$$00000004) for __main_after_scatterload


==============================================================================

Removing Unused input sections from the image.

    Removing startup_stm32f779xx.o(HEAP), (512 bytes).
    Removing main.o(.rev16_text), (4 bytes).
    Removing main.o(.revsh_text), (4 bytes).
    Removing main.o(.rrx_text), (6 bytes).
    Removing main.o(i.Error_Handler), (2 bytes).
    Removing main.o(.data), (1 bytes).
    Removing stm32f7xx_it.o(.rev16_text), (4 bytes).
    Removing stm32f7xx_it.o(.revsh_text), (4 bytes).
    Removing stm32f7xx_it.o(.rrx_text), (6 bytes).
    Removing stm32f7xx_hal_msp.o(.rev16_text), (4 bytes).
    Removing stm32f7xx_hal_msp.o(.revsh_text), (4 bytes).
    Removing stm32f7xx_hal_msp.o(.rrx_text), (6 bytes).
    Removing stm32f7xx_hal_msp.o(i.HAL_ADC_MspDeInit), (60 bytes).
    Removing stm32f7xx_hal_msp.o(i.HAL_SPI_MspDeInit), (172 bytes).
    Removing stm32f7xx_hal_msp.o(i.HAL_UART_MspDeInit), (100 bytes).
    Removing stm32f7xx_hal_adc.o(.rev16_text), (4 bytes).
    Removing stm32f7xx_hal_adc.o(.revsh_text), (4 bytes).
    Removing stm32f7xx_hal_adc.o(.rrx_text), (6 bytes).
    Removing stm32f7xx_hal_adc.o(i.ADC_DMAConvCplt), (110 bytes).
    Removing stm32f7xx_hal_adc.o(i.ADC_DMAError), (22 bytes).
    Removing stm32f7xx_hal_adc.o(i.ADC_DMAHalfConvCplt), (10 bytes).
    Removing stm32f7xx_hal_adc.o(i.HAL_ADC_AnalogWDGConfig), (112 bytes).
    Removing stm32f7xx_hal_adc.o(i.HAL_ADC_ConvCpltCallback), (2 bytes).
    Removing stm32f7xx_hal_adc.o(i.HAL_ADC_ConvHalfCpltCallback), (2 bytes).
    Removing stm32f7xx_hal_adc.o(i.HAL_ADC_DeInit), (58 bytes).
    Removing stm32f7xx_hal_adc.o(i.HAL_ADC_ErrorCallback), (2 bytes).
    Removing stm32f7xx_hal_adc.o(i.HAL_ADC_GetError), (4 bytes).
    Removing stm32f7xx_hal_adc.o(i.HAL_ADC_GetState), (4 bytes).
    Removing stm32f7xx_hal_adc.o(i.HAL_ADC_GetValue), (6 bytes).
    Removing stm32f7xx_hal_adc.o(i.HAL_ADC_IRQHandler), (316 bytes).
    Removing stm32f7xx_hal_adc.o(i.HAL_ADC_LevelOutOfWindowCallback), (2 bytes).
    Removing stm32f7xx_hal_adc.o(i.HAL_ADC_MspDeInit), (2 bytes).
    Removing stm32f7xx_hal_adc.o(i.HAL_ADC_MspInit), (2 bytes).
    Removing stm32f7xx_hal_adc.o(i.HAL_ADC_PollForConversion), (160 bytes).
    Removing stm32f7xx_hal_adc.o(i.HAL_ADC_PollForEvent), (108 bytes).
    Removing stm32f7xx_hal_adc.o(i.HAL_ADC_Start), (224 bytes).
    Removing stm32f7xx_hal_adc.o(i.HAL_ADC_Start_DMA), (288 bytes).
    Removing stm32f7xx_hal_adc.o(i.HAL_ADC_Start_IT), (240 bytes).
    Removing stm32f7xx_hal_adc.o(i.HAL_ADC_Stop), (60 bytes).
    Removing stm32f7xx_hal_adc.o(i.HAL_ADC_Stop_DMA), (88 bytes).
    Removing stm32f7xx_hal_adc.o(i.HAL_ADC_Stop_IT), (72 bytes).
    Removing stm32f7xx_hal_adc_ex.o(.rev16_text), (4 bytes).
    Removing stm32f7xx_hal_adc_ex.o(.revsh_text), (4 bytes).
    Removing stm32f7xx_hal_adc_ex.o(.rrx_text), (6 bytes).
    Removing stm32f7xx_hal_adc_ex.o(i.ADC_MultiModeDMAConvCplt), (90 bytes).
    Removing stm32f7xx_hal_adc_ex.o(i.ADC_MultiModeDMAError), (18 bytes).
    Removing stm32f7xx_hal_adc_ex.o(i.ADC_MultiModeDMAHalfConvCplt), (6 bytes).
    Removing stm32f7xx_hal_adc_ex.o(i.HAL_ADCEx_InjectedConfigChannel), (452 bytes).
    Removing stm32f7xx_hal_adc_ex.o(i.HAL_ADCEx_InjectedConvCpltCallback), (2 bytes).
    Removing stm32f7xx_hal_adc_ex.o(i.HAL_ADCEx_InjectedGetValue), (62 bytes).
    Removing stm32f7xx_hal_adc_ex.o(i.HAL_ADCEx_InjectedPollForConversion), (136 bytes).
    Removing stm32f7xx_hal_adc_ex.o(i.HAL_ADCEx_InjectedStart), (204 bytes).
    Removing stm32f7xx_hal_adc_ex.o(i.HAL_ADCEx_InjectedStart_IT), (220 bytes).
    Removing stm32f7xx_hal_adc_ex.o(i.HAL_ADCEx_InjectedStop), (84 bytes).
    Removing stm32f7xx_hal_adc_ex.o(i.HAL_ADCEx_InjectedStop_IT), (92 bytes).
    Removing stm32f7xx_hal_adc_ex.o(i.HAL_ADCEx_MultiModeConfigChannel), (108 bytes).
    Removing stm32f7xx_hal_adc_ex.o(i.HAL_ADCEx_MultiModeGetValue), (12 bytes).
    Removing stm32f7xx_hal_adc_ex.o(i.HAL_ADCEx_MultiModeStart_DMA), (256 bytes).
    Removing stm32f7xx_hal_adc_ex.o(i.HAL_ADCEx_MultiModeStop_DMA), (100 bytes).
    Removing stm32f7xx_hal_rcc.o(.rev16_text), (4 bytes).
    Removing stm32f7xx_hal_rcc.o(.revsh_text), (4 bytes).
    Removing stm32f7xx_hal_rcc.o(.rrx_text), (6 bytes).
    Removing stm32f7xx_hal_rcc.o(i.HAL_RCC_CSSCallback), (2 bytes).
    Removing stm32f7xx_hal_rcc.o(i.HAL_RCC_DeInit), (328 bytes).
    Removing stm32f7xx_hal_rcc.o(i.HAL_RCC_DisableCSS), (16 bytes).
    Removing stm32f7xx_hal_rcc.o(i.HAL_RCC_EnableCSS), (16 bytes).
    Removing stm32f7xx_hal_rcc.o(i.HAL_RCC_GetClockConfig), (64 bytes).
    Removing stm32f7xx_hal_rcc.o(i.HAL_RCC_GetHCLKFreq), (12 bytes).
    Removing stm32f7xx_hal_rcc.o(i.HAL_RCC_GetOscConfig), (196 bytes).
    Removing stm32f7xx_hal_rcc.o(i.HAL_RCC_MCOConfig), (148 bytes).
    Removing stm32f7xx_hal_rcc.o(i.HAL_RCC_NMI_IRQHandler), (28 bytes).
    Removing stm32f7xx_hal_rcc_ex.o(.rev16_text), (4 bytes).
    Removing stm32f7xx_hal_rcc_ex.o(.revsh_text), (4 bytes).
    Removing stm32f7xx_hal_rcc_ex.o(.rrx_text), (6 bytes).
    Removing stm32f7xx_hal_rcc_ex.o(i.HAL_RCCEx_DisablePLLI2S), (48 bytes).
    Removing stm32f7xx_hal_rcc_ex.o(i.HAL_RCCEx_DisablePLLSAI), (52 bytes).
    Removing stm32f7xx_hal_rcc_ex.o(i.HAL_RCCEx_EnablePLLI2S), (112 bytes).
    Removing stm32f7xx_hal_rcc_ex.o(i.HAL_RCCEx_EnablePLLSAI), (120 bytes).
    Removing stm32f7xx_hal_rcc_ex.o(i.HAL_RCCEx_GetPeriphCLKConfig), (336 bytes).
    Removing stm32f7xx_hal_rcc_ex.o(i.HAL_RCCEx_GetPeriphCLKFreq), (272 bytes).
    Removing stm32f7xx_hal_flash.o(.rev16_text), (4 bytes).
    Removing stm32f7xx_hal_flash.o(.revsh_text), (4 bytes).
    Removing stm32f7xx_hal_flash.o(.rrx_text), (6 bytes).
    Removing stm32f7xx_hal_flash.o(i.FLASH_Program_Byte), (36 bytes).
    Removing stm32f7xx_hal_flash.o(i.FLASH_Program_DoubleWord), (44 bytes).
    Removing stm32f7xx_hal_flash.o(i.FLASH_Program_HalfWord), (40 bytes).
    Removing stm32f7xx_hal_flash.o(i.FLASH_Program_Word), (40 bytes).
    Removing stm32f7xx_hal_flash.o(i.FLASH_SetErrorCode), (88 bytes).
    Removing stm32f7xx_hal_flash.o(i.FLASH_WaitForLastOperation), (84 bytes).
    Removing stm32f7xx_hal_flash.o(i.HAL_FLASH_EndOfOperationCallback), (2 bytes).
    Removing stm32f7xx_hal_flash.o(i.HAL_FLASH_GetError), (12 bytes).
    Removing stm32f7xx_hal_flash.o(i.HAL_FLASH_IRQHandler), (248 bytes).
    Removing stm32f7xx_hal_flash.o(i.HAL_FLASH_Lock), (20 bytes).
    Removing stm32f7xx_hal_flash.o(i.HAL_FLASH_OB_Launch), (24 bytes).
    Removing stm32f7xx_hal_flash.o(i.HAL_FLASH_OB_Lock), (20 bytes).
    Removing stm32f7xx_hal_flash.o(i.HAL_FLASH_OB_Unlock), (40 bytes).
    Removing stm32f7xx_hal_flash.o(i.HAL_FLASH_OperationErrorCallback), (2 bytes).
    Removing stm32f7xx_hal_flash.o(i.HAL_FLASH_Program), (132 bytes).
    Removing stm32f7xx_hal_flash.o(i.HAL_FLASH_Program_IT), (132 bytes).
    Removing stm32f7xx_hal_flash.o(i.HAL_FLASH_Unlock), (48 bytes).
    Removing stm32f7xx_hal_flash.o(.bss), (28 bytes).
    Removing stm32f7xx_hal_flash_ex.o(.rev16_text), (4 bytes).
    Removing stm32f7xx_hal_flash_ex.o(.revsh_text), (4 bytes).
    Removing stm32f7xx_hal_flash_ex.o(.rrx_text), (6 bytes).
    Removing stm32f7xx_hal_flash_ex.o(i.FLASH_Erase_Sector), (92 bytes).
    Removing stm32f7xx_hal_flash_ex.o(i.FLASH_MassErase), (68 bytes).
    Removing stm32f7xx_hal_flash_ex.o(i.FLASH_OB_BootAddressConfig), (48 bytes).
    Removing stm32f7xx_hal_flash_ex.o(i.FLASH_OB_GetBootAddress), (20 bytes).
    Removing stm32f7xx_hal_flash_ex.o(i.HAL_FLASHEx_Erase), (144 bytes).
    Removing stm32f7xx_hal_flash_ex.o(i.HAL_FLASHEx_Erase_IT), (104 bytes).
    Removing stm32f7xx_hal_flash_ex.o(i.HAL_FLASHEx_OBGetConfig), (84 bytes).
    Removing stm32f7xx_hal_flash_ex.o(i.HAL_FLASHEx_OBProgram), (256 bytes).
    Removing stm32f7xx_hal_gpio.o(.rev16_text), (4 bytes).
    Removing stm32f7xx_hal_gpio.o(.revsh_text), (4 bytes).
    Removing stm32f7xx_hal_gpio.o(.rrx_text), (6 bytes).
    Removing stm32f7xx_hal_gpio.o(i.HAL_GPIO_DeInit), (352 bytes).
    Removing stm32f7xx_hal_gpio.o(i.HAL_GPIO_EXTI_Callback), (2 bytes).
    Removing stm32f7xx_hal_gpio.o(i.HAL_GPIO_EXTI_IRQHandler), (24 bytes).
    Removing stm32f7xx_hal_gpio.o(i.HAL_GPIO_LockPin), (34 bytes).
    Removing stm32f7xx_hal_gpio.o(i.HAL_GPIO_ReadPin), (10 bytes).
    Removing stm32f7xx_hal_gpio.o(i.HAL_GPIO_TogglePin), (12 bytes).
    Removing stm32f7xx_hal_dma.o(.rev16_text), (4 bytes).
    Removing stm32f7xx_hal_dma.o(.revsh_text), (4 bytes).
    Removing stm32f7xx_hal_dma.o(.rrx_text), (6 bytes).
    Removing stm32f7xx_hal_dma.o(i.DMA_CalcBaseAndBitshift), (40 bytes).
    Removing stm32f7xx_hal_dma.o(i.DMA_CheckFifoParam), (84 bytes).
    Removing stm32f7xx_hal_dma.o(i.DMA_SetConfig), (40 bytes).
    Removing stm32f7xx_hal_dma.o(i.HAL_DMA_Abort), (146 bytes).
    Removing stm32f7xx_hal_dma.o(i.HAL_DMA_DeInit), (98 bytes).
    Removing stm32f7xx_hal_dma.o(i.HAL_DMA_GetError), (4 bytes).
    Removing stm32f7xx_hal_dma.o(i.HAL_DMA_GetState), (6 bytes).
    Removing stm32f7xx_hal_dma.o(i.HAL_DMA_IRQHandler), (416 bytes).
    Removing stm32f7xx_hal_dma.o(i.HAL_DMA_Init), (228 bytes).
    Removing stm32f7xx_hal_dma.o(i.HAL_DMA_PollForTransfer), (292 bytes).
    Removing stm32f7xx_hal_dma.o(i.HAL_DMA_RegisterCallback), (80 bytes).
    Removing stm32f7xx_hal_dma.o(i.HAL_DMA_Start), (74 bytes).
    Removing stm32f7xx_hal_dma.o(i.HAL_DMA_Start_IT), (122 bytes).
    Removing stm32f7xx_hal_dma.o(i.HAL_DMA_UnRegisterCallback), (96 bytes).
    Removing stm32f7xx_hal_dma.o(.constdata), (8 bytes).
    Removing stm32f7xx_hal_dma_ex.o(.rev16_text), (4 bytes).
    Removing stm32f7xx_hal_dma_ex.o(.revsh_text), (4 bytes).
    Removing stm32f7xx_hal_dma_ex.o(.rrx_text), (6 bytes).
    Removing stm32f7xx_hal_dma_ex.o(i.DMA_MultiBufferSetConfig), (30 bytes).
    Removing stm32f7xx_hal_dma_ex.o(i.HAL_DMAEx_ChangeMemory), (14 bytes).
    Removing stm32f7xx_hal_dma_ex.o(i.HAL_DMAEx_MultiBufferStart), (100 bytes).
    Removing stm32f7xx_hal_dma_ex.o(i.HAL_DMAEx_MultiBufferStart_IT), (2428 bytes).
    Removing stm32f7xx_hal_pwr.o(.rev16_text), (4 bytes).
    Removing stm32f7xx_hal_pwr.o(.revsh_text), (4 bytes).
    Removing stm32f7xx_hal_pwr.o(.rrx_text), (6 bytes).
    Removing stm32f7xx_hal_pwr.o(i.HAL_PWR_ConfigPVD), (124 bytes).
    Removing stm32f7xx_hal_pwr.o(i.HAL_PWR_DeInit), (24 bytes).
    Removing stm32f7xx_hal_pwr.o(i.HAL_PWR_DisableBkUpAccess), (16 bytes).
    Removing stm32f7xx_hal_pwr.o(i.HAL_PWR_DisablePVD), (16 bytes).
    Removing stm32f7xx_hal_pwr.o(i.HAL_PWR_DisableSEVOnPend), (16 bytes).
    Removing stm32f7xx_hal_pwr.o(i.HAL_PWR_DisableSleepOnExit), (16 bytes).
    Removing stm32f7xx_hal_pwr.o(i.HAL_PWR_DisableWakeUpPin), (16 bytes).
    Removing stm32f7xx_hal_pwr.o(i.HAL_PWR_EnableBkUpAccess), (16 bytes).
    Removing stm32f7xx_hal_pwr.o(i.HAL_PWR_EnablePVD), (16 bytes).
    Removing stm32f7xx_hal_pwr.o(i.HAL_PWR_EnableSEVOnPend), (16 bytes).
    Removing stm32f7xx_hal_pwr.o(i.HAL_PWR_EnableSleepOnExit), (16 bytes).
    Removing stm32f7xx_hal_pwr.o(i.HAL_PWR_EnableWakeUpPin), (28 bytes).
    Removing stm32f7xx_hal_pwr.o(i.HAL_PWR_EnterSLEEPMode), (40 bytes).
    Removing stm32f7xx_hal_pwr.o(i.HAL_PWR_EnterSTANDBYMode), (32 bytes).
    Removing stm32f7xx_hal_pwr.o(i.HAL_PWR_EnterSTOPMode), (64 bytes).
    Removing stm32f7xx_hal_pwr.o(i.HAL_PWR_PVDCallback), (2 bytes).
    Removing stm32f7xx_hal_pwr.o(i.HAL_PWR_PVD_IRQHandler), (28 bytes).
    Removing stm32f7xx_hal_pwr_ex.o(.rev16_text), (4 bytes).
    Removing stm32f7xx_hal_pwr_ex.o(.revsh_text), (4 bytes).
    Removing stm32f7xx_hal_pwr_ex.o(.rrx_text), (6 bytes).
    Removing stm32f7xx_hal_pwr_ex.o(i.HAL_PWREx_ControlVoltageScaling), (176 bytes).
    Removing stm32f7xx_hal_pwr_ex.o(i.HAL_PWREx_DisableBkUpReg), (64 bytes).
    Removing stm32f7xx_hal_pwr_ex.o(i.HAL_PWREx_DisableFlashPowerDown), (16 bytes).
    Removing stm32f7xx_hal_pwr_ex.o(i.HAL_PWREx_DisableLowRegulatorLowVoltage), (16 bytes).
    Removing stm32f7xx_hal_pwr_ex.o(i.HAL_PWREx_DisableMainRegulatorLowVoltage), (16 bytes).
    Removing stm32f7xx_hal_pwr_ex.o(i.HAL_PWREx_DisableOverDrive), (108 bytes).
    Removing stm32f7xx_hal_pwr_ex.o(i.HAL_PWREx_EnableBkUpReg), (64 bytes).
    Removing stm32f7xx_hal_pwr_ex.o(i.HAL_PWREx_EnableFlashPowerDown), (16 bytes).
    Removing stm32f7xx_hal_pwr_ex.o(i.HAL_PWREx_EnableLowRegulatorLowVoltage), (16 bytes).
    Removing stm32f7xx_hal_pwr_ex.o(i.HAL_PWREx_EnableMainRegulatorLowVoltage), (16 bytes).
    Removing stm32f7xx_hal_pwr_ex.o(i.HAL_PWREx_EnableOverDrive), (108 bytes).
    Removing stm32f7xx_hal_pwr_ex.o(i.HAL_PWREx_EnterUnderDriveSTOPMode), (144 bytes).
    Removing stm32f7xx_hal_pwr_ex.o(i.HAL_PWREx_GetVoltageRange), (16 bytes).
    Removing stm32f7xx_hal_cortex.o(.rev16_text), (4 bytes).
    Removing stm32f7xx_hal_cortex.o(.revsh_text), (4 bytes).
    Removing stm32f7xx_hal_cortex.o(.rrx_text), (6 bytes).
    Removing stm32f7xx_hal_cortex.o(i.HAL_MPU_ConfigRegion), (92 bytes).
    Removing stm32f7xx_hal_cortex.o(i.HAL_MPU_Disable), (28 bytes).
    Removing stm32f7xx_hal_cortex.o(i.HAL_MPU_Enable), (36 bytes).
    Removing stm32f7xx_hal_cortex.o(i.HAL_NVIC_ClearPendingIRQ), (26 bytes).
    Removing stm32f7xx_hal_cortex.o(i.HAL_NVIC_DisableIRQ), (34 bytes).
    Removing stm32f7xx_hal_cortex.o(i.HAL_NVIC_GetActive), (36 bytes).
    Removing stm32f7xx_hal_cortex.o(i.HAL_NVIC_GetPendingIRQ), (36 bytes).
    Removing stm32f7xx_hal_cortex.o(i.HAL_NVIC_GetPriority), (82 bytes).
    Removing stm32f7xx_hal_cortex.o(i.HAL_NVIC_GetPriorityGrouping), (16 bytes).
    Removing stm32f7xx_hal_cortex.o(i.HAL_NVIC_SetPendingIRQ), (26 bytes).
    Removing stm32f7xx_hal_cortex.o(i.HAL_NVIC_SystemReset), (36 bytes).
    Removing stm32f7xx_hal_cortex.o(i.HAL_SYSTICK_CLKSourceConfig), (24 bytes).
    Removing stm32f7xx_hal_cortex.o(i.HAL_SYSTICK_Callback), (2 bytes).
    Removing stm32f7xx_hal_cortex.o(i.HAL_SYSTICK_IRQHandler), (8 bytes).
    Removing stm32f7xx_hal.o(.rev16_text), (4 bytes).
    Removing stm32f7xx_hal.o(.revsh_text), (4 bytes).
    Removing stm32f7xx_hal.o(.rrx_text), (6 bytes).
    Removing stm32f7xx_hal.o(i.HAL_DBGMCU_DisableDBGSleepMode), (16 bytes).
    Removing stm32f7xx_hal.o(i.HAL_DBGMCU_DisableDBGStandbyMode), (16 bytes).
    Removing stm32f7xx_hal.o(i.HAL_DBGMCU_DisableDBGStopMode), (16 bytes).
    Removing stm32f7xx_hal.o(i.HAL_DBGMCU_EnableDBGSleepMode), (16 bytes).
    Removing stm32f7xx_hal.o(i.HAL_DBGMCU_EnableDBGStandbyMode), (16 bytes).
    Removing stm32f7xx_hal.o(i.HAL_DBGMCU_EnableDBGStopMode), (16 bytes).
    Removing stm32f7xx_hal.o(i.HAL_DeInit), (52 bytes).
    Removing stm32f7xx_hal.o(i.HAL_DisableCompensationCell), (16 bytes).
    Removing stm32f7xx_hal.o(i.HAL_DisableFMCMemorySwapping), (16 bytes).
    Removing stm32f7xx_hal.o(i.HAL_DisableMemorySwappingBank), (16 bytes).
    Removing stm32f7xx_hal.o(i.HAL_EnableCompensationCell), (16 bytes).
    Removing stm32f7xx_hal.o(i.HAL_EnableFMCMemorySwapping), (16 bytes).
    Removing stm32f7xx_hal.o(i.HAL_EnableMemorySwappingBank), (16 bytes).
    Removing stm32f7xx_hal.o(i.HAL_GetDEVID), (16 bytes).
    Removing stm32f7xx_hal.o(i.HAL_GetHalVersion), (8 bytes).
    Removing stm32f7xx_hal.o(i.HAL_GetREVID), (12 bytes).
    Removing stm32f7xx_hal.o(i.HAL_GetTickFreq), (12 bytes).
    Removing stm32f7xx_hal.o(i.HAL_GetTickPrio), (12 bytes).
    Removing stm32f7xx_hal.o(i.HAL_GetUIDw0), (12 bytes).
    Removing stm32f7xx_hal.o(i.HAL_GetUIDw1), (12 bytes).
    Removing stm32f7xx_hal.o(i.HAL_GetUIDw2), (12 bytes).
    Removing stm32f7xx_hal.o(i.HAL_MspDeInit), (2 bytes).
    Removing stm32f7xx_hal.o(i.HAL_MspInit), (2 bytes).
    Removing stm32f7xx_hal.o(i.HAL_ResumeTick), (14 bytes).
    Removing stm32f7xx_hal.o(i.HAL_SetTickFreq), (36 bytes).
    Removing stm32f7xx_hal.o(i.HAL_SuspendTick), (14 bytes).
    Removing stm32f7xx_hal_i2c.o(.rev16_text), (4 bytes).
    Removing stm32f7xx_hal_i2c.o(.revsh_text), (4 bytes).
    Removing stm32f7xx_hal_i2c.o(.rrx_text), (6 bytes).
    Removing stm32f7xx_hal_i2c.o(i.HAL_I2C_AbortCpltCallback), (2 bytes).
    Removing stm32f7xx_hal_i2c.o(i.HAL_I2C_AddrCallback), (2 bytes).
    Removing stm32f7xx_hal_i2c.o(i.HAL_I2C_DeInit), (52 bytes).
    Removing stm32f7xx_hal_i2c.o(i.HAL_I2C_DisableListen_IT), (54 bytes).
    Removing stm32f7xx_hal_i2c.o(i.HAL_I2C_ER_IRQHandler), (104 bytes).
    Removing stm32f7xx_hal_i2c.o(i.HAL_I2C_EV_IRQHandler), (16 bytes).
    Removing stm32f7xx_hal_i2c.o(i.HAL_I2C_EnableListen_IT), (40 bytes).
    Removing stm32f7xx_hal_i2c.o(i.HAL_I2C_ErrorCallback), (2 bytes).
    Removing stm32f7xx_hal_i2c.o(i.HAL_I2C_GetError), (4 bytes).
    Removing stm32f7xx_hal_i2c.o(i.HAL_I2C_GetMode), (6 bytes).
    Removing stm32f7xx_hal_i2c.o(i.HAL_I2C_GetState), (6 bytes).
    Removing stm32f7xx_hal_i2c.o(i.HAL_I2C_Init), (184 bytes).
    Removing stm32f7xx_hal_i2c.o(i.HAL_I2C_IsDeviceReady), (304 bytes).
    Removing stm32f7xx_hal_i2c.o(i.HAL_I2C_ListenCpltCallback), (2 bytes).
    Removing stm32f7xx_hal_i2c.o(i.HAL_I2C_MasterRxCpltCallback), (2 bytes).
    Removing stm32f7xx_hal_i2c.o(i.HAL_I2C_MasterTxCpltCallback), (2 bytes).
    Removing stm32f7xx_hal_i2c.o(i.HAL_I2C_Master_Abort_IT), (96 bytes).
    Removing stm32f7xx_hal_i2c.o(i.HAL_I2C_Master_Receive), (292 bytes).
    Removing stm32f7xx_hal_i2c.o(i.HAL_I2C_Master_Receive_DMA), (300 bytes).
    Removing stm32f7xx_hal_i2c.o(i.HAL_I2C_Master_Receive_IT), (132 bytes).
    Removing stm32f7xx_hal_i2c.o(i.HAL_I2C_Master_Seq_Receive_DMA), (324 bytes).
    Removing stm32f7xx_hal_i2c.o(i.HAL_I2C_Master_Seq_Receive_IT), (160 bytes).
    Removing stm32f7xx_hal_i2c.o(i.HAL_I2C_Master_Seq_Transmit_DMA), (324 bytes).
    Removing stm32f7xx_hal_i2c.o(i.HAL_I2C_Master_Seq_Transmit_IT), (160 bytes).
    Removing stm32f7xx_hal_i2c.o(i.HAL_I2C_Master_Transmit), (292 bytes).
    Removing stm32f7xx_hal_i2c.o(i.HAL_I2C_Master_Transmit_DMA), (308 bytes).
    Removing stm32f7xx_hal_i2c.o(i.HAL_I2C_Master_Transmit_IT), (132 bytes).
    Removing stm32f7xx_hal_i2c.o(i.HAL_I2C_MemRxCpltCallback), (2 bytes).
    Removing stm32f7xx_hal_i2c.o(i.HAL_I2C_MemTxCpltCallback), (2 bytes).
    Removing stm32f7xx_hal_i2c.o(i.HAL_I2C_Mem_Read), (356 bytes).
    Removing stm32f7xx_hal_i2c.o(i.HAL_I2C_Mem_Read_DMA), (304 bytes).
    Removing stm32f7xx_hal_i2c.o(i.HAL_I2C_Mem_Read_IT), (196 bytes).
    Removing stm32f7xx_hal_i2c.o(i.HAL_I2C_Mem_Write), (344 bytes).
    Removing stm32f7xx_hal_i2c.o(i.HAL_I2C_Mem_Write_DMA), (296 bytes).
    Removing stm32f7xx_hal_i2c.o(i.HAL_I2C_Mem_Write_IT), (188 bytes).
    Removing stm32f7xx_hal_i2c.o(i.HAL_I2C_MspDeInit), (2 bytes).
    Removing stm32f7xx_hal_i2c.o(i.HAL_I2C_MspInit), (2 bytes).
    Removing stm32f7xx_hal_i2c.o(i.HAL_I2C_SlaveRxCpltCallback), (2 bytes).
    Removing stm32f7xx_hal_i2c.o(i.HAL_I2C_SlaveTxCpltCallback), (2 bytes).
    Removing stm32f7xx_hal_i2c.o(i.HAL_I2C_Slave_Receive), (296 bytes).
    Removing stm32f7xx_hal_i2c.o(i.HAL_I2C_Slave_Receive_DMA), (228 bytes).
    Removing stm32f7xx_hal_i2c.o(i.HAL_I2C_Slave_Receive_IT), (92 bytes).
    Removing stm32f7xx_hal_i2c.o(i.HAL_I2C_Slave_Seq_Receive_DMA), (356 bytes).
    Removing stm32f7xx_hal_i2c.o(i.HAL_I2C_Slave_Seq_Receive_IT), (196 bytes).
    Removing stm32f7xx_hal_i2c.o(i.HAL_I2C_Slave_Seq_Transmit_DMA), (356 bytes).
    Removing stm32f7xx_hal_i2c.o(i.HAL_I2C_Slave_Seq_Transmit_IT), (196 bytes).
    Removing stm32f7xx_hal_i2c.o(i.HAL_I2C_Slave_Transmit), (304 bytes).
    Removing stm32f7xx_hal_i2c.o(i.HAL_I2C_Slave_Transmit_DMA), (220 bytes).
    Removing stm32f7xx_hal_i2c.o(i.HAL_I2C_Slave_Transmit_IT), (92 bytes).
    Removing stm32f7xx_hal_i2c.o(i.I2C_ConvertOtherXferOptions), (26 bytes).
    Removing stm32f7xx_hal_i2c.o(i.I2C_DMAAbort), (40 bytes).
    Removing stm32f7xx_hal_i2c.o(i.I2C_DMAError), (66 bytes).
    Removing stm32f7xx_hal_i2c.o(i.I2C_DMAMasterReceiveCplt), (78 bytes).
    Removing stm32f7xx_hal_i2c.o(i.I2C_DMAMasterTransmitCplt), (78 bytes).
    Removing stm32f7xx_hal_i2c.o(i.I2C_DMASlaveReceiveCplt), (36 bytes).
    Removing stm32f7xx_hal_i2c.o(i.I2C_DMASlaveTransmitCplt), (30 bytes).
    Removing stm32f7xx_hal_i2c.o(i.I2C_Disable_IRQ), (86 bytes).
    Removing stm32f7xx_hal_i2c.o(i.I2C_Enable_IRQ), (92 bytes).
    Removing stm32f7xx_hal_i2c.o(i.I2C_Flush_TXDR), (34 bytes).
    Removing stm32f7xx_hal_i2c.o(i.I2C_ITAddrCplt), (136 bytes).
    Removing stm32f7xx_hal_i2c.o(i.I2C_ITError), (224 bytes).
    Removing stm32f7xx_hal_i2c.o(i.I2C_ITListenCplt), (100 bytes).
    Removing stm32f7xx_hal_i2c.o(i.I2C_ITMasterCplt), (188 bytes).
    Removing stm32f7xx_hal_i2c.o(i.I2C_ITMasterSeqCplt), (80 bytes).
    Removing stm32f7xx_hal_i2c.o(i.I2C_ITSlaveCplt), (240 bytes).
    Removing stm32f7xx_hal_i2c.o(i.I2C_ITSlaveSeqCplt), (84 bytes).
    Removing stm32f7xx_hal_i2c.o(i.I2C_IsAcknowledgeFailed), (136 bytes).
    Removing stm32f7xx_hal_i2c.o(i.I2C_Master_ISR_DMA), (272 bytes).
    Removing stm32f7xx_hal_i2c.o(i.I2C_Master_ISR_IT), (296 bytes).
    Removing stm32f7xx_hal_i2c.o(i.I2C_RequestMemoryRead), (100 bytes).
    Removing stm32f7xx_hal_i2c.o(i.I2C_RequestMemoryWrite), (100 bytes).
    Removing stm32f7xx_hal_i2c.o(i.I2C_Slave_ISR_DMA), (236 bytes).
    Removing stm32f7xx_hal_i2c.o(i.I2C_Slave_ISR_IT), (288 bytes).
    Removing stm32f7xx_hal_i2c.o(i.I2C_TransferConfig), (44 bytes).
    Removing stm32f7xx_hal_i2c.o(i.I2C_WaitOnFlagUntilTimeout), (90 bytes).
    Removing stm32f7xx_hal_i2c.o(i.I2C_WaitOnRXNEFlagUntilTimeout), (136 bytes).
    Removing stm32f7xx_hal_i2c.o(i.I2C_WaitOnSTOPFlagUntilTimeout), (78 bytes).
    Removing stm32f7xx_hal_i2c.o(i.I2C_WaitOnTXISFlagUntilTimeout), (82 bytes).
    Removing stm32f7xx_hal_i2c_ex.o(.rev16_text), (4 bytes).
    Removing stm32f7xx_hal_i2c_ex.o(.revsh_text), (4 bytes).
    Removing stm32f7xx_hal_i2c_ex.o(.rrx_text), (6 bytes).
    Removing stm32f7xx_hal_i2c_ex.o(i.HAL_I2CEx_ConfigAnalogFilter), (88 bytes).
    Removing stm32f7xx_hal_i2c_ex.o(i.HAL_I2CEx_ConfigDigitalFilter), (84 bytes).
    Removing stm32f7xx_hal_i2c_ex.o(i.HAL_I2CEx_DisableFastModePlus), (40 bytes).
    Removing stm32f7xx_hal_i2c_ex.o(i.HAL_I2CEx_EnableFastModePlus), (40 bytes).
    Removing stm32f7xx_hal_exti.o(.rev16_text), (4 bytes).
    Removing stm32f7xx_hal_exti.o(.revsh_text), (4 bytes).
    Removing stm32f7xx_hal_exti.o(.rrx_text), (6 bytes).
    Removing stm32f7xx_hal_exti.o(i.HAL_EXTI_ClearConfigLine), (108 bytes).
    Removing stm32f7xx_hal_exti.o(i.HAL_EXTI_ClearPending), (20 bytes).
    Removing stm32f7xx_hal_exti.o(i.HAL_EXTI_GenerateSWI), (20 bytes).
    Removing stm32f7xx_hal_exti.o(i.HAL_EXTI_GetConfigLine), (152 bytes).
    Removing stm32f7xx_hal_exti.o(i.HAL_EXTI_GetHandle), (12 bytes).
    Removing stm32f7xx_hal_exti.o(i.HAL_EXTI_GetPending), (24 bytes).
    Removing stm32f7xx_hal_exti.o(i.HAL_EXTI_IRQHandler), (40 bytes).
    Removing stm32f7xx_hal_exti.o(i.HAL_EXTI_RegisterCallback), (16 bytes).
    Removing stm32f7xx_hal_exti.o(i.HAL_EXTI_SetConfigLine), (164 bytes).
    Removing stm32f7xx_hal_spi.o(.rev16_text), (4 bytes).
    Removing stm32f7xx_hal_spi.o(.revsh_text), (4 bytes).
    Removing stm32f7xx_hal_spi.o(.rrx_text), (6 bytes).
    Removing stm32f7xx_hal_spi.o(i.HAL_SPI_Abort), (364 bytes).
    Removing stm32f7xx_hal_spi.o(i.HAL_SPI_AbortCpltCallback), (2 bytes).
    Removing stm32f7xx_hal_spi.o(i.HAL_SPI_Abort_IT), (292 bytes).
    Removing stm32f7xx_hal_spi.o(i.HAL_SPI_DMAPause), (38 bytes).
    Removing stm32f7xx_hal_spi.o(i.HAL_SPI_DMAResume), (38 bytes).
    Removing stm32f7xx_hal_spi.o(i.HAL_SPI_DMAStop), (66 bytes).
    Removing stm32f7xx_hal_spi.o(i.HAL_SPI_DeInit), (46 bytes).
    Removing stm32f7xx_hal_spi.o(i.HAL_SPI_ErrorCallback), (2 bytes).
    Removing stm32f7xx_hal_spi.o(i.HAL_SPI_GetError), (4 bytes).
    Removing stm32f7xx_hal_spi.o(i.HAL_SPI_GetState), (6 bytes).
    Removing stm32f7xx_hal_spi.o(i.HAL_SPI_IRQHandler), (252 bytes).
    Removing stm32f7xx_hal_spi.o(i.HAL_SPI_MspDeInit), (2 bytes).
    Removing stm32f7xx_hal_spi.o(i.HAL_SPI_MspInit), (2 bytes).
    Removing stm32f7xx_hal_spi.o(i.HAL_SPI_Receive), (386 bytes).
    Removing stm32f7xx_hal_spi.o(i.HAL_SPI_Receive_DMA), (340 bytes).
    Removing stm32f7xx_hal_spi.o(i.HAL_SPI_Receive_IT), (192 bytes).
    Removing stm32f7xx_hal_spi.o(i.HAL_SPI_RxCpltCallback), (2 bytes).
    Removing stm32f7xx_hal_spi.o(i.HAL_SPI_RxHalfCpltCallback), (2 bytes).
    Removing stm32f7xx_hal_spi.o(i.HAL_SPI_Transmit), (378 bytes).
    Removing stm32f7xx_hal_spi.o(i.HAL_SPI_TransmitReceive), (608 bytes).
    Removing stm32f7xx_hal_spi.o(i.HAL_SPI_TransmitReceive_DMA), (448 bytes).
    Removing stm32f7xx_hal_spi.o(i.HAL_SPI_TransmitReceive_IT), (196 bytes).
    Removing stm32f7xx_hal_spi.o(i.HAL_SPI_Transmit_DMA), (272 bytes).
    Removing stm32f7xx_hal_spi.o(i.HAL_SPI_Transmit_IT), (148 bytes).
    Removing stm32f7xx_hal_spi.o(i.HAL_SPI_TxCpltCallback), (2 bytes).
    Removing stm32f7xx_hal_spi.o(i.HAL_SPI_TxHalfCpltCallback), (2 bytes).
    Removing stm32f7xx_hal_spi.o(i.HAL_SPI_TxRxCpltCallback), (2 bytes).
    Removing stm32f7xx_hal_spi.o(i.HAL_SPI_TxRxHalfCpltCallback), (2 bytes).
    Removing stm32f7xx_hal_spi.o(i.SPI_2linesRxISR_16BIT), (54 bytes).
    Removing stm32f7xx_hal_spi.o(i.SPI_2linesRxISR_8BIT), (102 bytes).
    Removing stm32f7xx_hal_spi.o(i.SPI_2linesTxISR_16BIT), (50 bytes).
    Removing stm32f7xx_hal_spi.o(i.SPI_2linesTxISR_8BIT), (72 bytes).
    Removing stm32f7xx_hal_spi.o(i.SPI_AbortRx_ISR), (132 bytes).
    Removing stm32f7xx_hal_spi.o(i.SPI_AbortTx_ISR), (216 bytes).
    Removing stm32f7xx_hal_spi.o(i.SPI_CloseRxTx_ISR), (82 bytes).
    Removing stm32f7xx_hal_spi.o(i.SPI_CloseRx_ISR), (64 bytes).
    Removing stm32f7xx_hal_spi.o(i.SPI_CloseTx_ISR), (76 bytes).
    Removing stm32f7xx_hal_spi.o(i.SPI_DMAAbortOnError), (18 bytes).
    Removing stm32f7xx_hal_spi.o(i.SPI_DMAError), (34 bytes).
    Removing stm32f7xx_hal_spi.o(i.SPI_DMAHalfReceiveCplt), (10 bytes).
    Removing stm32f7xx_hal_spi.o(i.SPI_DMAHalfTransmitCplt), (10 bytes).
    Removing stm32f7xx_hal_spi.o(i.SPI_DMAHalfTransmitReceiveCplt), (10 bytes).
    Removing stm32f7xx_hal_spi.o(i.SPI_DMAReceiveCplt), (86 bytes).
    Removing stm32f7xx_hal_spi.o(i.SPI_DMARxAbortCallback), (128 bytes).
    Removing stm32f7xx_hal_spi.o(i.SPI_DMATransmitCplt), (100 bytes).
    Removing stm32f7xx_hal_spi.o(i.SPI_DMATransmitReceiveCplt), (92 bytes).
    Removing stm32f7xx_hal_spi.o(i.SPI_DMATxAbortCallback), (124 bytes).
    Removing stm32f7xx_hal_spi.o(i.SPI_EndRxTransaction), (116 bytes).
    Removing stm32f7xx_hal_spi.o(i.SPI_EndRxTxTransaction), (72 bytes).
    Removing stm32f7xx_hal_spi.o(i.SPI_RxISR_16BIT), (38 bytes).
    Removing stm32f7xx_hal_spi.o(i.SPI_RxISR_8BIT), (38 bytes).
    Removing stm32f7xx_hal_spi.o(i.SPI_TxISR_16BIT), (32 bytes).
    Removing stm32f7xx_hal_spi.o(i.SPI_TxISR_8BIT), (32 bytes).
    Removing stm32f7xx_hal_spi.o(i.SPI_WaitFifoStateUntilTimeout), (150 bytes).
    Removing stm32f7xx_hal_spi.o(i.SPI_WaitFlagStateUntilTimeout), (148 bytes).
    Removing stm32f7xx_hal_spi_ex.o(.rev16_text), (4 bytes).
    Removing stm32f7xx_hal_spi_ex.o(.revsh_text), (4 bytes).
    Removing stm32f7xx_hal_spi_ex.o(.rrx_text), (6 bytes).
    Removing stm32f7xx_hal_spi_ex.o(i.HAL_SPIEx_FlushRxFifo), (36 bytes).
    Removing stm32f7xx_hal_tim.o(.rev16_text), (4 bytes).
    Removing stm32f7xx_hal_tim.o(.revsh_text), (4 bytes).
    Removing stm32f7xx_hal_tim.o(.rrx_text), (6 bytes).
    Removing stm32f7xx_hal_tim_ex.o(.rev16_text), (4 bytes).
    Removing stm32f7xx_hal_tim_ex.o(.revsh_text), (4 bytes).
    Removing stm32f7xx_hal_tim_ex.o(.rrx_text), (6 bytes).
    Removing stm32f7xx_hal_uart.o(.rev16_text), (4 bytes).
    Removing stm32f7xx_hal_uart.o(.revsh_text), (4 bytes).
    Removing stm32f7xx_hal_uart.o(.rrx_text), (6 bytes).
    Removing stm32f7xx_hal_uart.o(i.HAL_HalfDuplex_EnableReceiver), (58 bytes).
    Removing stm32f7xx_hal_uart.o(i.HAL_HalfDuplex_EnableTransmitter), (58 bytes).
    Removing stm32f7xx_hal_uart.o(i.HAL_HalfDuplex_Init), (112 bytes).
    Removing stm32f7xx_hal_uart.o(i.HAL_LIN_Init), (136 bytes).
    Removing stm32f7xx_hal_uart.o(i.HAL_LIN_SendBreak), (48 bytes).
    Removing stm32f7xx_hal_uart.o(i.HAL_MultiProcessor_DisableMuteMode), (40 bytes).
    Removing stm32f7xx_hal_uart.o(i.HAL_MultiProcessor_EnableMuteMode), (40 bytes).
    Removing stm32f7xx_hal_uart.o(i.HAL_MultiProcessor_EnterMuteMode), (12 bytes).
    Removing stm32f7xx_hal_uart.o(i.HAL_MultiProcessor_Init), (134 bytes).
    Removing stm32f7xx_hal_uart.o(i.HAL_UART_Abort), (150 bytes).
    Removing stm32f7xx_hal_uart.o(i.HAL_UART_AbortCpltCallback), (2 bytes).
    Removing stm32f7xx_hal_uart.o(i.HAL_UART_AbortReceive), (102 bytes).
    Removing stm32f7xx_hal_uart.o(i.HAL_UART_AbortReceiveCpltCallback), (2 bytes).
    Removing stm32f7xx_hal_uart.o(i.HAL_UART_AbortReceive_IT), (116 bytes).
    Removing stm32f7xx_hal_uart.o(i.HAL_UART_AbortTransmit), (76 bytes).
    Removing stm32f7xx_hal_uart.o(i.HAL_UART_AbortTransmitCpltCallback), (2 bytes).
    Removing stm32f7xx_hal_uart.o(i.HAL_UART_AbortTransmit_IT), (80 bytes).
    Removing stm32f7xx_hal_uart.o(i.HAL_UART_Abort_IT), (192 bytes).
    Removing stm32f7xx_hal_uart.o(i.HAL_UART_DMAPause), (96 bytes).
    Removing stm32f7xx_hal_uart.o(i.HAL_UART_DMAResume), (88 bytes).
    Removing stm32f7xx_hal_uart.o(i.HAL_UART_DMAStop), (112 bytes).
    Removing stm32f7xx_hal_uart.o(i.HAL_UART_DeInit), (58 bytes).
    Removing stm32f7xx_hal_uart.o(i.HAL_UART_DisableReceiverTimeout), (54 bytes).
    Removing stm32f7xx_hal_uart.o(i.HAL_UART_EnableReceiverTimeout), (54 bytes).
    Removing stm32f7xx_hal_uart.o(i.HAL_UART_GetError), (4 bytes).
    Removing stm32f7xx_hal_uart.o(i.HAL_UART_GetState), (10 bytes).
    Removing stm32f7xx_hal_uart.o(i.HAL_UART_MspDeInit), (2 bytes).
    Removing stm32f7xx_hal_uart.o(i.HAL_UART_MspInit), (2 bytes).
    Removing stm32f7xx_hal_uart.o(i.HAL_UART_Receive), (238 bytes).
    Removing stm32f7xx_hal_uart.o(i.HAL_UART_Receive_DMA), (156 bytes).
    Removing stm32f7xx_hal_uart.o(i.HAL_UART_Receive_IT), (172 bytes).
    Removing stm32f7xx_hal_uart.o(i.HAL_UART_ReceiverTimeout_Config), (14 bytes).
    Removing stm32f7xx_hal_uart.o(i.HAL_UART_RxCpltCallback), (2 bytes).
    Removing stm32f7xx_hal_uart.o(i.HAL_UART_RxHalfCpltCallback), (2 bytes).
    Removing stm32f7xx_hal_uart.o(i.HAL_UART_Transmit), (184 bytes).
    Removing stm32f7xx_hal_uart.o(i.HAL_UART_Transmit_DMA), (148 bytes).
    Removing stm32f7xx_hal_uart.o(i.HAL_UART_Transmit_IT), (104 bytes).
    Removing stm32f7xx_hal_uart.o(i.HAL_UART_TxHalfCpltCallback), (2 bytes).
    Removing stm32f7xx_hal_uart.o(i.UART_DMAError), (70 bytes).
    Removing stm32f7xx_hal_uart.o(i.UART_DMAReceiveCplt), (58 bytes).
    Removing stm32f7xx_hal_uart.o(i.UART_DMARxAbortCallback), (58 bytes).
    Removing stm32f7xx_hal_uart.o(i.UART_DMARxHalfCplt), (10 bytes).
    Removing stm32f7xx_hal_uart.o(i.UART_DMARxOnlyAbortCallback), (36 bytes).
    Removing stm32f7xx_hal_uart.o(i.UART_DMATransmitCplt), (46 bytes).
    Removing stm32f7xx_hal_uart.o(i.UART_DMATxAbortCallback), (48 bytes).
    Removing stm32f7xx_hal_uart.o(i.UART_DMATxHalfCplt), (10 bytes).
    Removing stm32f7xx_hal_uart.o(i.UART_DMATxOnlyAbortCallback), (20 bytes).
    Removing stm32f7xx_hal_uart.o(i.UART_EndTxTransfer), (16 bytes).
    Removing stm32f7xx_hal_uart.o(i.UART_RxISR_16BIT), (90 bytes).
    Removing stm32f7xx_hal_uart.o(i.UART_RxISR_8BIT), (90 bytes).
    Removing stm32f7xx_hal_uart.o(i.UART_TxISR_16BIT), (64 bytes).
    Removing stm32f7xx_hal_uart.o(i.UART_TxISR_8BIT), (60 bytes).
    Removing stm32f7xx_hal_uart_ex.o(.rev16_text), (4 bytes).
    Removing stm32f7xx_hal_uart_ex.o(.revsh_text), (4 bytes).
    Removing stm32f7xx_hal_uart_ex.o(.rrx_text), (6 bytes).
    Removing stm32f7xx_hal_uart_ex.o(i.HAL_MultiProcessorEx_AddressLength_Set), (46 bytes).
    Removing stm32f7xx_hal_uart_ex.o(i.HAL_RS485Ex_Init), (136 bytes).
    Removing stm32f7xx_hal_uart_ex.o(i.HAL_UARTEx_DisableClockStopMode), (38 bytes).
    Removing stm32f7xx_hal_uart_ex.o(i.HAL_UARTEx_DisableStopMode), (38 bytes).
    Removing stm32f7xx_hal_uart_ex.o(i.HAL_UARTEx_EnableClockStopMode), (38 bytes).
    Removing stm32f7xx_hal_uart_ex.o(i.HAL_UARTEx_EnableStopMode), (38 bytes).
    Removing stm32f7xx_hal_uart_ex.o(i.HAL_UARTEx_StopModeWakeUpSourceConfig), (136 bytes).
    Removing system_stm32f7xx.o(.rev16_text), (4 bytes).
    Removing system_stm32f7xx.o(.revsh_text), (4 bytes).
    Removing system_stm32f7xx.o(.rrx_text), (6 bytes).
    Removing system_stm32f7xx.o(i.SystemCoreClockUpdate), (132 bytes).

465 unused section(s) (total 37419 bytes) removed from the image.

==============================================================================

Image Symbol Table

    Local Symbols

    Symbol Name                              Value     Ov Type        Size  Object(Section)

    ../Drivers/STM32F7xx_HAL_Driver/Src/stm32f7xx_hal.c 0x00000000   Number         0  stm32f7xx_hal.o ABSOLUTE
    ../Drivers/STM32F7xx_HAL_Driver/Src/stm32f7xx_hal_adc.c 0x00000000   Number         0  stm32f7xx_hal_adc.o ABSOLUTE
    ../Drivers/STM32F7xx_HAL_Driver/Src/stm32f7xx_hal_adc_ex.c 0x00000000   Number         0  stm32f7xx_hal_adc_ex.o ABSOLUTE
    ../Drivers/STM32F7xx_HAL_Driver/Src/stm32f7xx_hal_cortex.c 0x00000000   Number         0  stm32f7xx_hal_cortex.o ABSOLUTE
    ../Drivers/STM32F7xx_HAL_Driver/Src/stm32f7xx_hal_dma.c 0x00000000   Number         0  stm32f7xx_hal_dma.o ABSOLUTE
    ../Drivers/STM32F7xx_HAL_Driver/Src/stm32f7xx_hal_dma_ex.c 0x00000000   Number         0  stm32f7xx_hal_dma_ex.o ABSOLUTE
    ../Drivers/STM32F7xx_HAL_Driver/Src/stm32f7xx_hal_exti.c 0x00000000   Number         0  stm32f7xx_hal_exti.o ABSOLUTE
    ../Drivers/STM32F7xx_HAL_Driver/Src/stm32f7xx_hal_flash.c 0x00000000   Number         0  stm32f7xx_hal_flash.o ABSOLUTE
    ../Drivers/STM32F7xx_HAL_Driver/Src/stm32f7xx_hal_flash_ex.c 0x00000000   Number         0  stm32f7xx_hal_flash_ex.o ABSOLUTE
    ../Drivers/STM32F7xx_HAL_Driver/Src/stm32f7xx_hal_gpio.c 0x00000000   Number         0  stm32f7xx_hal_gpio.o ABSOLUTE
    ../Drivers/STM32F7xx_HAL_Driver/Src/stm32f7xx_hal_i2c.c 0x00000000   Number         0  stm32f7xx_hal_i2c.o ABSOLUTE
    ../Drivers/STM32F7xx_HAL_Driver/Src/stm32f7xx_hal_i2c_ex.c 0x00000000   Number         0  stm32f7xx_hal_i2c_ex.o ABSOLUTE
    ../Drivers/STM32F7xx_HAL_Driver/Src/stm32f7xx_hal_pwr.c 0x00000000   Number         0  stm32f7xx_hal_pwr.o ABSOLUTE
    ../Drivers/STM32F7xx_HAL_Driver/Src/stm32f7xx_hal_pwr_ex.c 0x00000000   Number         0  stm32f7xx_hal_pwr_ex.o ABSOLUTE
    ../Drivers/STM32F7xx_HAL_Driver/Src/stm32f7xx_hal_rcc.c 0x00000000   Number         0  stm32f7xx_hal_rcc.o ABSOLUTE
    ../Drivers/STM32F7xx_HAL_Driver/Src/stm32f7xx_hal_rcc_ex.c 0x00000000   Number         0  stm32f7xx_hal_rcc_ex.o ABSOLUTE
    ../Drivers/STM32F7xx_HAL_Driver/Src/stm32f7xx_hal_spi.c 0x00000000   Number         0  stm32f7xx_hal_spi.o ABSOLUTE
    ../Drivers/STM32F7xx_HAL_Driver/Src/stm32f7xx_hal_spi_ex.c 0x00000000   Number         0  stm32f7xx_hal_spi_ex.o ABSOLUTE
    ../Drivers/STM32F7xx_HAL_Driver/Src/stm32f7xx_hal_tim.c 0x00000000   Number         0  stm32f7xx_hal_tim.o ABSOLUTE
    ../Drivers/STM32F7xx_HAL_Driver/Src/stm32f7xx_hal_tim_ex.c 0x00000000   Number         0  stm32f7xx_hal_tim_ex.o ABSOLUTE
    ../Drivers/STM32F7xx_HAL_Driver/Src/stm32f7xx_hal_uart.c 0x00000000   Number         0  stm32f7xx_hal_uart.o ABSOLUTE
    ../Drivers/STM32F7xx_HAL_Driver/Src/stm32f7xx_hal_uart_ex.c 0x00000000   Number         0  stm32f7xx_hal_uart_ex.o ABSOLUTE
    ../Src/main.c                            0x00000000   Number         0  main.o ABSOLUTE
    ../Src/stm32f7xx_hal_msp.c               0x00000000   Number         0  stm32f7xx_hal_msp.o ABSOLUTE
    ../Src/stm32f7xx_it.c                    0x00000000   Number         0  stm32f7xx_it.o ABSOLUTE
    ../Src/system_stm32f7xx.c                0x00000000   Number         0  system_stm32f7xx.o ABSOLUTE
    ../clib/microlib/division.c              0x00000000   Number         0  uldiv.o ABSOLUTE
    ../clib/microlib/init/entry.s            0x00000000   Number         0  entry2.o ABSOLUTE
    ../clib/microlib/init/entry.s            0x00000000   Number         0  entry.o ABSOLUTE
    ../clib/microlib/init/entry.s            0x00000000   Number         0  entry8a.o ABSOLUTE
    ../clib/microlib/init/entry.s            0x00000000   Number         0  entry9a.o ABSOLUTE
    ../clib/microlib/init/entry.s            0x00000000   Number         0  entry11b.o ABSOLUTE
    ../clib/microlib/init/entry.s            0x00000000   Number         0  entry11a.o ABSOLUTE
    ../clib/microlib/init/entry.s            0x00000000   Number         0  entry10b.o ABSOLUTE
    ../clib/microlib/init/entry.s            0x00000000   Number         0  entry10a.o ABSOLUTE
    ../clib/microlib/init/entry.s            0x00000000   Number         0  entry9b.o ABSOLUTE
    ../clib/microlib/init/entry.s            0x00000000   Number         0  entry8b.o ABSOLUTE
    ../clib/microlib/init/entry.s            0x00000000   Number         0  entry7b.o ABSOLUTE
    ../clib/microlib/init/entry.s            0x00000000   Number         0  entry7a.o ABSOLUTE
    ../clib/microlib/init/entry.s            0x00000000   Number         0  entry5.o ABSOLUTE
    ../clib/microlib/longlong.c              0x00000000   Number         0  llshl.o ABSOLUTE
    ../clib/microlib/longlong.c              0x00000000   Number         0  llushr.o ABSOLUTE
    ../clib/microlib/string/memset.c         0x00000000   Number         0  memseta.o ABSOLUTE
    ..\Drivers\STM32F7xx_HAL_Driver\Src\stm32f7xx_hal.c 0x00000000   Number         0  stm32f7xx_hal.o ABSOLUTE
    ..\Drivers\STM32F7xx_HAL_Driver\Src\stm32f7xx_hal_adc.c 0x00000000   Number         0  stm32f7xx_hal_adc.o ABSOLUTE
    ..\Drivers\STM32F7xx_HAL_Driver\Src\stm32f7xx_hal_adc_ex.c 0x00000000   Number         0  stm32f7xx_hal_adc_ex.o ABSOLUTE
    ..\Drivers\STM32F7xx_HAL_Driver\Src\stm32f7xx_hal_cortex.c 0x00000000   Number         0  stm32f7xx_hal_cortex.o ABSOLUTE
    ..\Drivers\STM32F7xx_HAL_Driver\Src\stm32f7xx_hal_dma.c 0x00000000   Number         0  stm32f7xx_hal_dma.o ABSOLUTE
    ..\Drivers\STM32F7xx_HAL_Driver\Src\stm32f7xx_hal_dma_ex.c 0x00000000   Number         0  stm32f7xx_hal_dma_ex.o ABSOLUTE
    ..\Drivers\STM32F7xx_HAL_Driver\Src\stm32f7xx_hal_exti.c 0x00000000   Number         0  stm32f7xx_hal_exti.o ABSOLUTE
    ..\Drivers\STM32F7xx_HAL_Driver\Src\stm32f7xx_hal_flash.c 0x00000000   Number         0  stm32f7xx_hal_flash.o ABSOLUTE
    ..\Drivers\STM32F7xx_HAL_Driver\Src\stm32f7xx_hal_flash_ex.c 0x00000000   Number         0  stm32f7xx_hal_flash_ex.o ABSOLUTE
    ..\Drivers\STM32F7xx_HAL_Driver\Src\stm32f7xx_hal_gpio.c 0x00000000   Number         0  stm32f7xx_hal_gpio.o ABSOLUTE
    ..\Drivers\STM32F7xx_HAL_Driver\Src\stm32f7xx_hal_i2c.c 0x00000000   Number         0  stm32f7xx_hal_i2c.o ABSOLUTE
    ..\Drivers\STM32F7xx_HAL_Driver\Src\stm32f7xx_hal_i2c_ex.c 0x00000000   Number         0  stm32f7xx_hal_i2c_ex.o ABSOLUTE
    ..\Drivers\STM32F7xx_HAL_Driver\Src\stm32f7xx_hal_pwr.c 0x00000000   Number         0  stm32f7xx_hal_pwr.o ABSOLUTE
    ..\Drivers\STM32F7xx_HAL_Driver\Src\stm32f7xx_hal_pwr_ex.c 0x00000000   Number         0  stm32f7xx_hal_pwr_ex.o ABSOLUTE
    ..\Drivers\STM32F7xx_HAL_Driver\Src\stm32f7xx_hal_rcc.c 0x00000000   Number         0  stm32f7xx_hal_rcc.o ABSOLUTE
    ..\Drivers\STM32F7xx_HAL_Driver\Src\stm32f7xx_hal_rcc_ex.c 0x00000000   Number         0  stm32f7xx_hal_rcc_ex.o ABSOLUTE
    ..\Drivers\STM32F7xx_HAL_Driver\Src\stm32f7xx_hal_spi.c 0x00000000   Number         0  stm32f7xx_hal_spi.o ABSOLUTE
    ..\Drivers\STM32F7xx_HAL_Driver\Src\stm32f7xx_hal_spi_ex.c 0x00000000   Number         0  stm32f7xx_hal_spi_ex.o ABSOLUTE
    ..\Drivers\STM32F7xx_HAL_Driver\Src\stm32f7xx_hal_tim.c 0x00000000   Number         0  stm32f7xx_hal_tim.o ABSOLUTE
    ..\Drivers\STM32F7xx_HAL_Driver\Src\stm32f7xx_hal_tim_ex.c 0x00000000   Number         0  stm32f7xx_hal_tim_ex.o ABSOLUTE
    ..\Drivers\STM32F7xx_HAL_Driver\Src\stm32f7xx_hal_uart.c 0x00000000   Number         0  stm32f7xx_hal_uart.o ABSOLUTE
    ..\Drivers\STM32F7xx_HAL_Driver\Src\stm32f7xx_hal_uart_ex.c 0x00000000   Number         0  stm32f7xx_hal_uart_ex.o ABSOLUTE
    ..\Src\main.c                            0x00000000   Number         0  main.o ABSOLUTE
    ..\Src\stm32f7xx_hal_msp.c               0x00000000   Number         0  stm32f7xx_hal_msp.o ABSOLUTE
    ..\Src\stm32f7xx_it.c                    0x00000000   Number         0  stm32f7xx_it.o ABSOLUTE
    ..\Src\system_stm32f7xx.c                0x00000000   Number         0  system_stm32f7xx.o ABSOLUTE
    dc.s                                     0x00000000   Number         0  dc.o ABSOLUTE
    handlers.s                               0x00000000   Number         0  handlers.o ABSOLUTE
    init.s                                   0x00000000   Number         0  init.o ABSOLUTE
    startup_stm32f779xx.s                    0x00000000   Number         0  startup_stm32f779xx.o ABSOLUTE
    RESET                                    0x08000000   Section      504  startup_stm32f779xx.o(RESET)
    .ARM.Collect$$$$00000000                 0x080001f8   Section        0  entry.o(.ARM.Collect$$$$00000000)
    .ARM.Collect$$$$00000001                 0x080001f8   Section        4  entry2.o(.ARM.Collect$$$$00000001)
    .ARM.Collect$$$$00000004                 0x080001fc   Section        4  entry5.o(.ARM.Collect$$$$00000004)
    .ARM.Collect$$$$00000008                 0x08000200   Section        0  entry7b.o(.ARM.Collect$$$$00000008)
    .ARM.Collect$$$$0000000A                 0x08000200   Section        0  entry8b.o(.ARM.Collect$$$$0000000A)
    .ARM.Collect$$$$0000000B                 0x08000200   Section        8  entry9a.o(.ARM.Collect$$$$0000000B)
    .ARM.Collect$$$$0000000D                 0x08000208   Section        0  entry10a.o(.ARM.Collect$$$$0000000D)
    .ARM.Collect$$$$0000000F                 0x08000208   Section        0  entry11a.o(.ARM.Collect$$$$0000000F)
    .ARM.Collect$$$$00002712                 0x08000208   Section        4  entry2.o(.ARM.Collect$$$$00002712)
    __lit__00000000                          0x08000208   Data           4  entry2.o(.ARM.Collect$$$$00002712)
    .text                                    0x0800020c   Section       36  startup_stm32f779xx.o(.text)
    $v0                                      0x0800020c   Number         0  startup_stm32f779xx.o(.text)
    .text                                    0x08000230   Section        0  uldiv.o(.text)
    .text                                    0x08000292   Section        0  memseta.o(.text)
    .text                                    0x080002b6   Section        0  llshl.o(.text)
    .text                                    0x080002d4   Section        0  llushr.o(.text)
    .text                                    0x080002f4   Section       36  init.o(.text)
    i.ADC_Init                               0x08000318   Section        0  stm32f7xx_hal_adc.o(i.ADC_Init)
    ADC_Init                                 0x08000319   Thumb Code   298  stm32f7xx_hal_adc.o(i.ADC_Init)
    i.BusFault_Handler                       0x08000450   Section        0  stm32f7xx_it.o(i.BusFault_Handler)
    i.DebugMon_Handler                       0x08000452   Section        0  stm32f7xx_it.o(i.DebugMon_Handler)
    i.HAL_ADC_ConfigChannel                  0x08000454   Section        0  stm32f7xx_hal_adc.o(i.HAL_ADC_ConfigChannel)
    i.HAL_ADC_Init                           0x080005fc   Section        0  stm32f7xx_hal_adc.o(i.HAL_ADC_Init)
    i.HAL_ADC_MspInit                        0x08000650   Section        0  stm32f7xx_hal_msp.o(i.HAL_ADC_MspInit)
    i.HAL_DMA_Abort_IT                       0x080006d0   Section        0  stm32f7xx_hal_dma.o(i.HAL_DMA_Abort_IT)
    i.HAL_Delay                              0x080006f4   Section        0  stm32f7xx_hal.o(i.HAL_Delay)
    i.HAL_GPIO_Init                          0x08000718   Section        0  stm32f7xx_hal_gpio.o(i.HAL_GPIO_Init)
    i.HAL_GPIO_WritePin                      0x080008f0   Section        0  stm32f7xx_hal_gpio.o(i.HAL_GPIO_WritePin)
    i.HAL_GetTick                            0x080008fc   Section        0  stm32f7xx_hal.o(i.HAL_GetTick)
    i.HAL_IncTick                            0x08000908   Section        0  stm32f7xx_hal.o(i.HAL_IncTick)
    i.HAL_Init                               0x08000918   Section        0  stm32f7xx_hal.o(i.HAL_Init)
    i.HAL_InitTick                           0x08000930   Section        0  stm32f7xx_hal.o(i.HAL_InitTick)
    i.HAL_MspInit                            0x08000970   Section        0  stm32f7xx_hal_msp.o(i.HAL_MspInit)
    i.HAL_NVIC_EnableIRQ                     0x080009a0   Section        0  stm32f7xx_hal_cortex.o(i.HAL_NVIC_EnableIRQ)
    i.HAL_NVIC_SetPriority                   0x080009bc   Section        0  stm32f7xx_hal_cortex.o(i.HAL_NVIC_SetPriority)
    i.HAL_NVIC_SetPriorityGrouping           0x080009fc   Section        0  stm32f7xx_hal_cortex.o(i.HAL_NVIC_SetPriorityGrouping)
    i.HAL_RCCEx_PeriphCLKConfig              0x08000a20   Section        0  stm32f7xx_hal_rcc_ex.o(i.HAL_RCCEx_PeriphCLKConfig)
    i.HAL_RCC_ClockConfig                    0x08000f5c   Section        0  stm32f7xx_hal_rcc.o(i.HAL_RCC_ClockConfig)
    i.HAL_RCC_GetPCLK1Freq                   0x0800108c   Section        0  stm32f7xx_hal_rcc.o(i.HAL_RCC_GetPCLK1Freq)
    i.HAL_RCC_GetPCLK2Freq                   0x080010ac   Section        0  stm32f7xx_hal_rcc.o(i.HAL_RCC_GetPCLK2Freq)
    i.HAL_RCC_GetSysClockFreq                0x080010cc   Section        0  stm32f7xx_hal_rcc.o(i.HAL_RCC_GetSysClockFreq)
    i.HAL_RCC_OscConfig                      0x08001130   Section        0  stm32f7xx_hal_rcc.o(i.HAL_RCC_OscConfig)
    i.HAL_SPI_Init                           0x080014c8   Section        0  stm32f7xx_hal_spi.o(i.HAL_SPI_Init)
    i.HAL_SPI_MspInit                        0x0800158c   Section        0  stm32f7xx_hal_msp.o(i.HAL_SPI_MspInit)
    i.HAL_SYSTICK_Config                     0x08001724   Section        0  stm32f7xx_hal_cortex.o(i.HAL_SYSTICK_Config)
    i.HAL_UARTEx_WakeupCallback              0x0800174a   Section        0  stm32f7xx_hal_uart.o(i.HAL_UARTEx_WakeupCallback)
    i.HAL_UART_ErrorCallback                 0x0800174c   Section        0  stm32f7xx_hal_uart.o(i.HAL_UART_ErrorCallback)
    i.HAL_UART_IRQHandler                    0x08001750   Section        0  stm32f7xx_hal_uart.o(i.HAL_UART_IRQHandler)
    i.HAL_UART_Init                          0x080018ac   Section        0  stm32f7xx_hal_uart.o(i.HAL_UART_Init)
    i.HAL_UART_MspInit                       0x08001914   Section        0  stm32f7xx_hal_msp.o(i.HAL_UART_MspInit)
    i.HAL_UART_TxCpltCallback                0x080019fc   Section        0  stm32f7xx_hal_uart.o(i.HAL_UART_TxCpltCallback)
    i.HardFault_Handler                      0x080019fe   Section        0  stm32f7xx_it.o(i.HardFault_Handler)
    i.MX_ADC1_Init                           0x08001a00   Section        0  main.o(i.MX_ADC1_Init)
    MX_ADC1_Init                             0x08001a01   Thumb Code    70  main.o(i.MX_ADC1_Init)
    i.MX_GPIO_Init                           0x08001a54   Section        0  main.o(i.MX_GPIO_Init)
    MX_GPIO_Init                             0x08001a55   Thumb Code   502  main.o(i.MX_GPIO_Init)
    i.MX_SPI2_Init                           0x08001c74   Section        0  main.o(i.MX_SPI2_Init)
    MX_SPI2_Init                             0x08001c75   Thumb Code    56  main.o(i.MX_SPI2_Init)
    i.MX_SPI3_Init                           0x08001cb4   Section        0  main.o(i.MX_SPI3_Init)
    MX_SPI3_Init                             0x08001cb5   Thumb Code    56  main.o(i.MX_SPI3_Init)
    i.MX_SPI4_Init                           0x08001cf4   Section        0  main.o(i.MX_SPI4_Init)
    MX_SPI4_Init                             0x08001cf5   Thumb Code    56  main.o(i.MX_SPI4_Init)
    i.MX_SPI5_Init                           0x08001d34   Section        0  main.o(i.MX_SPI5_Init)
    MX_SPI5_Init                             0x08001d35   Thumb Code    56  main.o(i.MX_SPI5_Init)
    i.MX_SPI6_Init                           0x08001d74   Section        0  main.o(i.MX_SPI6_Init)
    MX_SPI6_Init                             0x08001d75   Thumb Code    56  main.o(i.MX_SPI6_Init)
    i.MX_UART4_Init                          0x08001db4   Section        0  main.o(i.MX_UART4_Init)
    MX_UART4_Init                            0x08001db5   Thumb Code    40  main.o(i.MX_UART4_Init)
    i.MX_UART8_Init                          0x08001de4   Section        0  main.o(i.MX_UART8_Init)
    MX_UART8_Init                            0x08001de5   Thumb Code    40  main.o(i.MX_UART8_Init)
    i.MemManage_Handler                      0x08001e14   Section        0  stm32f7xx_it.o(i.MemManage_Handler)
    i.NMI_Handler                            0x08001e16   Section        0  stm32f7xx_it.o(i.NMI_Handler)
    i.PendSV_Handler                         0x08001e18   Section        0  stm32f7xx_it.o(i.PendSV_Handler)
    i.SVC_Handler                            0x08001e1a   Section        0  stm32f7xx_it.o(i.SVC_Handler)
    i.SysTick_Handler                        0x08001e1c   Section        0  stm32f7xx_it.o(i.SysTick_Handler)
    i.SystemClock_Config                     0x08001e20   Section        0  main.o(i.SystemClock_Config)
    i.SystemInit                             0x08001eac   Section        0  system_stm32f7xx.o(i.SystemInit)
    i.UART4_IRQHandler                       0x08001ec8   Section        0  stm32f7xx_it.o(i.UART4_IRQHandler)
    i.UART8_IRQHandler                       0x08001ed4   Section        0  stm32f7xx_it.o(i.UART8_IRQHandler)
    i.UART_AdvFeatureConfig                  0x08001ee0   Section        0  stm32f7xx_hal_uart.o(i.UART_AdvFeatureConfig)
    i.UART_CheckIdleState                    0x08001fa8   Section        0  stm32f7xx_hal_uart.o(i.UART_CheckIdleState)
    i.UART_DMAAbortOnError                   0x08002000   Section        0  stm32f7xx_hal_uart.o(i.UART_DMAAbortOnError)
    UART_DMAAbortOnError                     0x08002001   Thumb Code    20  stm32f7xx_hal_uart.o(i.UART_DMAAbortOnError)
    i.UART_EndRxTransfer                     0x08002014   Section        0  stm32f7xx_hal_uart.o(i.UART_EndRxTransfer)
    UART_EndRxTransfer                       0x08002015   Thumb Code    32  stm32f7xx_hal_uart.o(i.UART_EndRxTransfer)
    i.UART_SetConfig                         0x08002034   Section        0  stm32f7xx_hal_uart.o(i.UART_SetConfig)
    i.UART_WaitOnFlagUntilTimeout            0x08002290   Section        0  stm32f7xx_hal_uart.o(i.UART_WaitOnFlagUntilTimeout)
    i.UsageFault_Handler                     0x08002334   Section        0  stm32f7xx_it.o(i.UsageFault_Handler)
    i.__NVIC_SetPriority                     0x08002336   Section        0  stm32f7xx_hal_cortex.o(i.__NVIC_SetPriority)
    __NVIC_SetPriority                       0x08002337   Thumb Code    34  stm32f7xx_hal_cortex.o(i.__NVIC_SetPriority)
    i.__scatterload_copy                     0x08002358   Section       14  handlers.o(i.__scatterload_copy)
    i.__scatterload_null                     0x08002366   Section        2  handlers.o(i.__scatterload_null)
    i.__scatterload_zeroinit                 0x08002368   Section       14  handlers.o(i.__scatterload_zeroinit)
    i.led_blinky                             0x08002378   Section        0  main.o(i.led_blinky)
    i.main                                   0x080023e8   Section        0  main.o(i.main)
    .constdata                               0x08002478   Section       16  system_stm32f7xx.o(.constdata)
    .constdata                               0x08002488   Section        8  system_stm32f7xx.o(.constdata)
    .data                                    0x20000000   Section       12  stm32f7xx_hal.o(.data)
    .data                                    0x2000000c   Section        4  system_stm32f7xx.o(.data)
    .bss                                     0x20000010   Section      828  main.o(.bss)
    STACK                                    0x20000350   Section     1024  startup_stm32f779xx.o(STACK)

    Global Symbols

    Symbol Name                              Value     Ov Type        Size  Object(Section)

    BuildAttributes$$THM_ISAv4$E$P$D$K$B$S$7EM$VFPv5_D16$PE$PLD8$A:L22UL41UL21$X:L11$S22US41US21$IEEE1$IW$USESV6$~STKCKD$USESV7$~SHL$OSPACE$EBA8$MICROLIB$REQ8$PRES8$EABIv2 0x00000000   Number         0  anon$$obj.o ABSOLUTE
    __ARM_use_no_argv                        0x00000000   Number         0  main.o ABSOLUTE
    __cpp_initialize__aeabi_                  - Undefined Weak Reference
    __cxa_finalize                            - Undefined Weak Reference
    __decompress                              - Undefined Weak Reference
    _clock_init                               - Undefined Weak Reference
    _microlib_exit                            - Undefined Weak Reference
    __Vectors_Size                           0x000001f8   Number         0  startup_stm32f779xx.o ABSOLUTE
    __Vectors                                0x08000000   Data           4  startup_stm32f779xx.o(RESET)
    __Vectors_End                            0x080001f8   Data           0  startup_stm32f779xx.o(RESET)
    __main                                   0x080001f9   Thumb Code     0  entry.o(.ARM.Collect$$$$00000000)
    _main_stk                                0x080001f9   Thumb Code     0  entry2.o(.ARM.Collect$$$$00000001)
    _main_scatterload                        0x080001fd   Thumb Code     0  entry5.o(.ARM.Collect$$$$00000004)
    __main_after_scatterload                 0x08000201   Thumb Code     0  entry5.o(.ARM.Collect$$$$00000004)
    _main_clock                              0x08000201   Thumb Code     0  entry7b.o(.ARM.Collect$$$$00000008)
    _main_cpp_init                           0x08000201   Thumb Code     0  entry8b.o(.ARM.Collect$$$$0000000A)
    _main_init                               0x08000201   Thumb Code     0  entry9a.o(.ARM.Collect$$$$0000000B)
    __rt_final_cpp                           0x08000209   Thumb Code     0  entry10a.o(.ARM.Collect$$$$0000000D)
    __rt_final_exit                          0x08000209   Thumb Code     0  entry11a.o(.ARM.Collect$$$$0000000F)
    Reset_Handler                            0x0800020d   Thumb Code     8  startup_stm32f779xx.o(.text)
    ADC_IRQHandler                           0x08000227   Thumb Code     0  startup_stm32f779xx.o(.text)
    CAN1_RX0_IRQHandler                      0x08000227   Thumb Code     0  startup_stm32f779xx.o(.text)
    CAN1_RX1_IRQHandler                      0x08000227   Thumb Code     0  startup_stm32f779xx.o(.text)
    CAN1_SCE_IRQHandler                      0x08000227   Thumb Code     0  startup_stm32f779xx.o(.text)
    CAN1_TX_IRQHandler                       0x08000227   Thumb Code     0  startup_stm32f779xx.o(.text)
    CAN2_RX0_IRQHandler                      0x08000227   Thumb Code     0  startup_stm32f779xx.o(.text)
    CAN2_RX1_IRQHandler                      0x08000227   Thumb Code     0  startup_stm32f779xx.o(.text)
    CAN2_SCE_IRQHandler                      0x08000227   Thumb Code     0  startup_stm32f779xx.o(.text)
    CAN2_TX_IRQHandler                       0x08000227   Thumb Code     0  startup_stm32f779xx.o(.text)
    CAN3_RX0_IRQHandler                      0x08000227   Thumb Code     0  startup_stm32f779xx.o(.text)
    CAN3_RX1_IRQHandler                      0x08000227   Thumb Code     0  startup_stm32f779xx.o(.text)
    CAN3_SCE_IRQHandler                      0x08000227   Thumb Code     0  startup_stm32f779xx.o(.text)
    CAN3_TX_IRQHandler                       0x08000227   Thumb Code     0  startup_stm32f779xx.o(.text)
    CEC_IRQHandler                           0x08000227   Thumb Code     0  startup_stm32f779xx.o(.text)
    CRYP_IRQHandler                          0x08000227   Thumb Code     0  startup_stm32f779xx.o(.text)
    DCMI_IRQHandler                          0x08000227   Thumb Code     0  startup_stm32f779xx.o(.text)
    DFSDM1_FLT0_IRQHandler                   0x08000227   Thumb Code     0  startup_stm32f779xx.o(.text)
    DFSDM1_FLT1_IRQHandler                   0x08000227   Thumb Code     0  startup_stm32f779xx.o(.text)
    DFSDM1_FLT2_IRQHandler                   0x08000227   Thumb Code     0  startup_stm32f779xx.o(.text)
    DFSDM1_FLT3_IRQHandler                   0x08000227   Thumb Code     0  startup_stm32f779xx.o(.text)
    DMA1_Stream0_IRQHandler                  0x08000227   Thumb Code     0  startup_stm32f779xx.o(.text)
    DMA1_Stream1_IRQHandler                  0x08000227   Thumb Code     0  startup_stm32f779xx.o(.text)
    DMA1_Stream2_IRQHandler                  0x08000227   Thumb Code     0  startup_stm32f779xx.o(.text)
    DMA1_Stream3_IRQHandler                  0x08000227   Thumb Code     0  startup_stm32f779xx.o(.text)
    DMA1_Stream4_IRQHandler                  0x08000227   Thumb Code     0  startup_stm32f779xx.o(.text)
    DMA1_Stream5_IRQHandler                  0x08000227   Thumb Code     0  startup_stm32f779xx.o(.text)
    DMA1_Stream6_IRQHandler                  0x08000227   Thumb Code     0  startup_stm32f779xx.o(.text)
    DMA1_Stream7_IRQHandler                  0x08000227   Thumb Code     0  startup_stm32f779xx.o(.text)
    DMA2D_IRQHandler                         0x08000227   Thumb Code     0  startup_stm32f779xx.o(.text)
    DMA2_Stream0_IRQHandler                  0x08000227   Thumb Code     0  startup_stm32f779xx.o(.text)
    DMA2_Stream1_IRQHandler                  0x08000227   Thumb Code     0  startup_stm32f779xx.o(.text)
    DMA2_Stream2_IRQHandler                  0x08000227   Thumb Code     0  startup_stm32f779xx.o(.text)
    DMA2_Stream3_IRQHandler                  0x08000227   Thumb Code     0  startup_stm32f779xx.o(.text)
    DMA2_Stream4_IRQHandler                  0x08000227   Thumb Code     0  startup_stm32f779xx.o(.text)
    DMA2_Stream5_IRQHandler                  0x08000227   Thumb Code     0  startup_stm32f779xx.o(.text)
    DMA2_Stream6_IRQHandler                  0x08000227   Thumb Code     0  startup_stm32f779xx.o(.text)
    DMA2_Stream7_IRQHandler                  0x08000227   Thumb Code     0  startup_stm32f779xx.o(.text)
    DSI_IRQHandler                           0x08000227   Thumb Code     0  startup_stm32f779xx.o(.text)
    ETH_IRQHandler                           0x08000227   Thumb Code     0  startup_stm32f779xx.o(.text)
    ETH_WKUP_IRQHandler                      0x08000227   Thumb Code     0  startup_stm32f779xx.o(.text)
    EXTI0_IRQHandler                         0x08000227   Thumb Code     0  startup_stm32f779xx.o(.text)
    EXTI15_10_IRQHandler                     0x08000227   Thumb Code     0  startup_stm32f779xx.o(.text)
    EXTI1_IRQHandler                         0x08000227   Thumb Code     0  startup_stm32f779xx.o(.text)
    EXTI2_IRQHandler                         0x08000227   Thumb Code     0  startup_stm32f779xx.o(.text)
    EXTI3_IRQHandler                         0x08000227   Thumb Code     0  startup_stm32f779xx.o(.text)
    EXTI4_IRQHandler                         0x08000227   Thumb Code     0  startup_stm32f779xx.o(.text)
    EXTI9_5_IRQHandler                       0x08000227   Thumb Code     0  startup_stm32f779xx.o(.text)
    FLASH_IRQHandler                         0x08000227   Thumb Code     0  startup_stm32f779xx.o(.text)
    FMC_IRQHandler                           0x08000227   Thumb Code     0  startup_stm32f779xx.o(.text)
    FPU_IRQHandler                           0x08000227   Thumb Code     0  startup_stm32f779xx.o(.text)
    HASH_RNG_IRQHandler                      0x08000227   Thumb Code     0  startup_stm32f779xx.o(.text)
    I2C1_ER_IRQHandler                       0x08000227   Thumb Code     0  startup_stm32f779xx.o(.text)
    I2C1_EV_IRQHandler                       0x08000227   Thumb Code     0  startup_stm32f779xx.o(.text)
    I2C2_ER_IRQHandler                       0x08000227   Thumb Code     0  startup_stm32f779xx.o(.text)
    I2C2_EV_IRQHandler                       0x08000227   Thumb Code     0  startup_stm32f779xx.o(.text)
    I2C3_ER_IRQHandler                       0x08000227   Thumb Code     0  startup_stm32f779xx.o(.text)
    I2C3_EV_IRQHandler                       0x08000227   Thumb Code     0  startup_stm32f779xx.o(.text)
    I2C4_ER_IRQHandler                       0x08000227   Thumb Code     0  startup_stm32f779xx.o(.text)
    I2C4_EV_IRQHandler                       0x08000227   Thumb Code     0  startup_stm32f779xx.o(.text)
    JPEG_IRQHandler                          0x08000227   Thumb Code     0  startup_stm32f779xx.o(.text)
    LPTIM1_IRQHandler                        0x08000227   Thumb Code     0  startup_stm32f779xx.o(.text)
    LTDC_ER_IRQHandler                       0x08000227   Thumb Code     0  startup_stm32f779xx.o(.text)
    LTDC_IRQHandler                          0x08000227   Thumb Code     0  startup_stm32f779xx.o(.text)
    MDIOS_IRQHandler                         0x08000227   Thumb Code     0  startup_stm32f779xx.o(.text)
    OTG_FS_IRQHandler                        0x08000227   Thumb Code     0  startup_stm32f779xx.o(.text)
    OTG_FS_WKUP_IRQHandler                   0x08000227   Thumb Code     0  startup_stm32f779xx.o(.text)
    OTG_HS_EP1_IN_IRQHandler                 0x08000227   Thumb Code     0  startup_stm32f779xx.o(.text)
    OTG_HS_EP1_OUT_IRQHandler                0x08000227   Thumb Code     0  startup_stm32f779xx.o(.text)
    OTG_HS_IRQHandler                        0x08000227   Thumb Code     0  startup_stm32f779xx.o(.text)
    OTG_HS_WKUP_IRQHandler                   0x08000227   Thumb Code     0  startup_stm32f779xx.o(.text)
    PVD_IRQHandler                           0x08000227   Thumb Code     0  startup_stm32f779xx.o(.text)
    QUADSPI_IRQHandler                       0x08000227   Thumb Code     0  startup_stm32f779xx.o(.text)
    RCC_IRQHandler                           0x08000227   Thumb Code     0  startup_stm32f779xx.o(.text)
    RTC_Alarm_IRQHandler                     0x08000227   Thumb Code     0  startup_stm32f779xx.o(.text)
    RTC_WKUP_IRQHandler                      0x08000227   Thumb Code     0  startup_stm32f779xx.o(.text)
    SAI1_IRQHandler                          0x08000227   Thumb Code     0  startup_stm32f779xx.o(.text)
    SAI2_IRQHandler                          0x08000227   Thumb Code     0  startup_stm32f779xx.o(.text)
    SDMMC1_IRQHandler                        0x08000227   Thumb Code     0  startup_stm32f779xx.o(.text)
    SDMMC2_IRQHandler                        0x08000227   Thumb Code     0  startup_stm32f779xx.o(.text)
    SPDIF_RX_IRQHandler                      0x08000227   Thumb Code     0  startup_stm32f779xx.o(.text)
    SPI1_IRQHandler                          0x08000227   Thumb Code     0  startup_stm32f779xx.o(.text)
    SPI2_IRQHandler                          0x08000227   Thumb Code     0  startup_stm32f779xx.o(.text)
    SPI3_IRQHandler                          0x08000227   Thumb Code     0  startup_stm32f779xx.o(.text)
    SPI4_IRQHandler                          0x08000227   Thumb Code     0  startup_stm32f779xx.o(.text)
    SPI5_IRQHandler                          0x08000227   Thumb Code     0  startup_stm32f779xx.o(.text)
    SPI6_IRQHandler                          0x08000227   Thumb Code     0  startup_stm32f779xx.o(.text)
    TAMP_STAMP_IRQHandler                    0x08000227   Thumb Code     0  startup_stm32f779xx.o(.text)
    TIM1_BRK_TIM9_IRQHandler                 0x08000227   Thumb Code     0  startup_stm32f779xx.o(.text)
    TIM1_CC_IRQHandler                       0x08000227   Thumb Code     0  startup_stm32f779xx.o(.text)
    TIM1_TRG_COM_TIM11_IRQHandler            0x08000227   Thumb Code     0  startup_stm32f779xx.o(.text)
    TIM1_UP_TIM10_IRQHandler                 0x08000227   Thumb Code     0  startup_stm32f779xx.o(.text)
    TIM2_IRQHandler                          0x08000227   Thumb Code     0  startup_stm32f779xx.o(.text)
    TIM3_IRQHandler                          0x08000227   Thumb Code     0  startup_stm32f779xx.o(.text)
    TIM4_IRQHandler                          0x08000227   Thumb Code     0  startup_stm32f779xx.o(.text)
    TIM5_IRQHandler                          0x08000227   Thumb Code     0  startup_stm32f779xx.o(.text)
    TIM6_DAC_IRQHandler                      0x08000227   Thumb Code     0  startup_stm32f779xx.o(.text)
    TIM7_IRQHandler                          0x08000227   Thumb Code     0  startup_stm32f779xx.o(.text)
    TIM8_BRK_TIM12_IRQHandler                0x08000227   Thumb Code     0  startup_stm32f779xx.o(.text)
    TIM8_CC_IRQHandler                       0x08000227   Thumb Code     0  startup_stm32f779xx.o(.text)
    TIM8_TRG_COM_TIM14_IRQHandler            0x08000227   Thumb Code     0  startup_stm32f779xx.o(.text)
    TIM8_UP_TIM13_IRQHandler                 0x08000227   Thumb Code     0  startup_stm32f779xx.o(.text)
    UART5_IRQHandler                         0x08000227   Thumb Code     0  startup_stm32f779xx.o(.text)
    UART7_IRQHandler                         0x08000227   Thumb Code     0  startup_stm32f779xx.o(.text)
    USART1_IRQHandler                        0x08000227   Thumb Code     0  startup_stm32f779xx.o(.text)
    USART2_IRQHandler                        0x08000227   Thumb Code     0  startup_stm32f779xx.o(.text)
    USART3_IRQHandler                        0x08000227   Thumb Code     0  startup_stm32f779xx.o(.text)
    USART6_IRQHandler                        0x08000227   Thumb Code     0  startup_stm32f779xx.o(.text)
    WWDG_IRQHandler                          0x08000227   Thumb Code     0  startup_stm32f779xx.o(.text)
    __aeabi_uldivmod                         0x08000231   Thumb Code    98  uldiv.o(.text)
    __aeabi_memset                           0x08000293   Thumb Code    14  memseta.o(.text)
    __aeabi_memset4                          0x08000293   Thumb Code     0  memseta.o(.text)
    __aeabi_memset8                          0x08000293   Thumb Code     0  memseta.o(.text)
    __aeabi_memclr                           0x080002a1   Thumb Code     4  memseta.o(.text)
    __aeabi_memclr4                          0x080002a1   Thumb Code     0  memseta.o(.text)
    __aeabi_memclr8                          0x080002a1   Thumb Code     0  memseta.o(.text)
    _memset$wrapper                          0x080002a5   Thumb Code    18  memseta.o(.text)
    __aeabi_llsl                             0x080002b7   Thumb Code    30  llshl.o(.text)
    _ll_shift_l                              0x080002b7   Thumb Code     0  llshl.o(.text)
    __aeabi_llsr                             0x080002d5   Thumb Code    32  llushr.o(.text)
    _ll_ushift_r                             0x080002d5   Thumb Code     0  llushr.o(.text)
    __scatterload                            0x080002f5   Thumb Code    28  init.o(.text)
    __scatterload_rt2                        0x080002f5   Thumb Code     0  init.o(.text)
    BusFault_Handler                         0x08000451   Thumb Code     2  stm32f7xx_it.o(i.BusFault_Handler)
    DebugMon_Handler                         0x08000453   Thumb Code     2  stm32f7xx_it.o(i.DebugMon_Handler)
    HAL_ADC_ConfigChannel                    0x08000455   Thumb Code   408  stm32f7xx_hal_adc.o(i.HAL_ADC_ConfigChannel)
    HAL_ADC_Init                             0x080005fd   Thumb Code    84  stm32f7xx_hal_adc.o(i.HAL_ADC_Init)
    HAL_ADC_MspInit                          0x08000651   Thumb Code   112  stm32f7xx_hal_msp.o(i.HAL_ADC_MspInit)
    HAL_DMA_Abort_IT                         0x080006d1   Thumb Code    36  stm32f7xx_hal_dma.o(i.HAL_DMA_Abort_IT)
    HAL_Delay                                0x080006f5   Thumb Code    32  stm32f7xx_hal.o(i.HAL_Delay)
    HAL_GPIO_Init                            0x08000719   Thumb Code   420  stm32f7xx_hal_gpio.o(i.HAL_GPIO_Init)
    HAL_GPIO_WritePin                        0x080008f1   Thumb Code    10  stm32f7xx_hal_gpio.o(i.HAL_GPIO_WritePin)
    HAL_GetTick                              0x080008fd   Thumb Code     6  stm32f7xx_hal.o(i.HAL_GetTick)
    HAL_IncTick                              0x08000909   Thumb Code    12  stm32f7xx_hal.o(i.HAL_IncTick)
    HAL_Init                                 0x08000919   Thumb Code    22  stm32f7xx_hal.o(i.HAL_Init)
    HAL_InitTick                             0x08000931   Thumb Code    54  stm32f7xx_hal.o(i.HAL_InitTick)
    HAL_MspInit                              0x08000971   Thumb Code    42  stm32f7xx_hal_msp.o(i.HAL_MspInit)
    HAL_NVIC_EnableIRQ                       0x080009a1   Thumb Code    26  stm32f7xx_hal_cortex.o(i.HAL_NVIC_EnableIRQ)
    HAL_NVIC_SetPriority                     0x080009bd   Thumb Code    60  stm32f7xx_hal_cortex.o(i.HAL_NVIC_SetPriority)
    HAL_NVIC_SetPriorityGrouping             0x080009fd   Thumb Code    28  stm32f7xx_hal_cortex.o(i.HAL_NVIC_SetPriorityGrouping)
    HAL_RCCEx_PeriphCLKConfig                0x08000a21   Thumb Code  1336  stm32f7xx_hal_rcc_ex.o(i.HAL_RCCEx_PeriphCLKConfig)
    HAL_RCC_ClockConfig                      0x08000f5d   Thumb Code   284  stm32f7xx_hal_rcc.o(i.HAL_RCC_ClockConfig)
    HAL_RCC_GetPCLK1Freq                     0x0800108d   Thumb Code    20  stm32f7xx_hal_rcc.o(i.HAL_RCC_GetPCLK1Freq)
    HAL_RCC_GetPCLK2Freq                     0x080010ad   Thumb Code    20  stm32f7xx_hal_rcc.o(i.HAL_RCC_GetPCLK2Freq)
    HAL_RCC_GetSysClockFreq                  0x080010cd   Thumb Code    88  stm32f7xx_hal_rcc.o(i.HAL_RCC_GetSysClockFreq)
    HAL_RCC_OscConfig                        0x08001131   Thumb Code   906  stm32f7xx_hal_rcc.o(i.HAL_RCC_OscConfig)
    HAL_SPI_Init                             0x080014c9   Thumb Code   196  stm32f7xx_hal_spi.o(i.HAL_SPI_Init)
    HAL_SPI_MspInit                          0x0800158d   Thumb Code   364  stm32f7xx_hal_msp.o(i.HAL_SPI_MspInit)
    HAL_SYSTICK_Config                       0x08001725   Thumb Code    38  stm32f7xx_hal_cortex.o(i.HAL_SYSTICK_Config)
    HAL_UARTEx_WakeupCallback                0x0800174b   Thumb Code     2  stm32f7xx_hal_uart.o(i.HAL_UARTEx_WakeupCallback)
    HAL_UART_ErrorCallback                   0x0800174d   Thumb Code     2  stm32f7xx_hal_uart.o(i.HAL_UART_ErrorCallback)
    HAL_UART_IRQHandler                      0x08001751   Thumb Code   344  stm32f7xx_hal_uart.o(i.HAL_UART_IRQHandler)
    HAL_UART_Init                            0x080018ad   Thumb Code   102  stm32f7xx_hal_uart.o(i.HAL_UART_Init)
    HAL_UART_MspInit                         0x08001915   Thumb Code   208  stm32f7xx_hal_msp.o(i.HAL_UART_MspInit)
    HAL_UART_TxCpltCallback                  0x080019fd   Thumb Code     2  stm32f7xx_hal_uart.o(i.HAL_UART_TxCpltCallback)
    HardFault_Handler                        0x080019ff   Thumb Code     2  stm32f7xx_it.o(i.HardFault_Handler)
    MemManage_Handler                        0x08001e15   Thumb Code     2  stm32f7xx_it.o(i.MemManage_Handler)
    NMI_Handler                              0x08001e17   Thumb Code     2  stm32f7xx_it.o(i.NMI_Handler)
    PendSV_Handler                           0x08001e19   Thumb Code     2  stm32f7xx_it.o(i.PendSV_Handler)
    SVC_Handler                              0x08001e1b   Thumb Code     2  stm32f7xx_it.o(i.SVC_Handler)
    SysTick_Handler                          0x08001e1d   Thumb Code     4  stm32f7xx_it.o(i.SysTick_Handler)
    SystemClock_Config                       0x08001e21   Thumb Code   130  main.o(i.SystemClock_Config)
    SystemInit                               0x08001ead   Thumb Code    22  system_stm32f7xx.o(i.SystemInit)
    UART4_IRQHandler                         0x08001ec9   Thumb Code     6  stm32f7xx_it.o(i.UART4_IRQHandler)
    UART8_IRQHandler                         0x08001ed5   Thumb Code     6  stm32f7xx_it.o(i.UART8_IRQHandler)
    UART_AdvFeatureConfig                    0x08001ee1   Thumb Code   200  stm32f7xx_hal_uart.o(i.UART_AdvFeatureConfig)
    UART_CheckIdleState                      0x08001fa9   Thumb Code    88  stm32f7xx_hal_uart.o(i.UART_CheckIdleState)
    UART_SetConfig                           0x08002035   Thumb Code   554  stm32f7xx_hal_uart.o(i.UART_SetConfig)
    UART_WaitOnFlagUntilTimeout              0x08002291   Thumb Code   164  stm32f7xx_hal_uart.o(i.UART_WaitOnFlagUntilTimeout)
    UsageFault_Handler                       0x08002335   Thumb Code     2  stm32f7xx_it.o(i.UsageFault_Handler)
    __scatterload_copy                       0x08002359   Thumb Code    14  handlers.o(i.__scatterload_copy)
    __scatterload_null                       0x08002367   Thumb Code     2  handlers.o(i.__scatterload_null)
    __scatterload_zeroinit                   0x08002369   Thumb Code    14  handlers.o(i.__scatterload_zeroinit)
    led_blinky                               0x08002379   Thumb Code   102  main.o(i.led_blinky)
    main                                     0x080023e9   Thumb Code   130  main.o(i.main)
    AHBPrescTable                            0x08002478   Data          16  system_stm32f7xx.o(.constdata)
    APBPrescTable                            0x08002488   Data           8  system_stm32f7xx.o(.constdata)
    Region$$Table$$Base                      0x08002490   Number         0  anon$$obj.o(Region$$Table)
    Region$$Table$$Limit                     0x080024b0   Number         0  anon$$obj.o(Region$$Table)
    uwTickFreq                               0x20000000   Data           1  stm32f7xx_hal.o(.data)
    uwTickPrio                               0x20000004   Data           4  stm32f7xx_hal.o(.data)
    uwTick                                   0x20000008   Data           4  stm32f7xx_hal.o(.data)
    SystemCoreClock                          0x2000000c   Data           4  system_stm32f7xx.o(.data)
    hadc1                                    0x20000010   Data          72  main.o(.bss)
    hspi2                                    0x20000058   Data         100  main.o(.bss)
    hspi3                                    0x200000bc   Data         100  main.o(.bss)
    hspi4                                    0x20000120   Data         100  main.o(.bss)
    hspi5                                    0x20000184   Data         100  main.o(.bss)
    hspi6                                    0x200001e8   Data         100  main.o(.bss)
    huart4                                   0x2000024c   Data         128  main.o(.bss)
    huart8                                   0x200002cc   Data         128  main.o(.bss)
    __initial_sp                             0x20000750   Data           0  startup_stm32f779xx.o(STACK)



==============================================================================

Memory Map of the image

  Image Entry point : 0x080001f9

  Load Region LR_IROM1 (Base: 0x08000000, Size: 0x000024c0, Max: 0x00200000, ABSOLUTE)

    Execution Region ER_IROM1 (Exec base: 0x08000000, Load base: 0x08000000, Size: 0x000024b0, Max: 0x00200000, ABSOLUTE)

    Exec Addr    Load Addr    Size         Type   Attr      Idx    E Section Name        Object

    0x08000000   0x08000000   0x000001f8   Data   RO            3    RESET               startup_stm32f779xx.o
    0x080001f8   0x080001f8   0x00000000   Code   RO         3187  * .ARM.Collect$$$$00000000  mc_w.l(entry.o)
    0x080001f8   0x080001f8   0x00000004   Code   RO         3194    .ARM.Collect$$$$00000001  mc_w.l(entry2.o)
    0x080001fc   0x080001fc   0x00000004   Code   RO         3197    .ARM.Collect$$$$00000004  mc_w.l(entry5.o)
    0x08000200   0x08000200   0x00000000   Code   RO         3199    .ARM.Collect$$$$00000008  mc_w.l(entry7b.o)
    0x08000200   0x08000200   0x00000000   Code   RO         3201    .ARM.Collect$$$$0000000A  mc_w.l(entry8b.o)
    0x08000200   0x08000200   0x00000008   Code   RO         3202    .ARM.Collect$$$$0000000B  mc_w.l(entry9a.o)
    0x08000208   0x08000208   0x00000000   Code   RO         3204    .ARM.Collect$$$$0000000D  mc_w.l(entry10a.o)
    0x08000208   0x08000208   0x00000000   Code   RO         3206    .ARM.Collect$$$$0000000F  mc_w.l(entry11a.o)
    0x08000208   0x08000208   0x00000004   Code   RO         3195    .ARM.Collect$$$$00002712  mc_w.l(entry2.o)
    0x0800020c   0x0800020c   0x00000024   Code   RO            4    .text               startup_stm32f779xx.o
    0x08000230   0x08000230   0x00000062   Code   RO         3190    .text               mc_w.l(uldiv.o)
    0x08000292   0x08000292   0x00000024   Code   RO         3192    .text               mc_w.l(memseta.o)
    0x080002b6   0x080002b6   0x0000001e   Code   RO         3208    .text               mc_w.l(llshl.o)
    0x080002d4   0x080002d4   0x00000020   Code   RO         3210    .text               mc_w.l(llushr.o)
    0x080002f4   0x080002f4   0x00000024   Code   RO         3212    .text               mc_w.l(init.o)
    0x08000318   0x08000318   0x00000138   Code   RO          364    i.ADC_Init          stm32f7xx_hal_adc.o
    0x08000450   0x08000450   0x00000002   Code   RO          213    i.BusFault_Handler  stm32f7xx_it.o
    0x08000452   0x08000452   0x00000002   Code   RO          214    i.DebugMon_Handler  stm32f7xx_it.o
    0x08000454   0x08000454   0x000001a8   Code   RO          366    i.HAL_ADC_ConfigChannel  stm32f7xx_hal_adc.o
    0x080005fc   0x080005fc   0x00000054   Code   RO          375    i.HAL_ADC_Init      stm32f7xx_hal_adc.o
    0x08000650   0x08000650   0x00000080   Code   RO          302    i.HAL_ADC_MspInit   stm32f7xx_hal_msp.o
    0x080006d0   0x080006d0   0x00000024   Code   RO         1050    i.HAL_DMA_Abort_IT  stm32f7xx_hal_dma.o
    0x080006f4   0x080006f4   0x00000024   Code   RO         1551    i.HAL_Delay         stm32f7xx_hal.o
    0x08000718   0x08000718   0x000001d8   Code   RO          983    i.HAL_GPIO_Init     stm32f7xx_hal_gpio.o
    0x080008f0   0x080008f0   0x0000000a   Code   RO          987    i.HAL_GPIO_WritePin  stm32f7xx_hal_gpio.o
    0x080008fa   0x080008fa   0x00000002   PAD
    0x080008fc   0x080008fc   0x0000000c   Code   RO         1561    i.HAL_GetTick       stm32f7xx_hal.o
    0x08000908   0x08000908   0x00000010   Code   RO         1567    i.HAL_IncTick       stm32f7xx_hal.o
    0x08000918   0x08000918   0x00000016   Code   RO         1568    i.HAL_Init          stm32f7xx_hal.o
    0x0800092e   0x0800092e   0x00000002   PAD
    0x08000930   0x08000930   0x00000040   Code   RO         1569    i.HAL_InitTick      stm32f7xx_hal.o
    0x08000970   0x08000970   0x00000030   Code   RO          303    i.HAL_MspInit       stm32f7xx_hal_msp.o
    0x080009a0   0x080009a0   0x0000001a   Code   RO         1414    i.HAL_NVIC_EnableIRQ  stm32f7xx_hal_cortex.o
    0x080009ba   0x080009ba   0x00000002   PAD
    0x080009bc   0x080009bc   0x00000040   Code   RO         1420    i.HAL_NVIC_SetPriority  stm32f7xx_hal_cortex.o
    0x080009fc   0x080009fc   0x00000024   Code   RO         1421    i.HAL_NVIC_SetPriorityGrouping  stm32f7xx_hal_cortex.o
    0x08000a20   0x08000a20   0x0000053c   Code   RO          744    i.HAL_RCCEx_PeriphCLKConfig  stm32f7xx_hal_rcc_ex.o
    0x08000f5c   0x08000f5c   0x00000130   Code   RO          637    i.HAL_RCC_ClockConfig  stm32f7xx_hal_rcc.o
    0x0800108c   0x0800108c   0x00000020   Code   RO          644    i.HAL_RCC_GetPCLK1Freq  stm32f7xx_hal_rcc.o
    0x080010ac   0x080010ac   0x00000020   Code   RO          645    i.HAL_RCC_GetPCLK2Freq  stm32f7xx_hal_rcc.o
    0x080010cc   0x080010cc   0x00000064   Code   RO          646    i.HAL_RCC_GetSysClockFreq  stm32f7xx_hal_rcc.o
    0x08001130   0x08001130   0x00000398   Code   RO          649    i.HAL_RCC_OscConfig  stm32f7xx_hal_rcc.o
    0x080014c8   0x080014c8   0x000000c4   Code   RO         2336    i.HAL_SPI_Init      stm32f7xx_hal_spi.o
    0x0800158c   0x0800158c   0x00000198   Code   RO          305    i.HAL_SPI_MspInit   stm32f7xx_hal_msp.o
    0x08001724   0x08001724   0x00000026   Code   RO         1425    i.HAL_SYSTICK_Config  stm32f7xx_hal_cortex.o
    0x0800174a   0x0800174a   0x00000002   Code   RO         2721    i.HAL_UARTEx_WakeupCallback  stm32f7xx_hal_uart.o
    0x0800174c   0x0800174c   0x00000002   Code   RO         2737    i.HAL_UART_ErrorCallback  stm32f7xx_hal_uart.o
    0x0800174e   0x0800174e   0x00000002   PAD
    0x08001750   0x08001750   0x0000015c   Code   RO         2740    i.HAL_UART_IRQHandler  stm32f7xx_hal_uart.o
    0x080018ac   0x080018ac   0x00000066   Code   RO         2741    i.HAL_UART_Init     stm32f7xx_hal_uart.o
    0x08001912   0x08001912   0x00000002   PAD
    0x08001914   0x08001914   0x000000e8   Code   RO          307    i.HAL_UART_MspInit  stm32f7xx_hal_msp.o
    0x080019fc   0x080019fc   0x00000002   Code   RO         2753    i.HAL_UART_TxCpltCallback  stm32f7xx_hal_uart.o
    0x080019fe   0x080019fe   0x00000002   Code   RO          215    i.HardFault_Handler  stm32f7xx_it.o
    0x08001a00   0x08001a00   0x00000054   Code   RO           14    i.MX_ADC1_Init      main.o
    0x08001a54   0x08001a54   0x00000220   Code   RO           15    i.MX_GPIO_Init      main.o
    0x08001c74   0x08001c74   0x00000040   Code   RO           16    i.MX_SPI2_Init      main.o
    0x08001cb4   0x08001cb4   0x00000040   Code   RO           17    i.MX_SPI3_Init      main.o
    0x08001cf4   0x08001cf4   0x00000040   Code   RO           18    i.MX_SPI4_Init      main.o
    0x08001d34   0x08001d34   0x00000040   Code   RO           19    i.MX_SPI5_Init      main.o
    0x08001d74   0x08001d74   0x00000040   Code   RO           20    i.MX_SPI6_Init      main.o
    0x08001db4   0x08001db4   0x00000030   Code   RO           21    i.MX_UART4_Init     main.o
    0x08001de4   0x08001de4   0x00000030   Code   RO           22    i.MX_UART8_Init     main.o
    0x08001e14   0x08001e14   0x00000002   Code   RO          216    i.MemManage_Handler  stm32f7xx_it.o
    0x08001e16   0x08001e16   0x00000002   Code   RO          217    i.NMI_Handler       stm32f7xx_it.o
    0x08001e18   0x08001e18   0x00000002   Code   RO          218    i.PendSV_Handler    stm32f7xx_it.o
    0x08001e1a   0x08001e1a   0x00000002   Code   RO          219    i.SVC_Handler       stm32f7xx_it.o
    0x08001e1c   0x08001e1c   0x00000004   Code   RO          220    i.SysTick_Handler   stm32f7xx_it.o
    0x08001e20   0x08001e20   0x0000008c   Code   RO           23    i.SystemClock_Config  main.o
    0x08001eac   0x08001eac   0x0000001c   Code   RO         3153    i.SystemInit        system_stm32f7xx.o
    0x08001ec8   0x08001ec8   0x0000000c   Code   RO          221    i.UART4_IRQHandler  stm32f7xx_it.o
    0x08001ed4   0x08001ed4   0x0000000c   Code   RO          222    i.UART8_IRQHandler  stm32f7xx_it.o
    0x08001ee0   0x08001ee0   0x000000c8   Code   RO         2755    i.UART_AdvFeatureConfig  stm32f7xx_hal_uart.o
    0x08001fa8   0x08001fa8   0x00000058   Code   RO         2756    i.UART_CheckIdleState  stm32f7xx_hal_uart.o
    0x08002000   0x08002000   0x00000014   Code   RO         2757    i.UART_DMAAbortOnError  stm32f7xx_hal_uart.o
    0x08002014   0x08002014   0x00000020   Code   RO         2767    i.UART_EndRxTransfer  stm32f7xx_hal_uart.o
    0x08002034   0x08002034   0x0000025c   Code   RO         2771    i.UART_SetConfig    stm32f7xx_hal_uart.o
    0x08002290   0x08002290   0x000000a4   Code   RO         2774    i.UART_WaitOnFlagUntilTimeout  stm32f7xx_hal_uart.o
    0x08002334   0x08002334   0x00000002   Code   RO          223    i.UsageFault_Handler  stm32f7xx_it.o
    0x08002336   0x08002336   0x00000022   Code   RO         1427    i.__NVIC_SetPriority  stm32f7xx_hal_cortex.o
    0x08002358   0x08002358   0x0000000e   Code   RO         3216    i.__scatterload_copy  mc_w.l(handlers.o)
    0x08002366   0x08002366   0x00000002   Code   RO         3217    i.__scatterload_null  mc_w.l(handlers.o)
    0x08002368   0x08002368   0x0000000e   Code   RO         3218    i.__scatterload_zeroinit  mc_w.l(handlers.o)
    0x08002376   0x08002376   0x00000002   PAD
    0x08002378   0x08002378   0x00000070   Code   RO           24    i.led_blinky        main.o
    0x080023e8   0x080023e8   0x00000090   Code   RO           25    i.main              main.o
    0x08002478   0x08002478   0x00000010   Data   RO         3154    .constdata          system_stm32f7xx.o
    0x08002488   0x08002488   0x00000008   Data   RO         3155    .constdata          system_stm32f7xx.o
    0x08002490   0x08002490   0x00000020   Data   RO         3214    Region$$Table       anon$$obj.o


    Execution Region RW_IRAM1 (Exec base: 0x20000000, Load base: 0x080024b0, Size: 0x00000750, Max: 0x00080000, ABSOLUTE)

    Exec Addr    Load Addr    Size         Type   Attr      Idx    E Section Name        Object

    0x20000000   0x080024b0   0x0000000c   Data   RW         1575    .data               stm32f7xx_hal.o
    0x2000000c   0x080024bc   0x00000004   Data   RW         3156    .data               system_stm32f7xx.o
    0x20000010        -       0x0000033c   Zero   RW           26    .bss                main.o
    0x2000034c   0x080024c0   0x00000004   PAD
    0x20000350        -       0x00000400   Zero   RW            1    STACK               startup_stm32f779xx.o


==============================================================================

Image component sizes


      Code (inc. data)   RO Data    RW Data    ZI Data      Debug   Object Name

      1440        146          0          0        828    1008050   main.o
        36          8        504          0       1024        852   startup_stm32f779xx.o
       150         24          0         12          0       9297   stm32f7xx_hal.o
       820         30          0          0          0       2919   stm32f7xx_hal_adc.o
       198         12          0          0          0      39071   stm32f7xx_hal_cortex.o
        36          0          0          0          0       1255   stm32f7xx_hal_dma.o
       482         52          0          0          0       2608   stm32f7xx_hal_gpio.o
       816         90          0          0          0       3761   stm32f7xx_hal_msp.o
      1388         70          0          0          0       5276   stm32f7xx_hal_rcc.o
      1340         22          0          0          0       2352   stm32f7xx_hal_rcc_ex.o
       196          0          0          0          0       1295   stm32f7xx_hal_spi.o
      1564         74          0          0          0       9414   stm32f7xx_hal_uart.o
        44         12          0          0          0       5168   stm32f7xx_it.o
        28          6         24          4          0       1183   system_stm32f7xx.o

    ----------------------------------------------------------------------
      8548        546        560         16       1856    1092501   Object Totals
         0          0         32          0          0          0   (incl. Generated)
        10          0          0          0          4          0   (incl. Padding)

    ----------------------------------------------------------------------

      Code (inc. data)   RO Data    RW Data    ZI Data      Debug   Library Member Name

         0          0          0          0          0          0   entry.o
         0          0          0          0          0          0   entry10a.o
         0          0          0          0          0          0   entry11a.o
         8          4          0          0          0          0   entry2.o
         4          0          0          0          0          0   entry5.o
         0          0          0          0          0          0   entry7b.o
         0          0          0          0          0          0   entry8b.o
         8          4          0          0          0          0   entry9a.o
        30          0          0          0          0          0   handlers.o
        36          8          0          0          0         68   init.o
        30          0          0          0          0         68   llshl.o
        32          0          0          0          0         68   llushr.o
        36          0          0          0          0        108   memseta.o
        98          0          0          0          0         92   uldiv.o

    ----------------------------------------------------------------------
       284         16          0          0          0        404   Library Totals
         2          0          0          0          0          0   (incl. Padding)

    ----------------------------------------------------------------------

      Code (inc. data)   RO Data    RW Data    ZI Data      Debug   Library Name

       282         16          0          0          0        404   mc_w.l

    ----------------------------------------------------------------------
       284         16          0          0          0        404   Library Totals

    ----------------------------------------------------------------------

==============================================================================


      Code (inc. data)   RO Data    RW Data    ZI Data      Debug   

      8832        562        560         16       1856    1087505   Grand Totals
      8832        562        560         16       1856    1087505   ELF Image Totals
      8832        562        560         16          0          0   ROM Totals

==============================================================================

    Total RO  Size (Code + RO Data)                 9392 (   9.17kB)
    Total RW  Size (RW Data + ZI Data)              1872 (   1.83kB)
    Total ROM Size (Code + RO Data + RW Data)       9408 (   9.19kB)

==============================================================================

