Resource Report
Microsemi Corporation - Microsemi Libero Software Release v2021.2 (Version 2021.2.0.11)
Date: Mon Feb 14 21:52:17 2022

Device Selection
+--------------------------------+----------------+
| Family                         | SmartFusion2   |
| Device                         | M2S010         |
| Package                        | 144 TQ         |
| Speed Grade                    | STD            |
| Temp                           | -40:25:100     |
| Voltage                        | 1.26:1.20:1.14 |
| Core Voltage                   | 1.2V           |
| Ramp Rate                      | 100ms Minimum  |
| System Controller Suspend Mode | No             |
| PLL Supply Voltage             | 2.5V           |
| Default I/O technology         | LVCMOS 3.3V    |
| Restrict Probe Pins            | No             |
| Restrict SPI Pins              | No             |
+--------------------------------+----------------+

Source Files
+---------+-------------------------------------------------------+
| Topcell | sb                                                    |
| Format  | Verilog                                               |
| Source  | B:\HERMESS_SPSoftware\Microcontroller\synthesis\sb.vm |
+---------+-------------------------------------------------------+

Options
+----------------------------------------------------+-------+
| Enable Single Event Transient mitigation           | false |
| Enable Design Separation Methodology               | false |
| Limit the number of high fanout nets to display to | 10    |
+----------------------------------------------------+-------+

Resource Usage
+---------------------------+------+-------+------------+
| Type                      | Used | Total | Percentage |
+---------------------------+------+-------+------------+
| 4LUT                      | 6816 | 12084 | 56.41      |
| DFF                       | 4290 | 12084 | 35.50      |
| I/O Register              | 0    | 252   | 0.00       |
| User I/O                  | 72   | 84    | 85.71      |
| -- Single-ended I/O       | 72   | 84    | 85.71      |
| -- Differential I/O Pairs | 0    | 37    | 0.00       |
| RAM64x18                  | 0    | 22    | 0.00       |
| RAM1K18                   | 0    | 21    | 0.00       |
| MACC                      | 0    | 22    | 0.00       |
| Chip Globals              | 2    | 8     | 25.00      |
| CCC                       | 1    | 2     | 50.00      |
| RCOSC_25_50MHZ            | 1    | 1     | 100.00     |
| RCOSC_1MHZ                | 0    | 1     | 0.00       |
| XTLOSC                    | 0    | 1     | 0.00       |
| MSS                       | 1    | 1     | 100.00     |
+---------------------------+------+-------+------------+

Detailed Logic Resource Usage
+--------------------------+------+------+
| Type                     | 4LUT | DFF  |
+--------------------------+------+------+
| Fabric Logic             | 6816 | 4290 |
| RAM64x18 Interface Logic | 0    | 0    |
| RAM1K18 Interface Logic  | 0    | 0    |
| MACC Interface Logic     | 0    | 0    |
| Total Used               | 6816 | 4290 |
+--------------------------+------+------+

MSS Resource Usage
+---------------+------+-------+
| Type          | Used | Total |
+---------------+------+-------+
| Cortex-M3*    | 1    | 1     |
| eNVM (256KB)* | 1    | 1     |
| eSRAM*        | 2    | 2     |
| TIMER*        | 2    | 2     |
| CAN           | 0    | 1     |
| SPI           | 1    | 2     |
| I2C           | 0    | 2     |
| UART          | 1    | 2     |
| USB           | 0    | 1     |
| MAC           | 0    | 1     |
| MDDR          | 0    | 1     |
| HPDMA         | 1    | 1     |
| PDMA          | 1    | 1     |
+---------------+------+-------+

* These resources are always marked as used when you are using the MSS

Detailed Carry Chains Resource Usage
+--------+------+
| Length | Used |
| 2      | 360  |
| 5      | 66   |
| 6      | 12   |
| 7      | 6    |
| 12     | 6    |
| 17     | 3    |
| 28     | 6    |
| 31     | 2    |
| 32     | 15   |
| 33     | 6    |
| Total  | 482  |
+--------+------+

I/O Function
+-------------------------------+--------------+-------------+-----------------+
| Type                          | w/o register | w/ register | w/ DDR register |
+-------------------------------+--------------+-------------+-----------------+
| Input I/O                     | 31           | 0           | 0               |
| Output I/O                    | 41           | 0           | 0               |
| Bidirectional I/O             | 0            | 0           | 0               |
| Differential Input I/O Pairs  | 0            | 0           | 0               |
| Differential Output I/O Pairs | 0            | 0           | 0               |
+-------------------------------+--------------+-------------+-----------------+

I/O Technology
+--------------+--------+------+-------+--------+---------------+
| I/O Standard | Vddi   | Vref | Input | Output | Bidirectional |
+--------------+--------+------+-------+--------+---------------+
| LVCMOS33     |  3.30v |  N/A |  31   |  41    |  0            |
+--------------+--------+------+-------+--------+---------------+

Nets assigned to chip global resources
+--------+---------+----------------------------------------+
| Fanout | Type    | Name                                   |
+--------+---------+----------------------------------------+
| 4229   | INT_NET | Net   : sb_sb_0_FIC_0_CLK              |
|        |         | Driver: sb_sb_0/CCC_0/GL0_INST/U0_RGB1 |
|        |         | Source: NETLIST                        |
| 3056   | INT_NET | Net   : AND2_0_Y_arst                  |
|        |         | Driver: AND2_0_RNIKOS1/U0_RGB1         |
|        |         | Source: NETLIST                        |
+--------+---------+----------------------------------------+

Nets assigned to row global resources
+--------+------+------+
| Fanout | Type | Name |
+--------+------+------+
+--------+------+------+

High fanout nets
+--------+---------+-----------------------------------------------------------+
| Fanout | Type    | Name                                                      |
+--------+---------+-----------------------------------------------------------+
| 433    | INT_NET | Net   : sb_sb_0_STAMP_PADDR[4]                            |
|        |         | Driver: sb_sb_0/sb_sb_MSS_0/MSS_ADLIB_INST                |
| 395    | INT_NET | Net   : sb_sb_0_STAMP_PADDR[8]                            |
|        |         | Driver: sb_sb_0/sb_sb_MSS_0/MSS_ADLIB_INST                |
| 326    | INT_NET | Net   : telemetry_0/row_2_Z[2]                            |
|        |         | Driver: telemetry_0/row_2[2]                              |
| 291    | INT_NET | Net   : sb_sb_0_STAMP_PADDR[2]                            |
|        |         | Driver: sb_sb_0/sb_sb_MSS_0/MSS_ADLIB_INST                |
| 239    | INT_NET | Net   : sb_sb_0_STAMP_PADDR[9]                            |
|        |         | Driver: sb_sb_0/sb_sb_MSS_0/MSS_ADLIB_INST                |
| 231    | INT_NET | Net   : sb_sb_0_STAMP_PADDR[3]                            |
|        |         | Driver: sb_sb_0/sb_sb_MSS_0/MSS_ADLIB_INST                |
| 223    | INT_NET | Net   : AND2_0_Y                                          |
|        |         | Driver: AND2_0                                            |
| 183    | INT_NET | Net   : sb_sb_0_STAMP_PADDR[6]                            |
|        |         | Driver: sb_sb_0/sb_sb_MSS_0/MSS_ADLIB_INST                |
| 165    | INT_NET | Net   : telemetry_0/row_2_Z[1]                            |
|        |         | Driver: telemetry_0/row_2[1]                              |
| 135    | INT_NET | Net   : sb_sb_0/CoreAPB3_0/PSELSBUS[2]                    |
|        |         | Driver: sb_sb_0/CoreAPB3_0/u_mux_p_to_b3/PSELSBUS_0_a2[2] |
+--------+---------+-----------------------------------------------------------+

High fanout nets (through buffer trees)
+--------+---------+-----------------------------------------------------------+
| Fanout | Type    | Name                                                      |
+--------+---------+-----------------------------------------------------------+
| 433    | INT_NET | Net   : sb_sb_0_STAMP_PADDR[4]                            |
|        |         | Driver: sb_sb_0/sb_sb_MSS_0/MSS_ADLIB_INST                |
| 395    | INT_NET | Net   : sb_sb_0_STAMP_PADDR[8]                            |
|        |         | Driver: sb_sb_0/sb_sb_MSS_0/MSS_ADLIB_INST                |
| 326    | INT_NET | Net   : telemetry_0/row_2_Z[2]                            |
|        |         | Driver: telemetry_0/row_2[2]                              |
| 291    | INT_NET | Net   : sb_sb_0_STAMP_PADDR[2]                            |
|        |         | Driver: sb_sb_0/sb_sb_MSS_0/MSS_ADLIB_INST                |
| 239    | INT_NET | Net   : sb_sb_0_STAMP_PADDR[9]                            |
|        |         | Driver: sb_sb_0/sb_sb_MSS_0/MSS_ADLIB_INST                |
| 231    | INT_NET | Net   : sb_sb_0_STAMP_PADDR[3]                            |
|        |         | Driver: sb_sb_0/sb_sb_MSS_0/MSS_ADLIB_INST                |
| 223    | INT_NET | Net   : AND2_0_Y                                          |
|        |         | Driver: AND2_0                                            |
| 183    | INT_NET | Net   : sb_sb_0_STAMP_PADDR[6]                            |
|        |         | Driver: sb_sb_0/sb_sb_MSS_0/MSS_ADLIB_INST                |
| 165    | INT_NET | Net   : telemetry_0/row_2_Z[1]                            |
|        |         | Driver: telemetry_0/row_2[1]                              |
| 135    | INT_NET | Net   : sb_sb_0/CoreAPB3_0/PSELSBUS[2]                    |
|        |         | Driver: sb_sb_0/CoreAPB3_0/u_mux_p_to_b3/PSELSBUS_0_a2[2] |
+--------+---------+-----------------------------------------------------------+

