Resource Report
Microsemi Corporation - Microsemi Libero Software Release v12.6 (Version 12.900.20.24)
Date: Thu Jun 24 09:57:37 2021

Device Selection
+--------------------------------+----------------+
| Family                         | SmartFusion2   |
| Device                         | M2S010         |
| Package                        | 400 VF         |
| Speed Grade                    | STD            |
| Temp                           | 0:25:85        |
| Voltage                        | 1.26:1.20:1.14 |
| Core Voltage                   | 1.2V           |
| Ramp Rate                      | 100ms Minimum  |
| System Controller Suspend Mode | No             |
| PLL Supply Voltage             | 3.3V           |
| Default I/O technology         | LVCMOS 3.3V    |
| Restrict Probe Pins            | No             |
| Restrict SPI Pins              | No             |
+--------------------------------+----------------+

Source Files
+---------+-------------------------------------------------------+
| Topcell | sb                                                    |
| Format  | Verilog                                               |
| Source  | D:\HERMESS_SPSoftware\Microcontroller\synthesis\sb.vm |
+---------+-------------------------------------------------------+

Options
+----------------------------------------------------+-------+
| Enable Single Event Transient mitigation           | false |
| Enable Design Separation Methodology               | false |
| Limit the number of high fanout nets to display to | 10    |
+----------------------------------------------------+-------+

Resource Usage
+---------------------------+------+-------+------------+
| Type                      | Used | Total | Percentage |
+---------------------------+------+-------+------------+
| 4LUT                      | 1741 | 12084 | 14.41      |
| DFF                       | 935  | 12084 | 7.74       |
| I/O Register              | 0    | 585   | 0.00       |
| User I/O                  | 26   | 195   | 13.33      |
| -- Single-ended I/O       | 26   | 195   | 13.33      |
| -- Differential I/O Pairs | 0    | 97    | 0.00       |
| RAM64x18                  | 0    | 22    | 0.00       |
| RAM1K18                   | 0    | 21    | 0.00       |
| MACC                      | 0    | 22    | 0.00       |
| Chip Globals              | 4    | 8     | 50.00      |
| CCC                       | 1    | 2     | 50.00      |
| RCOSC_25_50MHZ            | 1    | 1     | 100.00     |
| RCOSC_1MHZ                | 0    | 1     | 0.00       |
| XTLOSC                    | 0    | 1     | 0.00       |
| MSS                       | 1    | 1     | 100.00     |
+---------------------------+------+-------+------------+

Detailed Logic Resource Usage
+--------------------------+------+-----+
| Type                     | 4LUT | DFF |
+--------------------------+------+-----+
| Fabric Logic             | 1741 | 935 |
| RAM64x18 Interface Logic | 0    | 0   |
| RAM1K18 Interface Logic  | 0    | 0   |
| MACC Interface Logic     | 0    | 0   |
| Total Used               | 1741 | 935 |
+--------------------------+------+-----+

MSS Resource Usage
+---------------+------+-------+
| Type          | Used | Total |
+---------------+------+-------+
| Cortex-M3*    | 1    | 1     |
| eNVM (256KB)* | 1    | 1     |
| eSRAM*        | 2    | 2     |
| TIMER*        | 2    | 2     |
| CAN           | 0    | 1     |
| SPI           | 1    | 2     |
| I2C           | 0    | 2     |
| UART          | 2    | 2     |
| USB           | 0    | 1     |
| MAC           | 0    | 1     |
| MDDR          | 0    | 1     |
| HPDMA         | 1    | 1     |
| PDMA          | 1    | 1     |
+---------------+------+-------+

* These resources are always marked as used when you are using the MSS

Detailed Carry Chains Resource Usage
+--------+------+
| Length | Used |
| 6      | 2    |
| 7      | 1    |
| 12     | 1    |
| 16     | 1    |
| 17     | 1    |
| 28     | 1    |
| 31     | 2    |
| 32     | 6    |
| 33     | 1    |
| Total  | 16   |
+--------+------+

I/O Function
+-------------------------------+--------------+-------------+-----------------+
| Type                          | w/o register | w/ register | w/ DDR register |
+-------------------------------+--------------+-------------+-----------------+
| Input I/O                     | 9            | 0           | 0               |
| Output I/O                    | 17           | 0           | 0               |
| Bidirectional I/O             | 0            | 0           | 0               |
| Differential Input I/O Pairs  | 0            | 0           | 0               |
| Differential Output I/O Pairs | 0            | 0           | 0               |
+-------------------------------+--------------+-------------+-----------------+

I/O Technology
+--------------+--------+------+-------+--------+---------------+
| I/O Standard | Vddi   | Vref | Input | Output | Bidirectional |
+--------------+--------+------+-------+--------+---------------+
| LVCMOS33     |  3.30v |  N/A |  9    |  17    |  0            |
+--------------+--------+------+-------+--------+---------------+

Nets assigned to chip global resources
+--------+---------+----------------------------------------------------------------+
| Fanout | Type    | Name                                                           |
+--------+---------+----------------------------------------------------------------+
| 874    | INT_NET | Net   : sb_sb_0_FIC_0_CLK                                      |
|        |         | Driver: sb_sb_0/CCC_0/GL0_INST/U0_RGB1                         |
|        |         | Source: NETLIST                                                |
| 419    | INT_NET | Net   : MemorySynchronizer_0/resetn_arst                       |
|        |         | Driver: MemorySynchronizer_0/un120_in_enable_0_I_1_613/U0_RGB1 |
|        |         | Source: NETLIST                                                |
| 155    | INT_NET | Net   : debug_led_net_0_arst                                   |
|        |         | Driver: MemorySynchronizer_0/un120_in_enable_0_I_1_614/U0_RGB1 |
|        |         | Source: NETLIST                                                |
| 1      | INT_NET | Net   : adc_clk_c                                              |
|        |         | Driver: sb_sb_0/CCC_0/GL1_INST/U0_RGB1                         |
|        |         | Source: NETLIST                                                |
+--------+---------+----------------------------------------------------------------+

Nets assigned to row global resources
+--------+------+------+
| Fanout | Type | Name |
+--------+------+------+
+--------+------+------+

High fanout nets
+--------+---------+----------------------------------------------------------------------+
| Fanout | Type    | Name                                                                 |
+--------+---------+----------------------------------------------------------------------+
| 128    | INT_NET | Net   : NN_1                                                         |
|        |         | Driver: ResetAND                                                     |
| 120    | INT_NET | Net   : MemorySynchronizer_0/WaitingTimerValueReg_1_sqmuxa           |
|        |         | Driver: MemorySynchronizer_0/WaitingTimerValueReg_1_sqmuxa_0_a2_0_a2 |
| 96     | INT_NET | Net   : MemorySynchronizer_0/ResetTimerValueReg_1_sqmuxa             |
|        |         | Driver: MemorySynchronizer_0/ResetTimerValueReg_1_sqmuxa_0_a2_1_a2   |
| 66     | INT_NET | Net   : STAMP_0/component_state_Z[5]                                 |
|        |         | Driver: STAMP_0/component_state[5]                                   |
| 65     | INT_NET | Net   : STAMP_0/spi/state_Z[0]                                       |
|        |         | Driver: STAMP_0/spi/state[0]                                         |
| 62     | INT_NET | Net   : CFG0_GND_INST_NET                                            |
|        |         | Driver: CFG0_GND_INST                                                |
| 61     | INT_NET | Net   : ENABLE_MEMORY_LED_c                                          |
|        |         | Driver: sb_sb_0/sb_sb_MSS_0/MSS_ADLIB_INST                           |
| 50     | INT_NET | Net   : sb_sb_0_STAMP_PADDR[8]                                       |
|        |         | Driver: sb_sb_0/sb_sb_MSS_0/MSS_ADLIB_INST                           |
| 44     | INT_NET | Net   : MemorySynchronizer_0.k_1[1]                                  |
|        |         | Driver: STAMP_0/new_avail                                            |
| 44     | INT_NET | Net   : MemorySynchronizer_0/APBState_Z[0]                           |
|        |         | Driver: MemorySynchronizer_0/APBState[0]                             |
+--------+---------+----------------------------------------------------------------------+

High fanout nets (through buffer trees)
+--------+---------+----------------------------------------------------------------------+
| Fanout | Type    | Name                                                                 |
+--------+---------+----------------------------------------------------------------------+
| 128    | INT_NET | Net   : NN_1                                                         |
|        |         | Driver: ResetAND                                                     |
| 120    | INT_NET | Net   : MemorySynchronizer_0/WaitingTimerValueReg_1_sqmuxa           |
|        |         | Driver: MemorySynchronizer_0/WaitingTimerValueReg_1_sqmuxa_0_a2_0_a2 |
| 96     | INT_NET | Net   : MemorySynchronizer_0/ResetTimerValueReg_1_sqmuxa             |
|        |         | Driver: MemorySynchronizer_0/ResetTimerValueReg_1_sqmuxa_0_a2_1_a2   |
| 66     | INT_NET | Net   : STAMP_0/component_state_Z[5]                                 |
|        |         | Driver: STAMP_0/component_state[5]                                   |
| 65     | INT_NET | Net   : STAMP_0/spi/state_Z[0]                                       |
|        |         | Driver: STAMP_0/spi/state[0]                                         |
| 62     | INT_NET | Net   : CFG0_GND_INST_NET                                            |
|        |         | Driver: CFG0_GND_INST                                                |
| 61     | INT_NET | Net   : ENABLE_MEMORY_LED_c                                          |
|        |         | Driver: sb_sb_0/sb_sb_MSS_0/MSS_ADLIB_INST                           |
| 50     | INT_NET | Net   : sb_sb_0_STAMP_PADDR[8]                                       |
|        |         | Driver: sb_sb_0/sb_sb_MSS_0/MSS_ADLIB_INST                           |
| 44     | INT_NET | Net   : MemorySynchronizer_0.k_1[1]                                  |
|        |         | Driver: STAMP_0/new_avail                                            |
| 44     | INT_NET | Net   : MemorySynchronizer_0/APBState_Z[0]                           |
|        |         | Driver: MemorySynchronizer_0/APBState[0]                             |
+--------+---------+----------------------------------------------------------------------+

