----------------------------------------------------------------
-Pin Report - Date: Mon Dec 13 03:46:42 2021 Pinchecksum: NOT-AVAILABLE
-Product: Designer
-Release: v12.6
-Version: 12.900.20.24
-Design Name: sb
-Family: SmartFusion2
-Die: M2S010
-Package: 144 TQ
-----------------------------------------------------------------

Port             |Pin |Fixed |Function                     |Bank     |I/O Std   |Direction                      |I/O state in Flash*Freeze mode |Resistor Pull                      |I/O available in Flash*Freeze mode |Schmitt Trigger |Odt_Static    |Odt Imp (Ohm)  |Low Power Exit |Input Delay |Slew         |Pre-Emphasis      |Output Drive (mA) |Output Load (pF) |
-----------------|----|------|-----------------------------|---------|----------|-------------------------------|-------------------------------|-----------------------------------|-----------------------------------|----------------|--------------|---------------|---------------|------------|-------------|------------------|------------------|-----------------|
DAPI_RXD          110  Yes    DDRIO29PB0                    Bank0     LVCMOS12   Input                           TRISTATE                        None                                No                                  Off              Off            50              Off             Off          ---           ---                ---                ---               
DAPI_TXD          111  Yes    DDRIO30PB0                    Bank0     LVCMOS12   Output                          TRISTATE                        None                                No                                  ---              ---            ---             ---             ---          SLOW          ---                4                  5                 
DEVRST_N          72   Fixed  DEVRST_N                      ---       
F_CLK             100  Yes    MSIO12PB2/SPI_0_CLK           Bank2     LVCMOS33   Output                          TRISTATE                        None                                No                                  ---              ---            ---             ---             ---          ---           ---                4                  5                 
F_CS1             103  Yes    MSIO13NB2/SPI_0_SS0/GPIO_7_A  Bank2     LVCMOS33   Output                          TRISTATE                        None                                No                                  ---              ---            ---             ---             ---          ---           ---                4                  5                 
F_CS2             94   Yes    MSIO6PB2/USB_DATA6_B          Bank2     LVCMOS33   Output                          TRISTATE                        None                                No                                  ---              ---            ---             ---             ---          ---           ---                4                  5                 
F_MISO            101  Yes    MSIO12NB2/SPI_0_SDI/GPIO_5_A  Bank2     LVCMOS33   Input                           TRISTATE                        None                                No                                  Off              ---            ---             Off             Off          ---           ---                ---                ---               
F_MOSI            102  Yes    MSIO13PB2/SPI_0_SDO/GPIO_6_A  Bank2     LVCMOS33   Output                          TRISTATE                        None                                No                                  ---              ---            ---             ---             ---          ---           ---                4                  5                 
IN_RXSM_LO        125  Yes    DDRIO44PB0                    Bank0     LVCMOS12   Input                           TRISTATE                        Up                                  No                                  Off              Off            50              Off             Off          ---           ---                ---                ---               
IN_RXSM_SODS      124  Yes    DDRIO44NB0                    Bank0     LVCMOS12   Input                           TRISTATE                        Up                                  No                                  Off              Off            50              Off             Off          ---           ---                ---                ---               
IN_RXSM_SOE       123  Yes    DDRIO43PB0                    Bank0     LVCMOS12   Input                           TRISTATE                        Up                                  No                                  Off              Off            50              Off             Off          ---           ---                ---                ---               
LED_FPGA_LOADED   23   Yes    MSIOD84PB6/CCC_NE1_CLKI2      Bank6     LVCMOS12   Output                          TRISTATE                        None                                No                                  ---              ---            ---             ---             ---          SLOW          ---                4                  5                 
LED_HB_MEMSYNC    28   Yes    MSIOD90PB6                    Bank6     LVCMOS12   Output                          TRISTATE                        None                                No                                  ---              ---            ---             ---             ---          SLOW          ---                4                  5                 
LED_HB_MSS        24   Yes    MSIOD85PB6/CCC_NE1_CLKI1      Bank6     LVCMOS12   Output                          TRISTATE                        None                                No                                  ---              ---            ---             ---             ---          SLOW          ---                4                  5                 
LED_RECORDING     27   Yes    MSIOD90NB6                    Bank6     LVCMOS12   Output                          TRISTATE                        None                                No                                  ---              ---            ---             ---             ---          SLOW          ---                4                  5                 
OUT_ADC_START     128  Yes    DDRIO47NB0                    Bank0     LVCMOS12   Output                          TRISTATE                        None                                No                                  ---              ---            ---             ---             ---          SLOW          ---                4                  5                 
STAMP1_CS_SGR1    137  Yes    DDRIO55PB0/CCC_NE0_CLKI3      Bank0     LVCMOS12   Output                          TRISTATE                        None                                No                                  ---              ---            ---             ---             ---          SLOW          ---                4                  5                 
STAMP1_CS_SGR2    141  Yes    DDRIO59NB0/GB4                Bank0     LVCMOS12   Output                          TRISTATE                        None                                No                                  ---              ---            ---             ---             ---          SLOW          ---                4                  5                 
STAMP1_CS_TEMP    142  Yes    DDRIO60NB0/CCC_NE1_CLKI3      Bank0     LVCMOS12   Output                          TRISTATE                        None                                No                                  ---              ---            ---             ---             ---          SLOW          ---                4                  5                 
STAMP1_DRDY_SGR1  134  Yes    DDRIO53NB0                    Bank0     LVCMOS12   Input                           TRISTATE                        None                                No                                  Off              Off            50              Off             Off          ---           ---                ---                ---               
STAMP1_DRDY_SGR2  135  Yes    DDRIO53PB0                    Bank0     LVCMOS12   Input                           TRISTATE                        None                                No                                  Off              Off            50              Off             Off          ---           ---                ---                ---               
STAMP1_DRDY_TEMP  136  Yes    DDRIO55NB0                    Bank0     LVCMOS12   Input                           TRISTATE                        None                                No                                  Off              Off            50              Off             Off          ---           ---                ---                ---               
STAMP1_MISO       131  Yes    DDRIO48PB0                    Bank0     LVCMOS12   Input                           TRISTATE                        None                                No                                  Off              Off            50              Off             Off          ---           ---                ---                ---               
STAMP1_MOSI       130  Yes    DDRIO48NB0                    Bank0     LVCMOS12   Output                          TRISTATE                        None                                No                                  ---              ---            ---             ---             ---          SLOW          ---                4                  5                 
STAMP1_SCLK       129  Yes    DDRIO47PB0                    Bank0     LVCMOS12   Output                          TRISTATE                        None                                No                                  ---              ---            ---             ---             ---          SLOW          ---                4                  5                 
STAMP2_CS_SGR1    87   Yes    MSIO2NB2/USB_NXT_B            Bank2     LVCMOS33   Output                          TRISTATE                        None                                No                                  ---              ---            ---             ---             ---          ---           ---                4                  5                 
STAMP2_CS_SGR2    88   Yes    MSIO3PB2/USB_DATA0_B          Bank2     LVCMOS33   Output                          TRISTATE                        None                                No                                  ---              ---            ---             ---             ---          ---           ---                4                  5                 
STAMP2_CS_TEMP    89   Yes    MSIO4PB2/USB_DATA2_B          Bank2     LVCMOS33   Output                          TRISTATE                        None                                No                                  ---              ---            ---             ---             ---          ---           ---                4                  5                 
STAMP2_DRDY_SGR1  82   Yes    MSIO1PB2/USB_XCLK_B           Bank2     LVCMOS33   Input                           TRISTATE                        None                                No                                  Off              ---            ---             Off             Off          ---           ---                ---                ---               
STAMP2_DRDY_SGR2  83   Yes    MSIO1NB2/USB_DIR_B            Bank2     LVCMOS33   Input                           TRISTATE                        None                                No                                  Off              ---            ---             Off             Off          ---           ---                ---                ---               
STAMP2_DRDY_TEMP  85   Yes    MSIO2PB2/USB_STP_B            Bank2     LVCMOS33   Input                           TRISTATE                        None                                No                                  Off              ---            ---             Off             Off          ---           ---                ---                ---               
STAMP2_MISO       81   Yes    MSIO0NB2/USB_DATA7_B          Bank2     LVCMOS33   Input                           TRISTATE                        None                                No                                  Off              ---            ---             Off             Off          ---           ---                ---                ---               
STAMP2_MOSI       122  Yes    DDRIO43NB0                    Bank0     LVCMOS12   Output                          TRISTATE                        None                                No                                  ---              ---            ---             ---             ---          SLOW          ---                4                  5                 
STAMP2_SCLK       118  Yes    DDRIO37PB0                    Bank0     LVCMOS12   Output                          TRISTATE                        None                                No                                  ---              ---            ---             ---             ---          SLOW          ---                4                  5                 
STAMP3_CS_SGR1    48   Yes    MSIO104NB4/GB7                Bank4     LVCMOS33   Output                          TRISTATE                        None                                No                                  ---              ---            ---             ---             ---          ---           ---                4                  5                 
STAMP3_CS_SGR2    49   Yes    MSIO104PB4/GB3                Bank4     LVCMOS33   Output                          TRISTATE                        None                                No                                  ---              ---            ---             ---             ---          ---           ---                4                  5                 
STAMP3_CS_TEMP    52   Yes    MSIO105PB4/CCC_NE0_CLKI0      Bank4     LVCMOS33   Output                          TRISTATE                        None                                No                                  ---              ---            ---             ---             ---          ---           ---                4                  5                 
STAMP3_DRDY_SGR1  93   Yes    MSIO5NB2/USB_DATA5_B          Bank2     LVCMOS33   Input                           TRISTATE                        None                                No                                  Off              ---            ---             Off             Off          ---           ---                ---                ---               
STAMP3_DRDY_SGR2  43   Yes    MSIO102PB4                    Bank4     LVCMOS33   Input                           TRISTATE                        None                                No                                  Off              ---            ---             Off             Off          ---           ---                ---                ---               
STAMP3_DRDY_TEMP  44   Yes    MSIO102NB4/CCC_NE1_CLKI0      Bank4     LVCMOS33   Input                           TRISTATE                        None                                No                                  Off              ---            ---             Off             Off          ---           ---                ---                ---               
STAMP3_MISO       92   Yes    MSIO5PB2/USB_DATA4_B          Bank2     LVCMOS33   Input                           TRISTATE                        None                                No                                  Off              ---            ---             Off             Off          ---           ---                ---                ---               
STAMP3_MOSI       91   Yes    MSIO4NB2/USB_DATA3_B          Bank2     LVCMOS33   Output                          TRISTATE                        None                                No                                  ---              ---            ---             ---             ---          ---           ---                4                  5                 
STAMP3_SCLK       90   Yes    MSIO3NB2/USB_DATA1_B          Bank2     LVCMOS33   Output                          TRISTATE                        None                                No                                  ---              ---            ---             ---             ---          ---           ---                4                  5                 
STAMP4_CS_SGR1    61   Yes    MSIO109NB4                    Bank4     LVCMOS33   Output                          TRISTATE                        None                                No                                  ---              ---            ---             ---             ---          ---           ---                4                  5                 
STAMP4_CS_SGR2    60   Yes    MSIO109PB4                    Bank4     LVCMOS33   Output                          TRISTATE                        None                                No                                  ---              ---            ---             ---             ---          ---           ---                4                  5                 
STAMP4_CS_TEMP    58   Yes    MSIO108NB4                    Bank4     LVCMOS33   Output                          TRISTATE                        None                                No                                  ---              ---            ---             ---             ---          ---           ---                4                  5                 
STAMP4_DRDY_SGR1  63   Yes    MSIO113PB4                    Bank4     LVCMOS33   Input                           TRISTATE                        None                                No                                  Off              ---            ---             Off             Off          ---           ---                ---                ---               
STAMP4_DRDY_SGR2  64   Yes    MSIO113NB4                    Bank4     LVCMOS33   Input                           TRISTATE                        None                                No                                  Off              ---            ---             Off             Off          ---           ---                ---                ---               
STAMP4_DRDY_TEMP  66   Yes    MSIO114PB4                    Bank4     LVCMOS33   Input                           TRISTATE                        None                                No                                  Off              ---            ---             Off             Off          ---           ---                ---                ---               
STAMP4_MISO       67   Yes    MSIO114NB4                    Bank4     LVCMOS33   Input                           TRISTATE                        None                                No                                  Off              ---            ---             Off             Off          ---           ---                ---                ---               
STAMP4_MOSI       55   Yes    MSIO106PB4                    Bank4     LVCMOS33   Output                          TRISTATE                        None                                No                                  ---              ---            ---             ---             ---          ---           ---                4                  5                 
STAMP4_SCLK       53   Yes    MSIO105NB4                    Bank4     LVCMOS33   Output                          TRISTATE                        None                                No                                  ---              ---            ---             ---             ---          ---           ---                4                  5                 
STAMP5_CS_SGR1    38   Yes    MSIOD99NB6                    Bank6     LVCMOS12   Output                          TRISTATE                        None                                No                                  ---              ---            ---             ---             ---          SLOW          ---                4                  5                 
STAMP5_CS_SGR2    13   Yes    MSIO76NB7                     Bank7     LVCMOS33   Output                          TRISTATE                        None                                No                                  ---              ---            ---             ---             ---          ---           ---                4                  5                 
STAMP5_CS_TEMP    14   Yes    MSIO76PB7                     Bank7     LVCMOS33   Output                          TRISTATE                        None                                No                                  ---              ---            ---             ---             ---          ---           ---                4                  5                 
STAMP5_DRDY_SGR1  33   Yes    MSIOD96NB6                    Bank6     LVCMOS12   Input                           TRISTATE                        None                                No                                  Off              Off            50              Off             Off          ---           ---                ---                ---               
STAMP5_DRDY_SGR2  36   Yes    MSIOD98NB6                    Bank6     LVCMOS12   Input                           TRISTATE                        None                                No                                  Off              Off            50              Off             Off          ---           ---                ---                ---               
STAMP5_DRDY_TEMP  37   Yes    MSIOD99PB6                    Bank6     LVCMOS12   Input                           TRISTATE                        None                                No                                  Off              Off            50              Off             Off          ---           ---                ---                ---               
STAMP5_MISO       32   Yes    MSIOD96PB6                    Bank6     LVCMOS12   Input                           TRISTATE                        None                                No                                  Off              Off            50              Off             Off          ---           ---                ---                ---               
STAMP5_MOSI       57   Yes    MSIO108PB4                    Bank4     LVCMOS33   Output                          TRISTATE                        None                                No                                  ---              ---            ---             ---             ---          ---           ---                4                  5                 
STAMP5_SCLK       56   Yes    MSIO106NB4                    Bank4     LVCMOS33   Output                          TRISTATE                        None                                No                                  ---              ---            ---             ---             ---          ---           ---                4                  5                 
STAMP6_CS_SGR1    9    Yes    MSIO72NB7                     Bank7     LVCMOS33   Output                          TRISTATE                        None                                No                                  ---              ---            ---             ---             ---          ---           ---                4                  5                 
STAMP6_CS_SGR2    10   Yes    MSIO73NB7                     Bank7     LVCMOS33   Output                          TRISTATE                        None                                No                                  ---              ---            ---             ---             ---          ---           ---                4                  5                 
STAMP6_CS_TEMP    22   Yes    MSIO81PB7                     Bank7     LVCMOS33   Output                          TRISTATE                        None                                No                                  ---              ---            ---             ---             ---          ---           ---                4                  5                 
STAMP6_DRDY_SGR1  4    Yes    MSIO67PB7                     Bank7     LVCMOS33   Input                           TRISTATE                        None                                No                                  Off              ---            ---             Off             Off          ---           ---                ---                ---               
STAMP6_DRDY_SGR2  7    Yes    MSIO71NB7                     Bank7     LVCMOS33   Input                           TRISTATE                        None                                No                                  Off              ---            ---             Off             Off          ---           ---                ---                ---               
STAMP6_DRDY_TEMP  8    Yes    MSIO71PB7                     Bank7     LVCMOS33   Input                           TRISTATE                        None                                No                                  Off              ---            ---             Off             Off          ---           ---                ---                ---               
STAMP6_MISO       3    Yes    MSIO67NB7                     Bank7     LVCMOS33   Input                           TRISTATE                        None                                No                                  Off              ---            ---             Off             Off          ---           ---                ---                ---               
STAMP6_MOSI       2    Yes    MSIO64PB7                     Bank7     LVCMOS33   Output                          TRISTATE                        None                                No                                  ---              ---            ---             ---             ---          ---           ---                4                  5                 
STAMP6_SCLK       1    Yes    MSIO64NB7                     Bank7     LVCMOS33   Output                          TRISTATE                        None                                No                                  ---              ---            ---             ---             ---          ---           ---                4                  5                 
TM_RXD            144  Yes    DDRIO63PB0                    Bank0     LVCMOS12   Input                           TRISTATE                        None                                No                                  Off              Off            50              Off             Off          ---           ---                ---                ---               
TM_TXD            143  Yes    DDRIO59PB0/GB0                Bank0     LVCMOS12   Output                          TRISTATE                        None                                No                                  ---              ---            ---             ---             ---          SLOW          ---                4                  5                 
WP                30   Yes    MSIOD93PB6                    Bank6     LVCMOS12   Input                           TRISTATE                        None                                No                                  Off              Off            50              Off             Off          ---           ---                ---                ---               
