stm32f3xx_hal_exti.c:144:19:HAL_EXTI_SetConfigLine	24	static
stm32f3xx_hal_exti.c:265:19:HAL_EXTI_GetConfigLine	24	static
stm32f3xx_hal_exti.c:368:19:HAL_EXTI_ClearConfigLine	16	static
stm32f3xx_hal_exti.c:433:19:HAL_EXTI_RegisterCallback	0	static
stm32f3xx_hal_exti.c:458:19:HAL_EXTI_GetHandle	16	static
stm32f3xx_hal_exti.c:498:6:HAL_EXTI_IRQHandler	0	static
stm32f3xx_hal_exti.c:535:10:HAL_EXTI_GetPending	16	static
stm32f3xx_hal_exti.c:569:6:HAL_EXTI_ClearPending	16	static
stm32f3xx_hal_exti.c:596:6:HAL_EXTI_GenerateSWI	8	static
