

@S |Clock Optimization Summary


#### START OF CLOCK OPTIMIZATION REPORT #####[

Clock optimization not enabled
0 non-gated/non-generated clock tree(s) driving 0 clock pin(s) of sequential element(s)
63 gated/generated clock tree(s) driving 936 clock pin(s) of sequential element(s)
0 instances converted, 936 sequential instances remain driven by gated/generated clocks

============================================================================================= Gated/Generated Clocks =============================================================================================
Clock Tree ID     Driving Element                                          Drive Element Type     Fanout     Sample Instance                           Explanation                                                
------------------------------------------------------------------------------------------------------------------------------------------------------------------------------------------------------------------
@K:CKID0001       sb_sb_0.CCC_0.CCC_INST                                   CCC                    874        sb_sb_0.sb_sb_MSS_0.MSS_ADLIB_INST        No gated clock conversion method for cell cell:work.MSS_010
@K:CKID0002       MemorySynchronizer_0.ResyncTimerValueReg_RNI5OIG[30]     CFG2                   1          MemorySynchronizer_0.un1_nreset_35_rs     No gated clock conversion method for cell cell:ACG4.SLE    
@K:CKID0003       MemorySynchronizer_0.ResyncTimerValueReg_RNI8PGG[15]     CFG2                   1          MemorySynchronizer_0.un1_nreset_51_rs     No gated clock conversion method for cell cell:ACG4.SLE    
@K:CKID0004       MemorySynchronizer_0.ResyncTimerValueReg_RNI9QGG[16]     CFG2                   1          MemorySynchronizer_0.un1_nreset_47_rs     No gated clock conversion method for cell cell:ACG4.SLE    
@K:CKID0005       MemorySynchronizer_0.ResyncTimerValueReg_RNIARGG[17]     CFG2                   1          MemorySynchronizer_0.un1_nreset_24_rs     No gated clock conversion method for cell cell:ACG4.SLE    
@K:CKID0006       MemorySynchronizer_0.ResyncTimerValueReg_RNIBSGG[18]     CFG2                   1          MemorySynchronizer_0.un1_nreset_46_rs     No gated clock conversion method for cell cell:ACG4.SLE    
@K:CKID0007       MemorySynchronizer_0.ResyncTimerValueReg_RNICTGG[19]     CFG2                   1          MemorySynchronizer_0.un1_nreset_40_rs     No gated clock conversion method for cell cell:ACG4.SLE    
@K:CKID0008       MemorySynchronizer_0.ResyncTimerValueReg_RNI4MHG[20]     CFG2                   1          MemorySynchronizer_0.un1_nreset_62_rs     No gated clock conversion method for cell cell:ACG4.SLE    
@K:CKID0009       MemorySynchronizer_0.ResyncTimerValueReg_RNI5NHG[21]     CFG2                   1          MemorySynchronizer_0.un1_nreset_43_rs     No gated clock conversion method for cell cell:ACG4.SLE    
@K:CKID0010       MemorySynchronizer_0.ResyncTimerValueReg_RNI6OHG[22]     CFG2                   1          MemorySynchronizer_0.un1_nreset_22_rs     No gated clock conversion method for cell cell:ACG4.SLE    
@K:CKID0011       MemorySynchronizer_0.ResyncTimerValueReg_RNI7PHG[23]     CFG2                   1          MemorySynchronizer_0.un1_nreset_25_rs     No gated clock conversion method for cell cell:ACG4.SLE    
@K:CKID0012       MemorySynchronizer_0.ResyncTimerValueReg_RNI8QHG[24]     CFG2                   1          MemorySynchronizer_0.un1_nreset_42_rs     No gated clock conversion method for cell cell:ACG4.SLE    
@K:CKID0013       MemorySynchronizer_0.ResyncTimerValueReg_RNI9RHG[25]     CFG2                   1          MemorySynchronizer_0.un1_nreset_26_rs     No gated clock conversion method for cell cell:ACG4.SLE    
@K:CKID0014       MemorySynchronizer_0.ResyncTimerValueReg_RNIASHG[26]     CFG2                   1          MemorySynchronizer_0.un1_nreset_39_rs     No gated clock conversion method for cell cell:ACG4.SLE    
@K:CKID0015       MemorySynchronizer_0.ResyncTimerValueReg_RNIBTHG[27]     CFG2                   1          MemorySynchronizer_0.un1_nreset_38_rs     No gated clock conversion method for cell cell:ACG4.SLE    
@K:CKID0016       MemorySynchronizer_0.ResyncTimerValueReg_RNICUHG[28]     CFG2                   1          MemorySynchronizer_0.un1_nreset_37_rs     No gated clock conversion method for cell cell:ACG4.SLE    
@K:CKID0017       MemorySynchronizer_0.ResyncTimerValueReg_RNIDVHG[29]     CFG2                   1          MemorySynchronizer_0.un1_nreset_36_rs     No gated clock conversion method for cell cell:ACG4.SLE    
@K:CKID0018       MemorySynchronizer_0.ResyncTimerValueReg_RNII11J[0]      CFG2                   1          MemorySynchronizer_0.un1_nreset_20_rs     No gated clock conversion method for cell cell:ACG4.SLE    
@K:CKID0019       MemorySynchronizer_0.ResyncTimerValueReg_RNIJ21J[1]      CFG2                   1          MemorySynchronizer_0.un1_nreset_1_rs      No gated clock conversion method for cell cell:ACG4.SLE    
@K:CKID0020       MemorySynchronizer_0.ResyncTimerValueReg_RNIK31J[2]      CFG2                   1          MemorySynchronizer_0.un1_nreset_45_rs     No gated clock conversion method for cell cell:ACG4.SLE    
@K:CKID0021       MemorySynchronizer_0.ResyncTimerValueReg_RNIL41J[3]      CFG2                   1          MemorySynchronizer_0.un1_nreset_2_rs      No gated clock conversion method for cell cell:ACG4.SLE    
@K:CKID0022       MemorySynchronizer_0.ResyncTimerValueReg_RNIM51J[4]      CFG2                   1          MemorySynchronizer_0.un1_nreset_4_rs      No gated clock conversion method for cell cell:ACG4.SLE    
@K:CKID0023       MemorySynchronizer_0.ResyncTimerValueReg_RNIN61J[5]      CFG2                   1          MemorySynchronizer_0.un1_nreset_5_rs      No gated clock conversion method for cell cell:ACG4.SLE    
@K:CKID0024       MemorySynchronizer_0.ResyncTimerValueReg_RNIO71J[6]      CFG2                   1          MemorySynchronizer_0.un1_nreset_60_rs     No gated clock conversion method for cell cell:ACG4.SLE    
@K:CKID0025       MemorySynchronizer_0.ResyncTimerValueReg_RNIP81J[7]      CFG2                   1          MemorySynchronizer_0.un1_nreset_59_rs     No gated clock conversion method for cell cell:ACG4.SLE    
@K:CKID0026       MemorySynchronizer_0.ResyncTimerValueReg_RNIQ91J[8]      CFG2                   1          MemorySynchronizer_0.un1_nreset_58_rs     No gated clock conversion method for cell cell:ACG4.SLE    
@K:CKID0027       MemorySynchronizer_0.ResyncTimerValueReg_RNIRA1J[9]      CFG2                   1          MemorySynchronizer_0.un1_nreset_57_rs     No gated clock conversion method for cell cell:ACG4.SLE    
@K:CKID0028       MemorySynchronizer_0.ResyncTimerValueReg_RNI3KGG[10]     CFG2                   1          MemorySynchronizer_0.un1_nreset_56_rs     No gated clock conversion method for cell cell:ACG4.SLE    
@K:CKID0029       MemorySynchronizer_0.ResyncTimerValueReg_RNI4LGG[11]     CFG2                   1          MemorySynchronizer_0.un1_nreset_55_rs     No gated clock conversion method for cell cell:ACG4.SLE    
@K:CKID0030       MemorySynchronizer_0.ResyncTimerValueReg_RNI5MGG[12]     CFG2                   1          MemorySynchronizer_0.un1_nreset_54_rs     No gated clock conversion method for cell cell:ACG4.SLE    
@K:CKID0031       MemorySynchronizer_0.ResyncTimerValueReg_RNI6NGG[13]     CFG2                   1          MemorySynchronizer_0.un1_nreset_53_rs     No gated clock conversion method for cell cell:ACG4.SLE    
@K:CKID0032       MemorySynchronizer_0.ResyncTimerValueReg_RNI7OGG[14]     CFG2                   1          MemorySynchronizer_0.un1_nreset_52_rs     No gated clock conversion method for cell cell:ACG4.SLE    
@K:CKID0033       MemorySynchronizer_0.ResetTimerValueReg_RNIK90D[21]      CFG2                   1          MemorySynchronizer_0.un1_nreset_12_rs     No gated clock conversion method for cell cell:ACG4.SLE    
@K:CKID0034       MemorySynchronizer_0.ResetTimerValueReg_RNILA0D[22]      CFG2                   1          MemorySynchronizer_0.un1_nreset_11_rs     No gated clock conversion method for cell cell:ACG4.SLE    
@K:CKID0035       MemorySynchronizer_0.ResetTimerValueReg_RNIMB0D[23]      CFG2                   1          MemorySynchronizer_0.un1_nreset_10_rs     No gated clock conversion method for cell cell:ACG4.SLE    
@K:CKID0036       MemorySynchronizer_0.ResetTimerValueReg_RNINC0D[24]      CFG2                   1          MemorySynchronizer_0.un1_nreset_9_rs      No gated clock conversion method for cell cell:ACG4.SLE    
@K:CKID0037       MemorySynchronizer_0.ResetTimerValueReg_RNIOD0D[25]      CFG2                   1          MemorySynchronizer_0.un1_nreset_29_rs     No gated clock conversion method for cell cell:ACG4.SLE    
@K:CKID0038       MemorySynchronizer_0.ResetTimerValueReg_RNIPE0D[26]      CFG2                   1          MemorySynchronizer_0.un1_nreset_28_rs     No gated clock conversion method for cell cell:ACG4.SLE    
@K:CKID0039       MemorySynchronizer_0.ResetTimerValueReg_RNIQF0D[27]      CFG2                   1          MemorySynchronizer_0.un1_nreset_27_rs     No gated clock conversion method for cell cell:ACG4.SLE    
@K:CKID0040       MemorySynchronizer_0.ResetTimerValueReg_RNIRG0D[28]      CFG2                   1          MemorySynchronizer_0.un1_nreset_19_rs     No gated clock conversion method for cell cell:ACG4.SLE    
@K:CKID0041       MemorySynchronizer_0.ResetTimerValueReg_RNISH0D[29]      CFG2                   1          MemorySynchronizer_0.un1_nreset_8_rs      No gated clock conversion method for cell cell:ACG4.SLE    
@K:CKID0042       MemorySynchronizer_0.ResetTimerValueReg_RNIKA1D[30]      CFG2                   1          MemorySynchronizer_0.un1_nreset_6_rs      No gated clock conversion method for cell cell:ACG4.SLE    
@K:CKID0043       MemorySynchronizer_0.ResetTimerValueReg_RNI7BCK[6]       CFG2                   1          MemorySynchronizer_0.un1_nreset_49_rs     No gated clock conversion method for cell cell:ACG4.SLE    
@K:CKID0044       MemorySynchronizer_0.ResetTimerValueReg_RNI8CCK[7]       CFG2                   1          MemorySynchronizer_0.un1_nreset_48_rs     No gated clock conversion method for cell cell:ACG4.SLE    
@K:CKID0045       MemorySynchronizer_0.ResetTimerValueReg_RNI9DCK[8]       CFG2                   1          MemorySynchronizer_0.un1_nreset_61_rs     No gated clock conversion method for cell cell:ACG4.SLE    
@K:CKID0046       MemorySynchronizer_0.ResetTimerValueReg_RNIAECK[9]       CFG2                   1          MemorySynchronizer_0.un1_nreset_44_rs     No gated clock conversion method for cell cell:ACG4.SLE    
@K:CKID0047       MemorySynchronizer_0.ResetTimerValueReg_RNII6VC[10]      CFG2                   1          MemorySynchronizer_0.un1_nreset_23_rs     No gated clock conversion method for cell cell:ACG4.SLE    
@K:CKID0048       MemorySynchronizer_0.ResetTimerValueReg_RNIJ7VC[11]      CFG2                   1          MemorySynchronizer_0.un1_nreset_3_rs      No gated clock conversion method for cell cell:ACG4.SLE    
@K:CKID0049       MemorySynchronizer_0.ResetTimerValueReg_RNIK8VC[12]      CFG2                   1          MemorySynchronizer_0.un1_nreset_41_rs     No gated clock conversion method for cell cell:ACG4.SLE    
@K:CKID0050       MemorySynchronizer_0.ResetTimerValueReg_RNIL9VC[13]      CFG2                   1          MemorySynchronizer_0.un1_nreset_21_rs     No gated clock conversion method for cell cell:ACG4.SLE    
@K:CKID0051       MemorySynchronizer_0.ResetTimerValueReg_RNIMAVC[14]      CFG2                   1          MemorySynchronizer_0.un1_nreset_7_rs      No gated clock conversion method for cell cell:ACG4.SLE    
@K:CKID0052       MemorySynchronizer_0.ResetTimerValueReg_RNINBVC[15]      CFG2                   1          MemorySynchronizer_0.un1_nreset_18_rs     No gated clock conversion method for cell cell:ACG4.SLE    
@K:CKID0053       MemorySynchronizer_0.ResetTimerValueReg_RNIOCVC[16]      CFG2                   1          MemorySynchronizer_0.un1_nreset_17_rs     No gated clock conversion method for cell cell:ACG4.SLE    
@K:CKID0054       MemorySynchronizer_0.ResetTimerValueReg_RNIPDVC[17]      CFG2                   1          MemorySynchronizer_0.un1_nreset_16_rs     No gated clock conversion method for cell cell:ACG4.SLE    
@K:CKID0055       MemorySynchronizer_0.ResetTimerValueReg_RNIQEVC[18]      CFG2                   1          MemorySynchronizer_0.un1_nreset_15_rs     No gated clock conversion method for cell cell:ACG4.SLE    
@K:CKID0056       MemorySynchronizer_0.ResetTimerValueReg_RNIRFVC[19]      CFG2                   1          MemorySynchronizer_0.un1_nreset_14_rs     No gated clock conversion method for cell cell:ACG4.SLE    
@K:CKID0057       MemorySynchronizer_0.ResetTimerValueReg_RNIJ80D[20]      CFG2                   1          MemorySynchronizer_0.un1_nreset_13_rs     No gated clock conversion method for cell cell:ACG4.SLE    
@K:CKID0058       MemorySynchronizer_0.ResetTimerValueReg_RNI15CK[0]       CFG2                   1          MemorySynchronizer_0.un1_nreset_34_rs     No gated clock conversion method for cell cell:ACG4.SLE    
@K:CKID0059       MemorySynchronizer_0.ResetTimerValueReg_RNI26CK[1]       CFG2                   1          MemorySynchronizer_0.un1_nreset_33_rs     No gated clock conversion method for cell cell:ACG4.SLE    
@K:CKID0060       MemorySynchronizer_0.ResetTimerValueReg_RNI37CK[2]       CFG2                   1          MemorySynchronizer_0.un1_nreset_32_rs     No gated clock conversion method for cell cell:ACG4.SLE    
@K:CKID0061       MemorySynchronizer_0.ResetTimerValueReg_RNI48CK[3]       CFG2                   1          MemorySynchronizer_0.un1_nreset_31_rs     No gated clock conversion method for cell cell:ACG4.SLE    
@K:CKID0062       MemorySynchronizer_0.ResetTimerValueReg_RNI59CK[4]       CFG2                   1          MemorySynchronizer_0.un1_nreset_30_rs     No gated clock conversion method for cell cell:ACG4.SLE    
@K:CKID0063       MemorySynchronizer_0.ResetTimerValueReg_RNI6ACK[5]       CFG2                   1          MemorySynchronizer_0.un1_nreset_50_rs     No gated clock conversion method for cell cell:ACG4.SLE    
==================================================================================================================================================================================================================


##### END OF CLOCK OPTIMIZATION REPORT ######]

