

@S |Clock Optimization Summary


#### START OF CLOCK OPTIMIZATION REPORT #####[

Clock optimization not enabled
0 non-gated/non-generated clock tree(s) driving 0 clock pin(s) of sequential element(s)
63 gated/generated clock tree(s) driving 4291 clock pin(s) of sequential element(s)
0 instances converted, 4291 sequential instances remain driven by gated/generated clocks

=================================================================================================== Gated/Generated Clocks ===================================================================================================
Clock Tree ID     Driving Element                                                      Drive Element Type     Fanout     Sample Instance                           Explanation                                                
------------------------------------------------------------------------------------------------------------------------------------------------------------------------------------------------------------------------------
@K:CKID0001       sb_sb_0.CCC_0.CCC_INST                                               CCC                    4229       sb_sb_0.sb_sb_MSS_0.MSS_ADLIB_INST        No gated clock conversion method for cell cell:work.MSS_010
@K:CKID0002       MemorySynchronizer_0.un1_ResetTimerValueReg_57                       CFG2                   1          MemorySynchronizer_0.un1_nreset_29_rs     No gated clock conversion method for cell cell:ACG4.SLE    
@K:CKID0003       MemorySynchronizer_0.un1_ResetTimerValueReg_31                       CFG2                   1          MemorySynchronizer_0.un1_nreset_11_rs     No gated clock conversion method for cell cell:ACG4.SLE    
@K:CKID0004       MemorySynchronizer_0.un1_ResetTimerValueReg_53                       CFG2                   1          MemorySynchronizer_0.un1_nreset_9_rs      No gated clock conversion method for cell cell:ACG4.SLE    
@K:CKID0005       MemorySynchronizer_0.un1_ResetTimerValueReg_54                       CFG2                   1          MemorySynchronizer_0.un1_nreset_5_rs      No gated clock conversion method for cell cell:ACG4.SLE    
@K:CKID0006       MemorySynchronizer_0.un1_ResetTimerValueReg_55                       CFG2                   1          MemorySynchronizer_0.un1_nreset_43_rs     No gated clock conversion method for cell cell:ACG4.SLE    
@K:CKID0007       MemorySynchronizer_0.k_1_2.un1_ResetTimerValueReg_43_0_a2            CFG2                   1          MemorySynchronizer_0.un1_nreset_46_rs     No gated clock conversion method for cell cell:ACG4.SLE    
@K:CKID0008       MemorySynchronizer_0.un1_ResetTimerValueReg_44                       CFG2                   1          MemorySynchronizer_0.un1_nreset_61_rs     No gated clock conversion method for cell cell:ACG4.SLE    
@K:CKID0009       MemorySynchronizer_0.un1_ResetTimerValueReg_56_0_a2                  CFG2                   1          MemorySynchronizer_0.un1_nreset_48_rs     No gated clock conversion method for cell cell:ACG4.SLE    
@K:CKID0010       MemorySynchronizer_0.un1_ResetTimerValueReg_58_0_a2                  CFG2                   1          MemorySynchronizer_0.un1_nreset_49_rs     No gated clock conversion method for cell cell:ACG4.SLE    
@K:CKID0011       MemorySynchronizer_0.un1_ResetTimerValueReg_32                       CFG2                   1          MemorySynchronizer_0.un1_nreset_50_rs     No gated clock conversion method for cell cell:ACG4.SLE    
@K:CKID0012       MemorySynchronizer_0.un1_ResetTimerValueReg_60                       CFG2                   1          MemorySynchronizer_0.un1_nreset_33_rs     No gated clock conversion method for cell cell:ACG4.SLE    
@K:CKID0013       MemorySynchronizer_0.ResetTimerValueReg_RNI2FLA[3]                   CFG2                   1          MemorySynchronizer_0.un1_nreset_34_rs     No gated clock conversion method for cell cell:ACG4.SLE    
@K:CKID0014       MemorySynchronizer_0.un1_ResetTimerValueReg_50_0_a2                  CFG2                   1          MemorySynchronizer_0.un1_nreset_35_rs     No gated clock conversion method for cell cell:ACG4.SLE    
@K:CKID0015       MemorySynchronizer_0.un1_ResetTimerValueReg_51                       CFG2                   1          MemorySynchronizer_0.un1_nreset_36_rs     No gated clock conversion method for cell cell:ACG4.SLE    
@K:CKID0016       MemorySynchronizer_0.k_1_2.un1_ResetTimerValueReg_52_0_a2            CFG2                   1          MemorySynchronizer_0.un1_nreset_37_rs     No gated clock conversion method for cell cell:ACG4.SLE    
@K:CKID0017       MemorySynchronizer_0.ResetTimerValueReg_RNIQO93[29]                  CFG2                   1          MemorySynchronizer_0.un1_nreset_10_rs     No gated clock conversion method for cell cell:ACG4.SLE    
@K:CKID0018       MemorySynchronizer_0.un1_ResetTimerValueReg_45                       CFG2                   1          MemorySynchronizer_0.un1_nreset_22_rs     No gated clock conversion method for cell cell:ACG4.SLE    
@K:CKID0019       MemorySynchronizer_0.un1_ResetTimerValueReg_61                       CFG2                   1          MemorySynchronizer_0.un1_nreset_30_rs     No gated clock conversion method for cell cell:ACG4.SLE    
@K:CKID0020       MemorySynchronizer_0.un1_ResetTimerValueReg_46                       CFG2                   1          MemorySynchronizer_0.un1_nreset_31_rs     No gated clock conversion method for cell cell:ACG4.SLE    
@K:CKID0021       MemorySynchronizer_0.un1_ResetTimerValueReg_59                       CFG2                   1          MemorySynchronizer_0.un1_nreset_32_rs     No gated clock conversion method for cell cell:ACG4.SLE    
@K:CKID0022       MemorySynchronizer_0.un1_ResetTimerValueReg_48                       CFG2                   1          MemorySynchronizer_0.un1_nreset_12_rs     No gated clock conversion method for cell cell:ACG4.SLE    
@K:CKID0023       MemorySynchronizer_0.un1_ResetTimerValueReg_35                       CFG2                   1          MemorySynchronizer_0.un1_nreset_13_rs     No gated clock conversion method for cell cell:ACG4.SLE    
@K:CKID0024       MemorySynchronizer_0.un1_ResetTimerValueReg_36                       CFG2                   1          MemorySynchronizer_0.un1_nreset_14_rs     No gated clock conversion method for cell cell:ACG4.SLE    
@K:CKID0025       MemorySynchronizer_0.un1_ResetTimerValueReg_37                       CFG2                   1          MemorySynchronizer_0.un1_nreset_15_rs     No gated clock conversion method for cell cell:ACG4.SLE    
@K:CKID0026       MemorySynchronizer_0.un1_ResetTimerValueReg_38                       CFG2                   1          MemorySynchronizer_0.un1_nreset_16_rs     No gated clock conversion method for cell cell:ACG4.SLE    
@K:CKID0027       MemorySynchronizer_0.un1_ResetTimerValueReg_39                       CFG2                   1          MemorySynchronizer_0.un1_nreset_17_rs     No gated clock conversion method for cell cell:ACG4.SLE    
@K:CKID0028       MemorySynchronizer_0.un1_ResetTimerValueReg_40                       CFG2                   1          MemorySynchronizer_0.un1_nreset_18_rs     No gated clock conversion method for cell cell:ACG4.SLE    
@K:CKID0029       MemorySynchronizer_0.un1_ResetTimerValueReg_41                       CFG2                   1          MemorySynchronizer_0.un1_nreset_19_rs     No gated clock conversion method for cell cell:ACG4.SLE    
@K:CKID0030       MemorySynchronizer_0.un1_ResetTimerValueReg_42                       CFG2                   1          MemorySynchronizer_0.un1_nreset_47_rs     No gated clock conversion method for cell cell:ACG4.SLE    
@K:CKID0031       MemorySynchronizer_0.un1_ResetTimerValueReg_33                       CFG2                   1          MemorySynchronizer_0.un1_nreset_21_rs     No gated clock conversion method for cell cell:ACG4.SLE    
@K:CKID0032       MemorySynchronizer_0.un1_ResyncTimerValueReg_38_0_a2                 CFG2                   1          MemorySynchronizer_0.un1_nreset_2_rs      No gated clock conversion method for cell cell:ACG4.SLE    
@K:CKID0033       MemorySynchronizer_0.k_1_2.un1_ResyncTimerValueReg_57_0_a2           CFG2                   1          MemorySynchronizer_0.un1_nreset_59_rs     No gated clock conversion method for cell cell:ACG4.SLE    
@K:CKID0034       MemorySynchronizer_0.un1_ResetTimerValueReg_34_0_a2                  CFG2                   1          MemorySynchronizer_0.un1_nreset_8_rs      No gated clock conversion method for cell cell:ACG4.SLE    
@K:CKID0035       MemorySynchronizer_0.un1_ResyncTimerValueReg_48                      CFG2                   1          MemorySynchronizer_0.un1_nreset_4_rs      No gated clock conversion method for cell cell:ACG4.SLE    
@K:CKID0036       MemorySynchronizer_0.un1_ResyncTimerValueReg_45                      CFG2                   1          MemorySynchronizer_0.un1_nreset_51_rs     No gated clock conversion method for cell cell:ACG4.SLE    
@K:CKID0037       MemorySynchronizer_0.un1_ResyncTimerValueReg_49                      CFG2                   1          MemorySynchronizer_0.un1_nreset_52_rs     No gated clock conversion method for cell cell:ACG4.SLE    
@K:CKID0038       MemorySynchronizer_0.un1_ResyncTimerValueReg_50                      CFG2                   1          MemorySynchronizer_0.un1_nreset_53_rs     No gated clock conversion method for cell cell:ACG4.SLE    
@K:CKID0039       MemorySynchronizer_0.un1_ResyncTimerValueReg_51                      CFG2                   1          MemorySynchronizer_0.un1_nreset_54_rs     No gated clock conversion method for cell cell:ACG4.SLE    
@K:CKID0040       MemorySynchronizer_0.un1_ResyncTimerValueReg_52                      CFG2                   1          MemorySynchronizer_0.un1_nreset_55_rs     No gated clock conversion method for cell cell:ACG4.SLE    
@K:CKID0041       MemorySynchronizer_0.un1_ResyncTimerValueReg_53                      CFG2                   1          MemorySynchronizer_0.un1_nreset_56_rs     No gated clock conversion method for cell cell:ACG4.SLE    
@K:CKID0042       MemorySynchronizer_0.k_1_2.un1_ResyncTimerValueReg_54_0_a2           CFG2                   1          MemorySynchronizer_0.un1_nreset_57_rs     No gated clock conversion method for cell cell:ACG4.SLE    
@K:CKID0043       MemorySynchronizer_0.un1_ResyncTimerValueReg_55                      CFG2                   1          MemorySynchronizer_0.un1_nreset_58_rs     No gated clock conversion method for cell cell:ACG4.SLE    
@K:CKID0044       MemorySynchronizer_0.k_1_2.un1_ResyncTimerValueReg_56_0_a2           CFG2                   1          MemorySynchronizer_0.un1_nreset_41_rs     No gated clock conversion method for cell cell:ACG4.SLE    
@K:CKID0045       MemorySynchronizer_0.un1_ResyncTimerValueReg_43_0_a2                 CFG2                   1          MemorySynchronizer_0.un1_nreset_60_rs     No gated clock conversion method for cell cell:ACG4.SLE    
@K:CKID0046       MemorySynchronizer_0.un1_ResyncTimerValueReg_44                      CFG2                   1          MemorySynchronizer_0.un1_nreset_6_rs      No gated clock conversion method for cell cell:ACG4.SLE    
@K:CKID0047       MemorySynchronizer_0.k_1_2.un1_ResyncTimerValueReg_60_0_a2           CFG2                   1          MemorySynchronizer_0.un1_nreset_44_rs     No gated clock conversion method for cell cell:ACG4.SLE    
@K:CKID0048       MemorySynchronizer_0.un1_ResyncTimerValueReg_31_0_a2                 CFG2                   1          MemorySynchronizer_0.un1_nreset_27_rs     No gated clock conversion method for cell cell:ACG4.SLE    
@K:CKID0049       MemorySynchronizer_0.un1_ResyncTimerValueReg_46_0_a2                 CFG2                   1          MemorySynchronizer_0.un1_nreset_3_rs      No gated clock conversion method for cell cell:ACG4.SLE    
@K:CKID0050       MemorySynchronizer_0.un61_in_enable_1.un1_ResyncTimerValueReg_39     CFG2                   1          MemorySynchronizer_0.un1_nreset_38_rs     No gated clock conversion method for cell cell:ACG4.SLE    
@K:CKID0051       MemorySynchronizer_0.un1_ResyncTimerValueReg_40                      CFG2                   1          MemorySynchronizer_0.un1_nreset_39_rs     No gated clock conversion method for cell cell:ACG4.SLE    
@K:CKID0052       MemorySynchronizer_0.un1_ResyncTimerValueReg_41                      CFG2                   1          MemorySynchronizer_0.un1_nreset_40_rs     No gated clock conversion method for cell cell:ACG4.SLE    
@K:CKID0053       MemorySynchronizer_0.un1_ResyncTimerValueReg_42                      CFG2                   1          MemorySynchronizer_0.un1_nreset_20_rs     No gated clock conversion method for cell cell:ACG4.SLE    
@K:CKID0054       MemorySynchronizer_0.un1_ResyncTimerValueReg_34                      CFG2                   1          MemorySynchronizer_0.un1_nreset_42_rs     No gated clock conversion method for cell cell:ACG4.SLE    
@K:CKID0055       MemorySynchronizer_0.un1_ResyncTimerValueReg_35                      CFG2                   1          MemorySynchronizer_0.un1_nreset_7_rs      No gated clock conversion method for cell cell:ACG4.SLE    
@K:CKID0056       MemorySynchronizer_0.un1_ResyncTimerValueReg_37                      CFG2                   1          MemorySynchronizer_0.un1_nreset_62_rs     No gated clock conversion method for cell cell:ACG4.SLE    
@K:CKID0057       MemorySynchronizer_0.un1_ResyncTimerValueReg_58                      CFG2                   1          MemorySynchronizer_0.un1_nreset_28_rs     No gated clock conversion method for cell cell:ACG4.SLE    
@K:CKID0058       MemorySynchronizer_0.un1_ResyncTimerValueReg_36                      CFG2                   1          MemorySynchronizer_0.un1_nreset_23_rs     No gated clock conversion method for cell cell:ACG4.SLE    
@K:CKID0059       MemorySynchronizer_0.un1_ResyncTimerValueReg_61                      CFG2                   1          MemorySynchronizer_0.un1_nreset_1_rs      No gated clock conversion method for cell cell:ACG4.SLE    
@K:CKID0060       MemorySynchronizer_0.un1_ResyncTimerValueReg_32                      CFG2                   1          MemorySynchronizer_0.un1_nreset_26_rs     No gated clock conversion method for cell cell:ACG4.SLE    
@K:CKID0061       MemorySynchronizer_0.un1_ResyncTimerValueReg_47                      CFG2                   1          MemorySynchronizer_0.un1_nreset_25_rs     No gated clock conversion method for cell cell:ACG4.SLE    
@K:CKID0062       MemorySynchronizer_0.un1_ResyncTimerValueReg_33                      CFG2                   1          MemorySynchronizer_0.un1_nreset_45_rs     No gated clock conversion method for cell cell:ACG4.SLE    
@K:CKID0063       MemorySynchronizer_0.un1_ResyncTimerValueReg_59                      CFG2                   1          MemorySynchronizer_0.un1_nreset_24_rs     No gated clock conversion method for cell cell:ACG4.SLE    
==============================================================================================================================================================================================================================


##### END OF CLOCK OPTIMIZATION REPORT ######]

