Resource Usage Report for sb 

Mapping to part: m2s010vf400std
Cell usage:
AND2            1 use
CCC             1 use
CLKINT          2 uses
MSS_010         1 use
RCOSC_25_50MHZ  1 use
SYSRESET        1 use
CFG1           95 uses
CFG2           571 uses
CFG3           1312 uses
CFG4           1719 uses

Carry cells:
ARI1            825 uses - used for arithmetic functions
ARI1            66 uses - used for Wide-Mux implementation
Total ARI1      891 uses


Sequential Cells: 
SLE            2894 uses

DSP Blocks:    0 of 22 (0%)

I/O ports: 73
I/O primitives: 72
INBUF          31 uses
OUTBUF         35 uses
TRIBUFF        6 uses


Global Clock Buffers: 2

Total LUTs:    4588

Extra resources required for RAM and MACC interface logic during P&R:

RAM64x18 Interface Logic : SLEs = 0; LUTs = 0;
RAM1K18  Interface Logic : SLEs = 0; LUTs = 0;
MACC     Interface Logic : SLEs = 0; LUTs = 0;

Total number of SLEs after P&R:  2894 + 0 + 0 + 0 = 2894;
Total number of LUTs after P&R:  4588 + 0 + 0 + 0 = 4588;

