Archive member included to satisfy reference by file (symbol)

c:/st/stm32cubeide_1.3.0/stm32cubeide/plugins/com.st.stm32cube.ide.mcu.externaltools.gnu-tools-for-stm32.7-2018-q2-update.win32_1.0.0.201904181610/tools/bin/../lib/gcc/arm-none-eabi/7.3.1/../../../../arm-none-eabi/lib/thumb/v7e-m/fpv5/hard\libc_nano.a(lib_a-errno.o)
                              Core/Src/syscalls.o (__errno)
c:/st/stm32cubeide_1.3.0/stm32cubeide/plugins/com.st.stm32cube.ide.mcu.externaltools.gnu-tools-for-stm32.7-2018-q2-update.win32_1.0.0.201904181610/tools/bin/../lib/gcc/arm-none-eabi/7.3.1/../../../../arm-none-eabi/lib/thumb/v7e-m/fpv5/hard\libc_nano.a(lib_a-exit.o)
                              c:/st/stm32cubeide_1.3.0/stm32cubeide/plugins/com.st.stm32cube.ide.mcu.externaltools.gnu-tools-for-stm32.7-2018-q2-update.win32_1.0.0.201904181610/tools/bin/../lib/gcc/arm-none-eabi/7.3.1/../../../../arm-none-eabi/lib/thumb/v7e-m/fpv5/hard/crt0.o (exit)
c:/st/stm32cubeide_1.3.0/stm32cubeide/plugins/com.st.stm32cube.ide.mcu.externaltools.gnu-tools-for-stm32.7-2018-q2-update.win32_1.0.0.201904181610/tools/bin/../lib/gcc/arm-none-eabi/7.3.1/../../../../arm-none-eabi/lib/thumb/v7e-m/fpv5/hard\libc_nano.a(lib_a-impure.o)
                              c:/st/stm32cubeide_1.3.0/stm32cubeide/plugins/com.st.stm32cube.ide.mcu.externaltools.gnu-tools-for-stm32.7-2018-q2-update.win32_1.0.0.201904181610/tools/bin/../lib/gcc/arm-none-eabi/7.3.1/../../../../arm-none-eabi/lib/thumb/v7e-m/fpv5/hard\libc_nano.a(lib_a-exit.o) (_global_impure_ptr)
c:/st/stm32cubeide_1.3.0/stm32cubeide/plugins/com.st.stm32cube.ide.mcu.externaltools.gnu-tools-for-stm32.7-2018-q2-update.win32_1.0.0.201904181610/tools/bin/../lib/gcc/arm-none-eabi/7.3.1/../../../../arm-none-eabi/lib/thumb/v7e-m/fpv5/hard\libc_nano.a(lib_a-init.o)
                              c:/st/stm32cubeide_1.3.0/stm32cubeide/plugins/com.st.stm32cube.ide.mcu.externaltools.gnu-tools-for-stm32.7-2018-q2-update.win32_1.0.0.201904181610/tools/bin/../lib/gcc/arm-none-eabi/7.3.1/../../../../arm-none-eabi/lib/thumb/v7e-m/fpv5/hard/crt0.o (__libc_init_array)
c:/st/stm32cubeide_1.3.0/stm32cubeide/plugins/com.st.stm32cube.ide.mcu.externaltools.gnu-tools-for-stm32.7-2018-q2-update.win32_1.0.0.201904181610/tools/bin/../lib/gcc/arm-none-eabi/7.3.1/../../../../arm-none-eabi/lib/thumb/v7e-m/fpv5/hard\libc_nano.a(lib_a-memcpy-stub.o)
                              Core/Src/main.o (memcpy)
c:/st/stm32cubeide_1.3.0/stm32cubeide/plugins/com.st.stm32cube.ide.mcu.externaltools.gnu-tools-for-stm32.7-2018-q2-update.win32_1.0.0.201904181610/tools/bin/../lib/gcc/arm-none-eabi/7.3.1/../../../../arm-none-eabi/lib/thumb/v7e-m/fpv5/hard\libc_nano.a(lib_a-memset.o)
                              c:/st/stm32cubeide_1.3.0/stm32cubeide/plugins/com.st.stm32cube.ide.mcu.externaltools.gnu-tools-for-stm32.7-2018-q2-update.win32_1.0.0.201904181610/tools/bin/../lib/gcc/arm-none-eabi/7.3.1/../../../../arm-none-eabi/lib/thumb/v7e-m/fpv5/hard/crt0.o (memset)
c:/st/stm32cubeide_1.3.0/stm32cubeide/plugins/com.st.stm32cube.ide.mcu.externaltools.gnu-tools-for-stm32.7-2018-q2-update.win32_1.0.0.201904181610/tools/bin/../lib/gcc/arm-none-eabi/7.3.1/../../../../arm-none-eabi/lib/thumb/v7e-m/fpv5/hard\libc_nano.a(lib_a-sprintf.o)
                              Core/Src/Test.o (sprintf)
c:/st/stm32cubeide_1.3.0/stm32cubeide/plugins/com.st.stm32cube.ide.mcu.externaltools.gnu-tools-for-stm32.7-2018-q2-update.win32_1.0.0.201904181610/tools/bin/../lib/gcc/arm-none-eabi/7.3.1/../../../../arm-none-eabi/lib/thumb/v7e-m/fpv5/hard\libc_nano.a(lib_a-strlen.o)
                              Core/Src/Test.o (strlen)
c:/st/stm32cubeide_1.3.0/stm32cubeide/plugins/com.st.stm32cube.ide.mcu.externaltools.gnu-tools-for-stm32.7-2018-q2-update.win32_1.0.0.201904181610/tools/bin/../lib/gcc/arm-none-eabi/7.3.1/../../../../arm-none-eabi/lib/thumb/v7e-m/fpv5/hard\libc_nano.a(lib_a-nano-svfprintf.o)
                              c:/st/stm32cubeide_1.3.0/stm32cubeide/plugins/com.st.stm32cube.ide.mcu.externaltools.gnu-tools-for-stm32.7-2018-q2-update.win32_1.0.0.201904181610/tools/bin/../lib/gcc/arm-none-eabi/7.3.1/../../../../arm-none-eabi/lib/thumb/v7e-m/fpv5/hard\libc_nano.a(lib_a-sprintf.o) (_svfprintf_r)
c:/st/stm32cubeide_1.3.0/stm32cubeide/plugins/com.st.stm32cube.ide.mcu.externaltools.gnu-tools-for-stm32.7-2018-q2-update.win32_1.0.0.201904181610/tools/bin/../lib/gcc/arm-none-eabi/7.3.1/../../../../arm-none-eabi/lib/thumb/v7e-m/fpv5/hard\libc_nano.a(lib_a-nano-vfprintf_i.o)
                              c:/st/stm32cubeide_1.3.0/stm32cubeide/plugins/com.st.stm32cube.ide.mcu.externaltools.gnu-tools-for-stm32.7-2018-q2-update.win32_1.0.0.201904181610/tools/bin/../lib/gcc/arm-none-eabi/7.3.1/../../../../arm-none-eabi/lib/thumb/v7e-m/fpv5/hard\libc_nano.a(lib_a-nano-svfprintf.o) (_printf_i)
[...]
Memory Configuration

Name             Origin             Length             Attributes
RAM              0x0000000020000000 0x0000000000080000 xrw
FLASH            0x0000000008000000 0x0000000000200000 xr
*default*        0x0000000000000000 0xffffffffffffffff

Linker script and memory map

LOAD c:/st/stm32cubeide_1.3.0/stm32cubeide/plugins/com.st.stm32cube.ide.mcu.externaltools.gnu-tools-for-stm32.7-2018-q2-update.win32_1.0.0.201904181610/tools/bin/../lib/gcc/arm-none-eabi/7.3.1/thumb/v7e-m/fpv5/hard/crti.o
LOAD c:/st/stm32cubeide_1.3.0/stm32cubeide/plugins/com.st.stm32cube.ide.mcu.externaltools.gnu-tools-for-stm32.7-2018-q2-update.win32_1.0.0.201904181610/tools/bin/../lib/gcc/arm-none-eabi/7.3.1/thumb/v7e-m/fpv5/hard/crtbegin.o
LOAD c:/st/stm32cubeide_1.3.0/stm32cubeide/plugins/com.st.stm32cube.ide.mcu.externaltools.gnu-tools-for-stm32.7-2018-q2-update.win32_1.0.0.201904181610/tools/bin/../lib/gcc/arm-none-eabi/7.3.1/../../../../arm-none-eabi/lib/thumb/v7e-m/fpv5/hard/crt0.o
LOAD Core/Src/Test.o
LOAD Core/Src/crc.o
LOAD Core/Src/cypress.o
LOAD Core/Src/gpio.o
LOAD Core/Src/main.o
LOAD Core/Src/rtc.o
LOAD Core/Src/spi.o
LOAD Core/Src/stm32f7xx_hal_msp.o
LOAD Core/Src/stm32f7xx_it.o
LOAD Core/Src/syscalls.o
LOAD Core/Src/sysmem.o
LOAD Core/Src/system_stm32f7xx.o
LOAD Core/Src/usart.o
LOAD Core/Startup/startup_stm32f779bitx.o
LOAD Drivers/STM32F7xx_HAL_Driver/Src/stm32f7xx_hal.o
LOAD Drivers/STM32F7xx_HAL_Driver/Src/stm32f7xx_hal_cortex.o
LOAD Drivers/STM32F7xx_HAL_Driver/Src/stm32f7xx_hal_crc.o
LOAD Drivers/STM32F7xx_HAL_Driver/Src/stm32f7xx_hal_crc_ex.o
LOAD Drivers/STM32F7xx_HAL_Driver/Src/stm32f7xx_hal_dma.o
LOAD Drivers/STM32F7xx_HAL_Driver/Src/stm32f7xx_hal_dma_ex.o
LOAD Drivers/STM32F7xx_HAL_Driver/Src/stm32f7xx_hal_exti.o
LOAD Drivers/STM32F7xx_HAL_Driver/Src/stm32f7xx_hal_flash.o
LOAD Drivers/STM32F7xx_HAL_Driver/Src/stm32f7xx_hal_flash_ex.o
LOAD Drivers/STM32F7xx_HAL_Driver/Src/stm32f7xx_hal_gpio.o
LOAD Drivers/STM32F7xx_HAL_Driver/Src/stm32f7xx_hal_i2c.o
LOAD Drivers/STM32F7xx_HAL_Driver/Src/stm32f7xx_hal_i2c_ex.o
LOAD Drivers/STM32F7xx_HAL_Driver/Src/stm32f7xx_hal_pwr.o
LOAD Drivers/STM32F7xx_HAL_Driver/Src/stm32f7xx_hal_pwr_ex.o
LOAD Drivers/STM32F7xx_HAL_Driver/Src/stm32f7xx_hal_rcc.o
LOAD Drivers/STM32F7xx_HAL_Driver/Src/stm32f7xx_hal_rcc_ex.o
LOAD Drivers/STM32F7xx_HAL_Driver/Src/stm32f7xx_hal_rtc.o
LOAD Drivers/STM32F7xx_HAL_Driver/Src/stm32f7xx_hal_rtc_ex.o
LOAD Drivers/STM32F7xx_HAL_Driver/Src/stm32f7xx_hal_spi.o
LOAD Drivers/STM32F7xx_HAL_Driver/Src/stm32f7xx_hal_spi_ex.o
LOAD Drivers/STM32F7xx_HAL_Driver/Src/stm32f7xx_hal_tim.o
LOAD Drivers/STM32F7xx_HAL_Driver/Src/stm32f7xx_hal_tim_ex.o
LOAD Drivers/STM32F7xx_HAL_Driver/Src/stm32f7xx_hal_uart.o
LOAD Drivers/STM32F7xx_HAL_Driver/Src/stm32f7xx_hal_uart_ex.o
START GROUP
LOAD c:/st/stm32cubeide_1.3.0/stm32cubeide/plugins/com.st.stm32cube.ide.mcu.externaltools.gnu-tools-for-stm32.7-2018-q2-update.win32_1.0.0.201904181610/tools/bin/../lib/gcc/arm-none-eabi/7.3.1/../../../../arm-none-eabi/lib/thumb/v7e-m/fpv5/hard\libc_nano.a
LOAD c:/st/stm32cubeide_1.3.0/stm32cubeide/plugins/com.st.stm32cube.ide.mcu.externaltools.gnu-tools-for-stm32.7-2018-q2-update.win32_1.0.0.201904181610/tools/bin/../lib/gcc/arm-none-eabi/7.3.1/../../../../arm-none-eabi/lib/thumb/v7e-m/fpv5/hard\libm.a
END GROUP
START GROUP
LOAD c:/st/stm32cubeide_1.3.0/stm32cubeide/plugins/com.st.stm32cube.ide.mcu.externaltools.gnu-tools-for-stm32.7-2018-q2-update.win32_1.0.0.201904181610/tools/bin/../lib/gcc/arm-none-eabi/7.3.1/thumb/v7e-m/fpv5/hard\libgcc.a
LOAD c:/st/stm32cubeide_1.3.0/stm32cubeide/plugins/com.st.stm32cube.ide.mcu.externaltools.gnu-tools-for-stm32.7-2018-q2-update.win32_1.0.0.201904181610/tools/bin/../lib/gcc/arm-none-eabi/7.3.1/../../../../arm-none-eabi/lib/thumb/v7e-m/fpv5/hard\libc_nano.a
END GROUP
START GROUP
LOAD c:/st/stm32cubeide_1.3.0/stm32cubeide/plugins/com.st.stm32cube.ide.mcu.externaltools.gnu-tools-for-stm32.7-2018-q2-update.win32_1.0.0.201904181610/tools/bin/../lib/gcc/arm-none-eabi/7.3.1/thumb/v7e-m/fpv5/hard\libgcc.a
LOAD c:/st/stm32cubeide_1.3.0/stm32cubeide/plugins/com.st.stm32cube.ide.mcu.externaltools.gnu-tools-for-stm32.7-2018-q2-update.win32_1.0.0.201904181610/tools/bin/../lib/gcc/arm-none-eabi/7.3.1/../../../../arm-none-eabi/lib/thumb/v7e-m/fpv5/hard\libc_nano.a
LOAD c:/st/stm32cubeide_1.3.0/stm32cubeide/plugins/com.st.stm32cube.ide.mcu.externaltools.gnu-tools-for-stm32.7-2018-q2-update.win32_1.0.0.201904181610/tools/bin/../lib/gcc/arm-none-eabi/7.3.1/../../../../arm-none-eabi/lib/thumb/v7e-m/fpv5/hard\libnosys.a
END GROUP
START GROUP
LOAD c:/st/stm32cubeide_1.3.0/stm32cubeide/plugins/com.st.stm32cube.ide.mcu.externaltools.gnu-tools-for-stm32.7-2018-q2-update.win32_1.0.0.201904181610/tools/bin/../lib/gcc/arm-none-eabi/7.3.1/thumb/v7e-m/fpv5/hard\libgcc.a
LOAD c:/st/stm32cubeide_1.3.0/stm32cubeide/plugins/com.st.stm32cube.ide.mcu.externaltools.gnu-tools-for-stm32.7-2018-q2-update.win32_1.0.0.201904181610/tools/bin/../lib/gcc/arm-none-eabi/7.3.1/../../../../arm-none-eabi/lib/thumb/v7e-m/fpv5/hard\libc_nano.a
LOAD c:/st/stm32cubeide_1.3.0/stm32cubeide/plugins/com.st.stm32cube.ide.mcu.externaltools.gnu-tools-for-stm32.7-2018-q2-update.win32_1.0.0.201904181610/tools/bin/../lib/gcc/arm-none-eabi/7.3.1/../../../../arm-none-eabi/lib/thumb/v7e-m/fpv5/hard\libnosys.a
END GROUP
LOAD c:/st/stm32cubeide_1.3.0/stm32cubeide/plugins/com.st.stm32cube.ide.mcu.externaltools.gnu-tools-for-stm32.7-2018-q2-update.win32_1.0.0.201904181610/tools/bin/../lib/gcc/arm-none-eabi/7.3.1/thumb/v7e-m/fpv5/hard/crtend.o
LOAD c:/st/stm32cubeide_1.3.0/stm32cubeide/plugins/com.st.stm32cube.ide.mcu.externaltools.gnu-tools-for-stm32.7-2018-q2-update.win32_1.0.0.201904181610/tools/bin/../lib/gcc/arm-none-eabi/7.3.1/thumb/v7e-m/fpv5/hard/crtn.o
                0x0000000020080000                _estack = (ORIGIN (RAM) + LENGTH (RAM))
                0x0000000000000200                _Min_Heap_Size = 0x200
                0x0000000000000400                _Min_Stack_Size = 0x400

.isr_vector     0x0000000008000000      0x1f8
                0x0000000008000000                . = ALIGN (0x4)
 *(.isr_vector)
 .isr_vector    0x0000000008000000      0x1f8 Core/Startup/startup_stm32f779bitx.o
                0x0000000008000000                g_pfnVectors
                0x00000000080001f8                . = ALIGN (0x4)

.text           0x0000000008000200     0x7948
                0x0000000008000200                . = ALIGN (0x4)
 *(.text)
 .text          0x0000000008000200       0x40 c:/st/stm32cubeide_1.3.0/stm32cubeide/plugins/com.st.stm32cube.ide.mcu.externaltools.gnu-tools-for-stm32.7-2018-q2-update.win32_1.0.0.201904181610/tools/bin/../lib/gcc/arm-none-eabi/7.3.1/thumb/v7e-m/fpv5/hard/crtbegin.o
 .text          0x0000000008000240       0x10 c:/st/stm32cubeide_1.3.0/stm32cubeide/plugins/com.st.stm32cube.ide.mcu.externaltools.gnu-tools-for-stm32.7-2018-q2-update.win32_1.0.0.201904181610/tools/bin/../lib/gcc/arm-none-eabi/7.3.1/../../../../arm-none-eabi/lib/thumb/v7e-m/fpv5/hard\libc_nano.a(lib_a-strlen.o)
                0x0000000008000240                strlen
 .text          0x0000000008000250       0xa0 c:/st/stm32cubeide_1.3.0/stm32cubeide/plugins/com.st.stm32cube.ide.mcu.externaltools.gnu-tools-for-stm32.7-2018-q2-update.win32_1.0.0.201904181610/tools/bin/../lib/gcc/arm-none-eabi/7.3.1/../../../../arm-none-eabi/lib/thumb/v7e-m/fpv5/hard\libc_nano.a(lib_a-memchr.o)
                0x0000000008000250                memchr
 .text          0x00000000080002f0       0x30 c:/st/stm32cubeide_1.3.0/stm32cubeide/plugins/com.st.stm32cube.ide.mcu.externaltools.gnu-tools-for-stm32.7-2018-q2-update.win32_1.0.0.201904181610/tools/bin/../lib/gcc/arm-none-eabi/7.3.1/thumb/v7e-m/fpv5/hard\libgcc.a(_aeabi_uldivmod.o)
                0x00000000080002f0                __aeabi_uldivmod
 .text          0x0000000008000320      0x2cc c:/st/stm32cubeide_1.3.0/stm32cubeide/plugins/com.st.stm32cube.ide.mcu.externaltools.gnu-tools-for-stm32.7-2018-q2-update.win32_1.0.0.201904181610/tools/bin/../lib/gcc/arm-none-eabi/7.3.1/thumb/v7e-m/fpv5/hard\libgcc.a(_udivmoddi4.o)
                0x0000000008000320                __udivmoddi4
 .text          0x00000000080005ec        0x4 c:/st/stm32cubeide_1.3.0/stm32cubeide/plugins/com.st.stm32cube.ide.mcu.externaltools.gnu-tools-for-stm32.7-2018-q2-update.win32_1.0.0.201904181610/tools/bin/../lib/gcc/arm-none-eabi/7.3.1/thumb/v7e-m/fpv5/hard\libgcc.a(_dvmd_tls.o)
                0x00000000080005ec                __aeabi_idiv0
                0x00000000080005ec                __aeabi_ldiv0
 *(.text*)
 .text.FastMemoryTest
                0x00000000080005f0      0x3bc Core/Src/Test.o
                0x00000000080005f0                FastMemoryTest
 .text.FastTest
                0x00000000080009ac       0xf8 Core/Src/Test.o
                0x00000000080009ac                FastTest
 .text.MX_CRC_Init
                0x0000000008000aa4       0x44 Core/Src/crc.o
                0x0000000008000aa4                MX_CRC_Init
 .text.HAL_CRC_MspInit
                0x0000000008000ae8       0x40 Core/Src/crc.o
                0x0000000008000ae8                HAL_CRC_MspInit
 .text.InitMemory
                0x0000000008000b28       0xcc Core/Src/cypress.o
                0x0000000008000b28                InitMemory
 .text.readStatus
                0x0000000008000bf4       0x54 Core/Src/cypress.o
                0x0000000008000bf4                readStatus
 .text.writeByte
                0x0000000008000c48       0x46 Core/Src/cypress.o
                0x0000000008000c48                writeByte
 .text.writePage
                0x0000000008000c8e       0xd2 Core/Src/cypress.o
                0x0000000008000c8e                writePage
 .text.readPage
                0x0000000008000d60       0xb8 Core/Src/cypress.o
                0x0000000008000d60                readPage
 .text.writeReady
                0x0000000008000e18       0x40 Core/Src/cypress.o
                0x0000000008000e18                writeReady
 .text.MX_GPIO_Init
                0x0000000008000e58      0x490 Core/Src/gpio.o
                0x0000000008000e58                MX_GPIO_Init
 .text.main     0x00000000080012e8       0x88 Core/Src/main.o
                0x00000000080012e8                main
 .text.SystemClock_Config
                0x0000000008001370      0x134 Core/Src/main.o
                0x0000000008001370                SystemClock_Config
 .text.main_master
                0x00000000080014a4       0x54 Core/Src/main.o
                0x00000000080014a4                main_master
 .text.main_slave
                0x00000000080014f8       0x98 Core/Src/main.o
                0x00000000080014f8                main_slave
 .text.Error_Handler
                0x0000000008001590        0xe Core/Src/main.o
                0x0000000008001590                Error_Handler
 .text.assert_failed
                0x000000000800159e       0x16 Core/Src/main.o
                0x000000000800159e                assert_failed
 .text.MX_RTC_Init
                0x00000000080015b4       0x4c Core/Src/rtc.o
                0x00000000080015b4                MX_RTC_Init
 .text.HAL_RTC_MspInit
                0x0000000008001600       0x34 Core/Src/rtc.o
                0x0000000008001600                HAL_RTC_MspInit
 .text.MX_SPI2_Init
                0x0000000008001634       0x7c Core/Src/spi.o
                0x0000000008001634                MX_SPI2_Init
 .text.MX_SPI3_Init
                0x00000000080016b0       0x7c Core/Src/spi.o
                0x00000000080016b0                MX_SPI3_Init
 .text.MX_SPI4_Init
                0x000000000800172c       0x7c Core/Src/spi.o
                0x000000000800172c                MX_SPI4_Init
 .text.MX_SPI5_Init
                0x00000000080017a8       0x7c Core/Src/spi.o
                0x00000000080017a8                MX_SPI5_Init
 .text.MX_SPI6_Init
                0x0000000008001824       0x7c Core/Src/spi.o
                0x0000000008001824                MX_SPI6_Init
 .text.HAL_SPI_MspInit
                0x00000000080018a0      0x284 Core/Src/spi.o
                0x00000000080018a0                HAL_SPI_MspInit
 .text.HAL_MspInit
                0x0000000008001b24       0x48 Core/Src/stm32f7xx_hal_msp.o
                0x0000000008001b24                HAL_MspInit
 .text.NMI_Handler
                0x0000000008001b6c        0xe Core/Src/stm32f7xx_it.o
                0x0000000008001b6c                NMI_Handler
 .text.HardFault_Handler
                0x0000000008001b7a        0x6 Core/Src/stm32f7xx_it.o
                0x0000000008001b7a                HardFault_Handler
 .text.MemManage_Handler
                0x0000000008001b80        0x6 Core/Src/stm32f7xx_it.o
                0x0000000008001b80                MemManage_Handler
 .text.BusFault_Handler
                0x0000000008001b86        0x6 Core/Src/stm32f7xx_it.o
                0x0000000008001b86                BusFault_Handler
 .text.UsageFault_Handler
                0x0000000008001b8c        0x6 Core/Src/stm32f7xx_it.o
                0x0000000008001b8c                UsageFault_Handler
 .text.SVC_Handler
                0x0000000008001b92        0xe Core/Src/stm32f7xx_it.o
                0x0000000008001b92                SVC_Handler
 .text.DebugMon_Handler
                0x0000000008001ba0        0xe Core/Src/stm32f7xx_it.o
                0x0000000008001ba0                DebugMon_Handler
 .text.PendSV_Handler
                0x0000000008001bae        0xe Core/Src/stm32f7xx_it.o
                0x0000000008001bae                PendSV_Handler
 .text.EXTI4_IRQHandler
                0x0000000008001bbc        0xe Core/Src/stm32f7xx_it.o
                0x0000000008001bbc                EXTI4_IRQHandler
 .text.EXTI9_5_IRQHandler
                0x0000000008001bca       0x2a Core/Src/stm32f7xx_it.o
                0x0000000008001bca                EXTI9_5_IRQHandler
 .text.SPI2_IRQHandler
                0x0000000008001bf4       0x14 Core/Src/stm32f7xx_it.o
                0x0000000008001bf4                SPI2_IRQHandler
 .text.EXTI15_10_IRQHandler
                0x0000000008001c08       0x30 Core/Src/stm32f7xx_it.o
                0x0000000008001c08                EXTI15_10_IRQHandler
 .text.UART4_IRQHandler
                0x0000000008001c38       0x14 Core/Src/stm32f7xx_it.o
                0x0000000008001c38                UART4_IRQHandler
 .text.UART5_IRQHandler
                0x0000000008001c4c       0x14 Core/Src/stm32f7xx_it.o
                0x0000000008001c4c                UART5_IRQHandler
 .text.UART8_IRQHandler
                0x0000000008001c60       0x14 Core/Src/stm32f7xx_it.o
                0x0000000008001c60                UART8_IRQHandler
 .text.SPI4_IRQHandler
                0x0000000008001c74       0x14 Core/Src/stm32f7xx_it.o
                0x0000000008001c74                SPI4_IRQHandler
 .text.SPI6_IRQHandler
                0x0000000008001c88       0x14 Core/Src/stm32f7xx_it.o
                0x0000000008001c88                SPI6_IRQHandler
 .text.SysTick_Handler
                0x0000000008001c9c        0xc Core/Src/stm32f7xx_it.o
                0x0000000008001c9c                SysTick_Handler
 .text._sbrk    0x0000000008001ca8       0x6c Core/Src/sysmem.o
                0x0000000008001ca8                _sbrk
 .text.SystemInit
                0x0000000008001d14       0x2c Core/Src/system_stm32f7xx.o
                0x0000000008001d14                SystemInit
 .text.MX_UART4_Init
                0x0000000008001d40       0x60 Core/Src/usart.o
                0x0000000008001d40                MX_UART4_Init
 .text.MX_UART5_Init
                0x0000000008001da0       0x60 Core/Src/usart.o
                0x0000000008001da0                MX_UART5_Init
 .text.MX_UART8_Init
                0x0000000008001e00       0x60 Core/Src/usart.o
                0x0000000008001e00                MX_UART8_Init
 .text.HAL_UART_MspInit
                0x0000000008001e60      0x1fc Core/Src/usart.o
                0x0000000008001e60                HAL_UART_MspInit
 .text.Reset_Handler
                0x000000000800205c       0x50 Core/Startup/startup_stm32f779bitx.o
                0x000000000800205c                Reset_Handler
 .text.Default_Handler
                0x00000000080020ac        0x2 Core/Startup/startup_stm32f779bitx.o
                0x00000000080020ac                RTC_Alarm_IRQHandler
                0x00000000080020ac                HASH_RNG_IRQHandler
                0x00000000080020ac                EXTI2_IRQHandler
                0x00000000080020ac                TIM8_CC_IRQHandler
                0x00000000080020ac                TIM1_CC_IRQHandler
                0x00000000080020ac                DMA2_Stream5_IRQHandler
                0x00000000080020ac                JPEG_IRQHandler
                0x00000000080020ac                DMA1_Stream5_IRQHandler
                0x00000000080020ac                CAN3_RX1_IRQHandler
                0x00000000080020ac                PVD_IRQHandler
                0x00000000080020ac                TAMP_STAMP_IRQHandler
                0x00000000080020ac                CAN2_RX1_IRQHandler
                0x00000000080020ac                EXTI3_IRQHandler
                0x00000000080020ac                TIM8_TRG_COM_TIM14_IRQHandler
                0x00000000080020ac                DFSDM1_FLT1_IRQHandler
                0x00000000080020ac                TIM1_UP_TIM10_IRQHandler
                0x00000000080020ac                TIM8_UP_TIM13_IRQHandler
                0x00000000080020ac                I2C3_ER_IRQHandler
                0x00000000080020ac                DFSDM1_FLT2_IRQHandler
                0x00000000080020ac                EXTI0_IRQHandler
                0x00000000080020ac                I2C2_EV_IRQHandler
                0x00000000080020ac                DMA1_Stream2_IRQHandler
                0x00000000080020ac                CAN1_RX0_IRQHandler
                0x00000000080020ac                FPU_IRQHandler
                0x00000000080020ac                OTG_HS_WKUP_IRQHandler
                0x00000000080020ac                CAN3_SCE_IRQHandler
                0x00000000080020ac                LTDC_ER_IRQHandler
                0x00000000080020ac                CAN2_SCE_IRQHandler
                0x00000000080020ac                DMA2_Stream2_IRQHandler
                0x00000000080020ac                SPI1_IRQHandler
                0x00000000080020ac                TIM6_DAC_IRQHandler
                0x00000000080020ac                TIM1_BRK_TIM9_IRQHandler
                0x00000000080020ac                DCMI_IRQHandler
                0x00000000080020ac                CAN2_RX0_IRQHandler
                0x00000000080020ac                DMA2_Stream3_IRQHandler
                0x00000000080020ac                SAI2_IRQHandler
                0x00000000080020ac                DFSDM1_FLT3_IRQHandler
                0x00000000080020ac                USART6_IRQHandler
                0x00000000080020ac                CAN3_RX0_IRQHandler
                0x00000000080020ac                USART3_IRQHandler
                0x00000000080020ac                CRYP_IRQHandler
                0x00000000080020ac                CAN1_RX1_IRQHandler
                0x00000000080020ac                DMA2_Stream0_IRQHandler
                0x00000000080020ac                TIM4_IRQHandler
                0x00000000080020ac                QUADSPI_IRQHandler
                0x00000000080020ac                I2C1_EV_IRQHandler
                0x00000000080020ac                DMA1_Stream6_IRQHandler
                0x00000000080020ac                DMA1_Stream1_IRQHandler
                0x00000000080020ac                TIM3_IRQHandler
                0x00000000080020ac                RCC_IRQHandler
                0x00000000080020ac                TIM8_BRK_TIM12_IRQHandler
                0x00000000080020ac                Default_Handler
                0x00000000080020ac                CEC_IRQHandler
                0x00000000080020ac                ADC_IRQHandler
                0x00000000080020ac                DMA1_Stream7_IRQHandler
                0x00000000080020ac                SPI5_IRQHandler
                0x00000000080020ac                TIM7_IRQHandler
                0x00000000080020ac                SDMMC1_IRQHandler
                0x00000000080020ac                CAN2_TX_IRQHandler
                0x00000000080020ac                TIM5_IRQHandler
                0x00000000080020ac                DMA2_Stream7_IRQHandler
                0x00000000080020ac                I2C3_EV_IRQHandler
                0x00000000080020ac                RTC_WKUP_IRQHandler
                0x00000000080020ac                LTDC_IRQHandler
                0x00000000080020ac                ETH_WKUP_IRQHandler
                0x00000000080020ac                SPDIF_RX_IRQHandler
                0x00000000080020ac                OTG_HS_EP1_IN_IRQHandler
                0x00000000080020ac                DMA1_Stream0_IRQHandler
                0x00000000080020ac                CAN1_TX_IRQHandler
                0x00000000080020ac                DSI_IRQHandler
                0x00000000080020ac                ETH_IRQHandler
                0x00000000080020ac                OTG_HS_EP1_OUT_IRQHandler
                0x00000000080020ac                WWDG_IRQHandler
                0x00000000080020ac                MDIOS_IRQHandler
                0x00000000080020ac                I2C4_EV_IRQHandler
                0x00000000080020ac                CAN3_TX_IRQHandler
                0x00000000080020ac                TIM2_IRQHandler
                0x00000000080020ac                OTG_FS_WKUP_IRQHandler
                0x00000000080020ac                TIM1_TRG_COM_TIM11_IRQHandler
                0x00000000080020ac                OTG_HS_IRQHandler
                0x00000000080020ac                DMA2D_IRQHandler
                0x00000000080020ac                EXTI1_IRQHandler
                0x00000000080020ac                SDMMC2_IRQHandler
                0x00000000080020ac                UART7_IRQHandler
                0x00000000080020ac                USART2_IRQHandler
                0x00000000080020ac                DFSDM1_FLT0_IRQHandler
                0x00000000080020ac                I2C2_ER_IRQHandler
                0x00000000080020ac                DMA2_Stream1_IRQHandler
                0x00000000080020ac                CAN1_SCE_IRQHandler
                0x00000000080020ac                FLASH_IRQHandler
                0x00000000080020ac                DMA2_Stream4_IRQHandler
                0x00000000080020ac                USART1_IRQHandler
                0x00000000080020ac                OTG_FS_IRQHandler
                0x00000000080020ac                SPI3_IRQHandler
                0x00000000080020ac                DMA1_Stream4_IRQHandler
                0x00000000080020ac                I2C1_ER_IRQHandler
                0x00000000080020ac                FMC_IRQHandler
                0x00000000080020ac                LPTIM1_IRQHandler
                0x00000000080020ac                I2C4_ER_IRQHandler
                0x00000000080020ac                DMA2_Stream6_IRQHandler
                0x00000000080020ac                SAI1_IRQHandler
                0x00000000080020ac                DMA1_Stream3_IRQHandler
 .text.HAL_Init
                0x00000000080020ae       0x1a Drivers/STM32F7xx_HAL_Driver/Src/stm32f7xx_hal.o
                0x00000000080020ae                HAL_Init
 .text.HAL_InitTick
                0x00000000080020c8       0x60 Drivers/STM32F7xx_HAL_Driver/Src/stm32f7xx_hal.o
                0x00000000080020c8                HAL_InitTick
 .text.HAL_IncTick
                0x0000000008002128       0x28 Drivers/STM32F7xx_HAL_Driver/Src/stm32f7xx_hal.o
                0x0000000008002128                HAL_IncTick
 .text.HAL_GetTick
                0x0000000008002150       0x18 Drivers/STM32F7xx_HAL_Driver/Src/stm32f7xx_hal.o
                0x0000000008002150                HAL_GetTick
 .text.HAL_Delay
                0x0000000008002168       0x44 Drivers/STM32F7xx_HAL_Driver/Src/stm32f7xx_hal.o
                0x0000000008002168                HAL_Delay
 .text.__NVIC_SetPriorityGrouping
                0x00000000080021ac       0x48 Drivers/STM32F7xx_HAL_Driver/Src/stm32f7xx_hal_cortex.o
 .text.__NVIC_GetPriorityGrouping
                0x00000000080021f4       0x1c Drivers/STM32F7xx_HAL_Driver/Src/stm32f7xx_hal_cortex.o
 .text.__NVIC_EnableIRQ
                0x0000000008002210       0x3c Drivers/STM32F7xx_HAL_Driver/Src/stm32f7xx_hal_cortex.o
 .text.__NVIC_SetPriority
                0x000000000800224c       0x54 Drivers/STM32F7xx_HAL_Driver/Src/stm32f7xx_hal_cortex.o
 .text.NVIC_EncodePriority
                0x00000000080022a0       0x66 Drivers/STM32F7xx_HAL_Driver/Src/stm32f7xx_hal_cortex.o
 *fill*         0x0000000008002306        0x2 
 .text.SysTick_Config
                0x0000000008002308       0x44 Drivers/STM32F7xx_HAL_Driver/Src/stm32f7xx_hal_cortex.o
 .text.HAL_NVIC_SetPriorityGrouping
                0x000000000800234c       0x40 Drivers/STM32F7xx_HAL_Driver/Src/stm32f7xx_hal_cortex.o
                0x000000000800234c                HAL_NVIC_SetPriorityGrouping
 .text.HAL_NVIC_SetPriority
                0x000000000800238c       0x58 Drivers/STM32F7xx_HAL_Driver/Src/stm32f7xx_hal_cortex.o
                0x000000000800238c                HAL_NVIC_SetPriority
 .text.HAL_NVIC_EnableIRQ
                0x00000000080023e4       0x30 Drivers/STM32F7xx_HAL_Driver/Src/stm32f7xx_hal_cortex.o
                0x00000000080023e4                HAL_NVIC_EnableIRQ
 .text.HAL_SYSTICK_Config
                0x0000000008002414       0x18 Drivers/STM32F7xx_HAL_Driver/Src/stm32f7xx_hal_cortex.o
                0x0000000008002414                HAL_SYSTICK_Config
 .text.HAL_CRC_Init
                0x000000000800242c      0x174 Drivers/STM32F7xx_HAL_Driver/Src/stm32f7xx_hal_crc.o
                0x000000000800242c                HAL_CRC_Init
 .text.HAL_CRCEx_Polynomial_Set
                0x00000000080025a0      0x12c Drivers/STM32F7xx_HAL_Driver/Src/stm32f7xx_hal_crc_ex.o
                0x00000000080025a0                HAL_CRCEx_Polynomial_Set
 .text.HAL_DMA_Abort_IT
                0x00000000080026cc       0x44 Drivers/STM32F7xx_HAL_Driver/Src/stm32f7xx_hal_dma.o
                0x00000000080026cc                HAL_DMA_Abort_IT
 .text.HAL_GPIO_Init
                0x0000000008002710      0x71c Drivers/STM32F7xx_HAL_Driver/Src/stm32f7xx_hal_gpio.o
                0x0000000008002710                HAL_GPIO_Init
 .text.HAL_GPIO_ReadPin
                0x0000000008002e2c       0x40 Drivers/STM32F7xx_HAL_Driver/Src/stm32f7xx_hal_gpio.o
                0x0000000008002e2c                HAL_GPIO_ReadPin
 .text.HAL_GPIO_WritePin
                0x0000000008002e6c       0x58 Drivers/STM32F7xx_HAL_Driver/Src/stm32f7xx_hal_gpio.o
                0x0000000008002e6c                HAL_GPIO_WritePin
 .text.HAL_GPIO_EXTI_IRQHandler
                0x0000000008002ec4       0x30 Drivers/STM32F7xx_HAL_Driver/Src/stm32f7xx_hal_gpio.o
                0x0000000008002ec4                HAL_GPIO_EXTI_IRQHandler
 .text.HAL_GPIO_EXTI_Callback
                0x0000000008002ef4       0x16 Drivers/STM32F7xx_HAL_Driver/Src/stm32f7xx_hal_gpio.o
                0x0000000008002ef4                HAL_GPIO_EXTI_Callback
 *fill*         0x0000000008002f0a        0x2 
 .text.HAL_PWREx_EnableOverDrive
                0x0000000008002f0c       0xa0 Drivers/STM32F7xx_HAL_Driver/Src/stm32f7xx_hal_pwr_ex.o
                0x0000000008002f0c                HAL_PWREx_EnableOverDrive
 .text.HAL_RCC_OscConfig
                0x0000000008002fac      0x6e0 Drivers/STM32F7xx_HAL_Driver/Src/stm32f7xx_hal_rcc.o
                0x0000000008002fac                HAL_RCC_OscConfig
 .text.HAL_RCC_ClockConfig
                0x000000000800368c      0x350 Drivers/STM32F7xx_HAL_Driver/Src/stm32f7xx_hal_rcc.o
                0x000000000800368c                HAL_RCC_ClockConfig
 .text.HAL_RCC_GetSysClockFreq
                0x00000000080039dc      0x164 Drivers/STM32F7xx_HAL_Driver/Src/stm32f7xx_hal_rcc.o
                0x00000000080039dc                HAL_RCC_GetSysClockFreq
 .text.HAL_RCC_GetHCLKFreq
                0x0000000008003b40       0x18 Drivers/STM32F7xx_HAL_Driver/Src/stm32f7xx_hal_rcc.o
                0x0000000008003b40                HAL_RCC_GetHCLKFreq
 .text.HAL_RCC_GetPCLK1Freq
                0x0000000008003b58       0x28 Drivers/STM32F7xx_HAL_Driver/Src/stm32f7xx_hal_rcc.o
                0x0000000008003b58                HAL_RCC_GetPCLK1Freq
 .text.HAL_RCC_GetPCLK2Freq
                0x0000000008003b80       0x28 Drivers/STM32F7xx_HAL_Driver/Src/stm32f7xx_hal_rcc.o
                0x0000000008003b80                HAL_RCC_GetPCLK2Freq
 .text.HAL_RCCEx_PeriphCLKConfig
                0x0000000008003ba8     0x10d8 Drivers/STM32F7xx_HAL_Driver/Src/stm32f7xx_hal_rcc_ex.o
                0x0000000008003ba8                HAL_RCCEx_PeriphCLKConfig
 .text.HAL_RTC_Init
                0x0000000008004c80      0x1b0 Drivers/STM32F7xx_HAL_Driver/Src/stm32f7xx_hal_rtc.o
                0x0000000008004c80                HAL_RTC_Init
 .text.RTC_EnterInitMode
                0x0000000008004e30       0x58 Drivers/STM32F7xx_HAL_Driver/Src/stm32f7xx_hal_rtc.o
                0x0000000008004e30                RTC_EnterInitMode
 .text.HAL_SPI_Init
                0x0000000008004e88      0x350 Drivers/STM32F7xx_HAL_Driver/Src/stm32f7xx_hal_spi.o
                0x0000000008004e88                HAL_SPI_Init
 .text.HAL_SPI_Transmit
                0x00000000080051d8      0x2ec Drivers/STM32F7xx_HAL_Driver/Src/stm32f7xx_hal_spi.o
                0x00000000080051d8                HAL_SPI_Transmit
 .text.HAL_SPI_Receive
                0x00000000080054c4      0x250 Drivers/STM32F7xx_HAL_Driver/Src/stm32f7xx_hal_spi.o
                0x00000000080054c4                HAL_SPI_Receive
 .text.HAL_SPI_TransmitReceive
                0x0000000008005714      0x43c Drivers/STM32F7xx_HAL_Driver/Src/stm32f7xx_hal_spi.o
                0x0000000008005714                HAL_SPI_TransmitReceive
 .text.HAL_SPI_IRQHandler
                0x0000000008005b50      0x200 Drivers/STM32F7xx_HAL_Driver/Src/stm32f7xx_hal_spi.o
                0x0000000008005b50                HAL_SPI_IRQHandler
 .text.HAL_SPI_ErrorCallback
                0x0000000008005d50       0x14 Drivers/STM32F7xx_HAL_Driver/Src/stm32f7xx_hal_spi.o
                0x0000000008005d50                HAL_SPI_ErrorCallback
 .text.SPI_DMAAbortOnError
                0x0000000008005d64       0x2a Drivers/STM32F7xx_HAL_Driver/Src/stm32f7xx_hal_spi.o
 .text.SPI_WaitFlagStateUntilTimeout
                0x0000000008005d8e       0xd4 Drivers/STM32F7xx_HAL_Driver/Src/stm32f7xx_hal_spi.o
 .text.SPI_WaitFifoStateUntilTimeout
                0x0000000008005e62       0xda Drivers/STM32F7xx_HAL_Driver/Src/stm32f7xx_hal_spi.o
 .text.SPI_EndRxTransaction
                0x0000000008005f3c       0xb0 Drivers/STM32F7xx_HAL_Driver/Src/stm32f7xx_hal_spi.o
 .text.SPI_EndRxTxTransaction
                0x0000000008005fec       0x8c Drivers/STM32F7xx_HAL_Driver/Src/stm32f7xx_hal_spi.o
 .text.HAL_UART_Init
                0x0000000008006078      0x180 Drivers/STM32F7xx_HAL_Driver/Src/stm32f7xx_hal_uart.o
                0x0000000008006078                HAL_UART_Init
 .text.HAL_UART_Transmit
                0x00000000080061f8      0x122 Drivers/STM32F7xx_HAL_Driver/Src/stm32f7xx_hal_uart.o
                0x00000000080061f8                HAL_UART_Transmit
 .text.HAL_UART_Receive
                0x000000000800631a      0x198 Drivers/STM32F7xx_HAL_Driver/Src/stm32f7xx_hal_uart.o
                0x000000000800631a                HAL_UART_Receive
 *fill*         0x00000000080064b2        0x2 
 .text.HAL_UART_IRQHandler
                0x00000000080064b4      0x28c Drivers/STM32F7xx_HAL_Driver/Src/stm32f7xx_hal_uart.o
                0x00000000080064b4                HAL_UART_IRQHandler
 .text.HAL_UART_TxCpltCallback
                0x0000000008006740       0x14 Drivers/STM32F7xx_HAL_Driver/Src/stm32f7xx_hal_uart.o
                0x0000000008006740                HAL_UART_TxCpltCallback
 .text.HAL_UART_ErrorCallback
                0x0000000008006754       0x14 Drivers/STM32F7xx_HAL_Driver/Src/stm32f7xx_hal_uart.o
                0x0000000008006754                HAL_UART_ErrorCallback
 .text.HAL_UARTEx_WakeupCallback
                0x0000000008006768       0x14 Drivers/STM32F7xx_HAL_Driver/Src/stm32f7xx_hal_uart.o
                0x0000000008006768                HAL_UARTEx_WakeupCallback
 .text.UART_SetConfig
                0x000000000800677c      0x678 Drivers/STM32F7xx_HAL_Driver/Src/stm32f7xx_hal_uart.o
                0x000000000800677c                UART_SetConfig
 .text.UART_AdvFeatureConfig
                0x0000000008006df4      0x2a8 Drivers/STM32F7xx_HAL_Driver/Src/stm32f7xx_hal_uart.o
                0x0000000008006df4                UART_AdvFeatureConfig
 .text.UART_CheckIdleState
                0x000000000800709c       0x8a Drivers/STM32F7xx_HAL_Driver/Src/stm32f7xx_hal_uart.o
                0x000000000800709c                UART_CheckIdleState
 .text.UART_WaitOnFlagUntilTimeout
                0x0000000008007126       0xf6 Drivers/STM32F7xx_HAL_Driver/Src/stm32f7xx_hal_uart.o
                0x0000000008007126                UART_WaitOnFlagUntilTimeout
 .text.UART_EndRxTransfer
                0x000000000800721c       0x40 Drivers/STM32F7xx_HAL_Driver/Src/stm32f7xx_hal_uart.o
 .text.UART_DMAAbortOnError
                0x000000000800725c       0x2c Drivers/STM32F7xx_HAL_Driver/Src/stm32f7xx_hal_uart.o
 .text.UART_EndTransmit_IT
                0x0000000008007288       0x32 Drivers/STM32F7xx_HAL_Driver/Src/stm32f7xx_hal_uart.o
 *fill*         0x00000000080072ba        0x2 
 .text.__errno  0x00000000080072bc        0xc c:/st/stm32cubeide_1.3.0/stm32cubeide/plugins/com.st.stm32cube.ide.mcu.externaltools.gnu-tools-for-stm32.7-2018-q2-update.win32_1.0.0.201904181610/tools/bin/../lib/gcc/arm-none-eabi/7.3.1/../../../../arm-none-eabi/lib/thumb/v7e-m/fpv5/hard\libc_nano.a(lib_a-errno.o)
                0x00000000080072bc                __errno
 .text.__libc_init_array
                0x00000000080072c8       0x48 c:/st/stm32cubeide_1.3.0/stm32cubeide/plugins/com.st.stm32cube.ide.mcu.externaltools.gnu-tools-for-stm32.7-2018-q2-update.win32_1.0.0.201904181610/tools/bin/../lib/gcc/arm-none-eabi/7.3.1/../../../../arm-none-eabi/lib/thumb/v7e-m/fpv5/hard\libc_nano.a(lib_a-init.o)
                0x00000000080072c8                __libc_init_array
 .text.memcpy   0x0000000008007310       0x16 c:/st/stm32cubeide_1.3.0/stm32cubeide/plugins/com.st.stm32cube.ide.mcu.externaltools.gnu-tools-for-stm32.7-2018-q2-update.win32_1.0.0.201904181610/tools/bin/../lib/gcc/arm-none-eabi/7.3.1/../../../../arm-none-eabi/lib/thumb/v7e-m/fpv5/hard\libc_nano.a(lib_a-memcpy-stub.o)
                0x0000000008007310                memcpy
 .text.memset   0x0000000008007326       0x10 c:/st/stm32cubeide_1.3.0/stm32cubeide/plugins/com.st.stm32cube.ide.mcu.externaltools.gnu-tools-for-stm32.7-2018-q2-update.win32_1.0.0.201904181610/tools/bin/../lib/gcc/arm-none-eabi/7.3.1/../../../../arm-none-eabi/lib/thumb/v7e-m/fpv5/hard\libc_nano.a(lib_a-memset.o)
                0x0000000008007326                memset
 *fill*         0x0000000008007336        0x2 
 .text.sprintf  0x0000000008007338       0x40 c:/st/stm32cubeide_1.3.0/stm32cubeide/plugins/com.st.stm32cube.ide.mcu.externaltools.gnu-tools-for-stm32.7-2018-q2-update.win32_1.0.0.201904181610/tools/bin/../lib/gcc/arm-none-eabi/7.3.1/../../../../arm-none-eabi/lib/thumb/v7e-m/fpv5/hard\libc_nano.a(lib_a-sprintf.o)
                0x0000000008007338                siprintf
                0x0000000008007338                sprintf
 .text.__ssputs_r
                0x0000000008007378       0xb4 c:/st/stm32cubeide_1.3.0/stm32cubeide/plugins/com.st.stm32cube.ide.mcu.externaltools.gnu-tools-for-stm32.7-2018-q2-update.win32_1.0.0.201904181610/tools/bin/../lib/gcc/arm-none-eabi/7.3.1/../../../../arm-none-eabi/lib/thumb/v7e-m/fpv5/hard\libc_nano.a(lib_a-nano-svfprintf.o)
                0x0000000008007378                __ssputs_r
 .text._svfprintf_r
                0x000000000800742c      0x1f0 c:/st/stm32cubeide_1.3.0/stm32cubeide/plugins/com.st.stm32cube.ide.mcu.externaltools.gnu-tools-for-stm32.7-2018-q2-update.win32_1.0.0.201904181610/tools/bin/../lib/gcc/arm-none-eabi/7.3.1/../../../../arm-none-eabi/lib/thumb/v7e-m/fpv5/hard\libc_nano.a(lib_a-nano-svfprintf.o)
                0x000000000800742c                _svfiprintf_r
                0x000000000800742c                _svfprintf_r
 .text._printf_common
                0x000000000800761c       0xea c:/st/stm32cubeide_1.3.0/stm32cubeide/plugins/com.st.stm32cube.ide.mcu.externaltools.gnu-tools-for-stm32.7-2018-q2-update.win32_1.0.0.201904181610/tools/bin/../lib/gcc/arm-none-eabi/7.3.1/../../../../arm-none-eabi/lib/thumb/v7e-m/fpv5/hard\libc_nano.a(lib_a-nano-vfprintf_i.o)
                0x000000000800761c                _printf_common
 *fill*         0x0000000008007706        0x2 
 .text._printf_i
                0x0000000008007708      0x224 c:/st/stm32cubeide_1.3.0/stm32cubeide/plugins/com.st.stm32cube.ide.mcu.externaltools.gnu-tools-for-stm32.7-2018-q2-update.win32_1.0.0.201904181610/tools/bin/../lib/gcc/arm-none-eabi/7.3.1/../../../../arm-none-eabi/lib/thumb/v7e-m/fpv5/hard\libc_nano.a(lib_a-nano-vfprintf_i.o)
                0x0000000008007708                _printf_i
 .text.memmove  0x000000000800792c       0x32 c:/st/stm32cubeide_1.3.0/stm32cubeide/plugins/com.st.stm32cube.ide.mcu.externaltools.gnu-tools-for-stm32.7-2018-q2-update.win32_1.0.0.201904181610/tools/bin/../lib/gcc/arm-none-eabi/7.3.1/../../../../arm-none-eabi/lib/thumb/v7e-m/fpv5/hard\libc_nano.a(lib_a-memmove.o)
                0x000000000800792c                memmove
 *fill*         0x000000000800795e        0x2 
 .text._free_r  0x0000000008007960       0x9c c:/st/stm32cubeide_1.3.0/stm32cubeide/plugins/com.st.stm32cube.ide.mcu.externaltools.gnu-tools-for-stm32.7-2018-q2-update.win32_1.0.0.201904181610/tools/bin/../lib/gcc/arm-none-eabi/7.3.1/../../../../arm-none-eabi/lib/thumb/v7e-m/fpv5/hard\libc_nano.a(lib_a-nano-freer.o)
                0x0000000008007960                _free_r
 .text._malloc_r
                0x00000000080079fc       0xb4 c:/st/stm32cubeide_1.3.0/stm32cubeide/plugins/com.st.stm32cube.ide.mcu.externaltools.gnu-tools-for-stm32.7-2018-q2-update.win32_1.0.0.201904181610/tools/bin/../lib/gcc/arm-none-eabi/7.3.1/../../../../arm-none-eabi/lib/thumb/v7e-m/fpv5/hard\libc_nano.a(lib_a-nano-mallocr.o)
                0x00000000080079fc                _malloc_r
 .text._realloc_r
                0x0000000008007ab0       0x4c c:/st/stm32cubeide_1.3.0/stm32cubeide/plugins/com.st.stm32cube.ide.mcu.externaltools.gnu-tools-for-stm32.7-2018-q2-update.win32_1.0.0.201904181610/tools/bin/../lib/gcc/arm-none-eabi/7.3.1/../../../../arm-none-eabi/lib/thumb/v7e-m/fpv5/hard\libc_nano.a(lib_a-nano-reallocr.o)
                0x0000000008007ab0                _realloc_r
 .text._sbrk_r  0x0000000008007afc       0x20 c:/st/stm32cubeide_1.3.0/stm32cubeide/plugins/com.st.stm32cube.ide.mcu.externaltools.gnu-tools-for-stm32.7-2018-q2-update.win32_1.0.0.201904181610/tools/bin/../lib/gcc/arm-none-eabi/7.3.1/../../../../arm-none-eabi/lib/thumb/v7e-m/fpv5/hard\libc_nano.a(lib_a-sbrkr.o)
                0x0000000008007afc                _sbrk_r
 .text.__malloc_lock
                0x0000000008007b1c        0x2 c:/st/stm32cubeide_1.3.0/stm32cubeide/plugins/com.st.stm32cube.ide.mcu.externaltools.gnu-tools-for-stm32.7-2018-q2-update.win32_1.0.0.201904181610/tools/bin/../lib/gcc/arm-none-eabi/7.3.1/../../../../arm-none-eabi/lib/thumb/v7e-m/fpv5/hard\libc_nano.a(lib_a-mlock.o)
                0x0000000008007b1c                __malloc_lock
 .text.__malloc_unlock
                0x0000000008007b1e        0x2 c:/st/stm32cubeide_1.3.0/stm32cubeide/plugins/com.st.stm32cube.ide.mcu.externaltools.gnu-tools-for-stm32.7-2018-q2-update.win32_1.0.0.201904181610/tools/bin/../lib/gcc/arm-none-eabi/7.3.1/../../../../arm-none-eabi/lib/thumb/v7e-m/fpv5/hard\libc_nano.a(lib_a-mlock.o)
                0x0000000008007b1e                __malloc_unlock
 .text._malloc_usable_size_r
                0x0000000008007b20       0x10 c:/st/stm32cubeide_1.3.0/stm32cubeide/plugins/com.st.stm32cube.ide.mcu.externaltools.gnu-tools-for-stm32.7-2018-q2-update.win32_1.0.0.201904181610/tools/bin/../lib/gcc/arm-none-eabi/7.3.1/../../../../arm-none-eabi/lib/thumb/v7e-m/fpv5/hard\libc_nano.a(lib_a-nano-msizer.o)
                0x0000000008007b20                _malloc_usable_size_r
 *(.glue_7)
 .glue_7        0x0000000008007b30        0x0 linker stubs
 *(.glue_7t)
 .glue_7t       0x0000000008007b30        0x0 linker stubs
 *(.eh_frame)
 .eh_frame      0x0000000008007b30        0x0 c:/st/stm32cubeide_1.3.0/stm32cubeide/plugins/com.st.stm32cube.ide.mcu.externaltools.gnu-tools-for-stm32.7-2018-q2-update.win32_1.0.0.201904181610/tools/bin/../lib/gcc/arm-none-eabi/7.3.1/thumb/v7e-m/fpv5/hard/crtbegin.o
 *(.init)
 .init          0x0000000008007b30        0x4 c:/st/stm32cubeide_1.3.0/stm32cubeide/plugins/com.st.stm32cube.ide.mcu.externaltools.gnu-tools-for-stm32.7-2018-q2-update.win32_1.0.0.201904181610/tools/bin/../lib/gcc/arm-none-eabi/7.3.1/thumb/v7e-m/fpv5/hard/crti.o
                0x0000000008007b30                _init
 .init          0x0000000008007b34        0x8 c:/st/stm32cubeide_1.3.0/stm32cubeide/plugins/com.st.stm32cube.ide.mcu.externaltools.gnu-tools-for-stm32.7-2018-q2-update.win32_1.0.0.201904181610/tools/bin/../lib/gcc/arm-none-eabi/7.3.1/thumb/v7e-m/fpv5/hard/crtn.o
 *(.fini)
 .fini          0x0000000008007b3c        0x4 c:/st/stm32cubeide_1.3.0/stm32cubeide/plugins/com.st.stm32cube.ide.mcu.externaltools.gnu-tools-for-stm32.7-2018-q2-update.win32_1.0.0.201904181610/tools/bin/../lib/gcc/arm-none-eabi/7.3.1/thumb/v7e-m/fpv5/hard/crti.o
                0x0000000008007b3c                _fini
 .fini          0x0000000008007b40        0x8 c:/st/stm32cubeide_1.3.0/stm32cubeide/plugins/com.st.stm32cube.ide.mcu.externaltools.gnu-tools-for-stm32.7-2018-q2-update.win32_1.0.0.201904181610/tools/bin/../lib/gcc/arm-none-eabi/7.3.1/thumb/v7e-m/fpv5/hard/crtn.o
                0x0000000008007b48                . = ALIGN (0x4)
                0x0000000008007b48                _etext = .

.vfp11_veneer   0x0000000008007b48        0x0
 .vfp11_veneer  0x0000000008007b48        0x0 linker stubs

.v4_bx          0x0000000008007b48        0x0
 .v4_bx         0x0000000008007b48        0x0 linker stubs

.iplt           0x0000000008007b48        0x0
 .iplt          0x0000000008007b48        0x0 c:/st/stm32cubeide_1.3.0/stm32cubeide/plugins/com.st.stm32cube.ide.mcu.externaltools.gnu-tools-for-stm32.7-2018-q2-update.win32_1.0.0.201904181610/tools/bin/../lib/gcc/arm-none-eabi/7.3.1/thumb/v7e-m/fpv5/hard/crtbegin.o

.rodata         0x0000000008007b48      0x3d8
                0x0000000008007b48                . = ALIGN (0x4)
 *(.rodata)
 .rodata        0x0000000008007b48      0x180 Core/Src/Test.o
 .rodata        0x0000000008007cc8       0x3b Drivers/STM32F7xx_HAL_Driver/Src/stm32f7xx_hal_cortex.o
 *fill*         0x0000000008007d03        0x1 
 .rodata        0x0000000008007d04       0x38 Drivers/STM32F7xx_HAL_Driver/Src/stm32f7xx_hal_crc.o
 .rodata        0x0000000008007d3c       0x3b Drivers/STM32F7xx_HAL_Driver/Src/stm32f7xx_hal_crc_ex.o
 *fill*         0x0000000008007d77        0x1 
 .rodata        0x0000000008007d78       0x39 Drivers/STM32F7xx_HAL_Driver/Src/stm32f7xx_hal_gpio.o
 *fill*         0x0000000008007db1        0x3 
 .rodata        0x0000000008007db4       0x38 Drivers/STM32F7xx_HAL_Driver/Src/stm32f7xx_hal_rcc.o
 .rodata        0x0000000008007dec       0x3b Drivers/STM32F7xx_HAL_Driver/Src/stm32f7xx_hal_rcc_ex.o
 *fill*         0x0000000008007e27        0x1 
 .rodata        0x0000000008007e28       0x38 Drivers/STM32F7xx_HAL_Driver/Src/stm32f7xx_hal_rtc.o
 .rodata        0x0000000008007e60       0x38 Drivers/STM32F7xx_HAL_Driver/Src/stm32f7xx_hal_spi.o
 .rodata        0x0000000008007e98       0x39 Drivers/STM32F7xx_HAL_Driver/Src/stm32f7xx_hal_uart.o
 *(.rodata*)
 *fill*         0x0000000008007ed1        0x3 
 .rodata.AHBPrescTable
                0x0000000008007ed4       0x10 Core/Src/system_stm32f7xx.o
                0x0000000008007ed4                AHBPrescTable
 .rodata.APBPrescTable
                0x0000000008007ee4        0x8 Core/Src/system_stm32f7xx.o
                0x0000000008007ee4                APBPrescTable
 .rodata._svfprintf_r.str1.1
                0x0000000008007eec       0x11 c:/st/stm32cubeide_1.3.0/stm32cubeide/plugins/com.st.stm32cube.ide.mcu.externaltools.gnu-tools-for-stm32.7-2018-q2-update.win32_1.0.0.201904181610/tools/bin/../lib/gcc/arm-none-eabi/7.3.1/../../../../arm-none-eabi/lib/thumb/v7e-m/fpv5/hard\libc_nano.a(lib_a-nano-svfprintf.o)
 .rodata._printf_i.str1.1
                0x0000000008007efd       0x22 c:/st/stm32cubeide_1.3.0/stm32cubeide/plugins/com.st.stm32cube.ide.mcu.externaltools.gnu-tools-for-stm32.7-2018-q2-update.win32_1.0.0.201904181610/tools/bin/../lib/gcc/arm-none-eabi/7.3.1/../../../../arm-none-eabi/lib/thumb/v7e-m/fpv5/hard\libc_nano.a(lib_a-nano-vfprintf_i.o)
                0x0000000008007f20                . = ALIGN (0x4)
 *fill*         0x0000000008007f1f        0x1 

.ARM.extab      0x0000000008007f20        0x0
                0x0000000008007f20                . = ALIGN (0x4)
 *(.ARM.extab* .gnu.linkonce.armextab.*)
                0x0000000008007f20                . = ALIGN (0x4)

.ARM            0x0000000008007f20        0x8
                0x0000000008007f20                . = ALIGN (0x4)
                0x0000000008007f20                __exidx_start = .
 *(.ARM.exidx*)
 .ARM.exidx     0x0000000008007f20        0x8 c:/st/stm32cubeide_1.3.0/stm32cubeide/plugins/com.st.stm32cube.ide.mcu.externaltools.gnu-tools-for-stm32.7-2018-q2-update.win32_1.0.0.201904181610/tools/bin/../lib/gcc/arm-none-eabi/7.3.1/thumb/v7e-m/fpv5/hard\libgcc.a(_udivmoddi4.o)
                0x0000000008007f28                __exidx_end = .
                0x0000000008007f28                . = ALIGN (0x4)

.rel.dyn        0x0000000008007f28        0x0
 .rel.iplt      0x0000000008007f28        0x0 c:/st/stm32cubeide_1.3.0/stm32cubeide/plugins/com.st.stm32cube.ide.mcu.externaltools.gnu-tools-for-stm32.7-2018-q2-update.win32_1.0.0.201904181610/tools/bin/../lib/gcc/arm-none-eabi/7.3.1/thumb/v7e-m/fpv5/hard/crtbegin.o

.preinit_array  0x0000000008007f28        0x0
                0x0000000008007f28                . = ALIGN (0x4)
                0x0000000008007f28                PROVIDE (__preinit_array_start = .)
 *(.preinit_array*)
                0x0000000008007f28                PROVIDE (__preinit_array_end = .)
                0x0000000008007f28                . = ALIGN (0x4)

.init_array     0x0000000008007f28        0x4
                0x0000000008007f28                . = ALIGN (0x4)
                0x0000000008007f28                PROVIDE (__init_array_start = .)
 *(SORT_BY_NAME(.init_array.*))
 *(.init_array*)
 .init_array    0x0000000008007f28        0x4 c:/st/stm32cubeide_1.3.0/stm32cubeide/plugins/com.st.stm32cube.ide.mcu.externaltools.gnu-tools-for-stm32.7-2018-q2-update.win32_1.0.0.201904181610/tools/bin/../lib/gcc/arm-none-eabi/7.3.1/thumb/v7e-m/fpv5/hard/crtbegin.o
                0x0000000008007f2c                PROVIDE (__init_array_end = .)
                0x0000000008007f2c                . = ALIGN (0x4)

.fini_array     0x0000000008007f2c        0x4
                0x0000000008007f2c                . = ALIGN (0x4)
                [!provide]                        PROVIDE (__fini_array_start = .)
 *(SORT_BY_NAME(.fini_array.*))
 *(.fini_array*)
 .fini_array    0x0000000008007f2c        0x4 c:/st/stm32cubeide_1.3.0/stm32cubeide/plugins/com.st.stm32cube.ide.mcu.externaltools.gnu-tools-for-stm32.7-2018-q2-update.win32_1.0.0.201904181610/tools/bin/../lib/gcc/arm-none-eabi/7.3.1/thumb/v7e-m/fpv5/hard/crtbegin.o
                [!provide]                        PROVIDE (__fini_array_end = .)
                0x0000000008007f30                . = ALIGN (0x4)
                0x0000000008007f30                _sidata = LOADADDR (.data)

.data           0x0000000020000000       0x70 load address 0x0000000008007f30
                0x0000000020000000                . = ALIGN (0x4)
                0x0000000020000000                _sdata = .
 *(.data)
 *(.data*)
 .data.SystemCoreClock
                0x0000000020000000        0x4 Core/Src/system_stm32f7xx.o
                0x0000000020000000                SystemCoreClock
 .data.uwTickPrio
                0x0000000020000004        0x4 Drivers/STM32F7xx_HAL_Driver/Src/stm32f7xx_hal.o
                0x0000000020000004                uwTickPrio
 .data.uwTickFreq
                0x0000000020000008        0x1 Drivers/STM32F7xx_HAL_Driver/Src/stm32f7xx_hal.o
                0x0000000020000008                uwTickFreq
 *fill*         0x0000000020000009        0x3 
 .data._impure_ptr
                0x000000002000000c        0x4 c:/st/stm32cubeide_1.3.0/stm32cubeide/plugins/com.st.stm32cube.ide.mcu.externaltools.gnu-tools-for-stm32.7-2018-q2-update.win32_1.0.0.201904181610/tools/bin/../lib/gcc/arm-none-eabi/7.3.1/../../../../arm-none-eabi/lib/thumb/v7e-m/fpv5/hard\libc_nano.a(lib_a-impure.o)
                0x000000002000000c                _impure_ptr
 .data.impure_data
                0x0000000020000010       0x60 c:/st/stm32cubeide_1.3.0/stm32cubeide/plugins/com.st.stm32cube.ide.mcu.externaltools.gnu-tools-for-stm32.7-2018-q2-update.win32_1.0.0.201904181610/tools/bin/../lib/gcc/arm-none-eabi/7.3.1/../../../../arm-none-eabi/lib/thumb/v7e-m/fpv5/hard\libc_nano.a(lib_a-impure.o)
                0x0000000020000070                . = ALIGN (0x4)
                0x0000000020000070                _edata = .

.igot.plt       0x0000000020000070        0x0 load address 0x0000000008007fa0
 .igot.plt      0x0000000020000070        0x0 c:/st/stm32cubeide_1.3.0/stm32cubeide/plugins/com.st.stm32cube.ide.mcu.externaltools.gnu-tools-for-stm32.7-2018-q2-update.win32_1.0.0.201904181610/tools/bin/../lib/gcc/arm-none-eabi/7.3.1/thumb/v7e-m/fpv5/hard/crtbegin.o
                0x0000000020000070                . = ALIGN (0x4)

.bss            0x0000000020000070      0x3ec load address 0x0000000008007fa0
                0x0000000020000070                _sbss = .
                0x0000000020000070                __bss_start__ = _sbss
 *(.bss)
 .bss           0x0000000020000070       0x1c c:/st/stm32cubeide_1.3.0/stm32cubeide/plugins/com.st.stm32cube.ide.mcu.externaltools.gnu-tools-for-stm32.7-2018-q2-update.win32_1.0.0.201904181610/tools/bin/../lib/gcc/arm-none-eabi/7.3.1/thumb/v7e-m/fpv5/hard/crtbegin.o
 *(.bss*)
 .bss.__sbrk_heap_end
                0x000000002000008c        0x4 Core/Src/sysmem.o
 .bss.__malloc_free_list
                0x0000000020000090        0x4 c:/st/stm32cubeide_1.3.0/stm32cubeide/plugins/com.st.stm32cube.ide.mcu.externaltools.gnu-tools-for-stm32.7-2018-q2-update.win32_1.0.0.201904181610/tools/bin/../lib/gcc/arm-none-eabi/7.3.1/../../../../arm-none-eabi/lib/thumb/v7e-m/fpv5/hard\libc_nano.a(lib_a-nano-mallocr.o)
                0x0000000020000090                __malloc_free_list
 .bss.__malloc_sbrk_start
                0x0000000020000094        0x4 c:/st/stm32cubeide_1.3.0/stm32cubeide/plugins/com.st.stm32cube.ide.mcu.externaltools.gnu-tools-for-stm32.7-2018-q2-update.win32_1.0.0.201904181610/tools/bin/../lib/gcc/arm-none-eabi/7.3.1/../../../../arm-none-eabi/lib/thumb/v7e-m/fpv5/hard\libc_nano.a(lib_a-nano-mallocr.o)
                0x0000000020000094                __malloc_sbrk_start
 *(COMMON)
 COMMON         0x0000000020000098       0x24 Core/Src/crc.o
                0x0000000020000098                hcrc
 COMMON         0x00000000200000bc        0x1 Core/Src/cypress.o
                0x00000000200000bc                tmp_add
 *fill*         0x00000000200000bd        0x3 
 COMMON         0x00000000200000c0       0x20 Core/Src/rtc.o
                0x00000000200000c0                hrtc
 COMMON         0x00000000200000e0      0x1f4 Core/Src/spi.o
                0x00000000200000e0                hspi2
                0x0000000020000144                hspi5
                0x00000000200001a8                hspi6
                0x000000002000020c                hspi3
                0x0000000020000270                hspi4
 COMMON         0x00000000200002d4      0x180 Core/Src/usart.o
                0x00000000200002d4                huart5
                0x0000000020000354                huart8
                0x00000000200003d4                huart4
 COMMON         0x0000000020000454        0x4 Drivers/STM32F7xx_HAL_Driver/Src/stm32f7xx_hal.o
                0x0000000020000454                uwTick
 COMMON         0x0000000020000458        0x4 c:/st/stm32cubeide_1.3.0/stm32cubeide/plugins/com.st.stm32cube.ide.mcu.externaltools.gnu-tools-for-stm32.7-2018-q2-update.win32_1.0.0.201904181610/tools/bin/../lib/gcc/arm-none-eabi/7.3.1/../../../../arm-none-eabi/lib/thumb/v7e-m/fpv5/hard\libc_nano.a(lib_a-reent.o)
                0x0000000020000458                errno
                0x000000002000045c                . = ALIGN (0x4)
                0x000000002000045c                _ebss = .
                0x000000002000045c                __bss_end__ = _ebss

._user_heap_stack
                0x000000002000045c      0x604 load address 0x0000000008007fa0
                0x0000000020000460                . = ALIGN (0x8)
 *fill*         0x000000002000045c        0x4 
                [!provide]                        PROVIDE (end = .)
                0x0000000020000460                PROVIDE (_end = .)
                0x0000000020000660                . = (. + _Min_Heap_Size)
 *fill*         0x0000000020000460      0x200 
                0x0000000020000a60                . = (. + _Min_Stack_Size)
 *fill*         0x0000000020000660      0x400 
                0x0000000020000a60                . = ALIGN (0x8)

/DISCARD/
 libc.a(*)
 libm.a(*)
 libgcc.a(*)

.ARM.attributes
                0x0000000000000000       0x2e
 *(.ARM.attributes)
 .ARM.attributes
                0x0000000000000000       0x20 c:/st/stm32cubeide_1.3.0/stm32cubeide/plugins/com.st.stm32cube.ide.mcu.externaltools.gnu-tools-for-stm32.7-2018-q2-update.win32_1.0.0.201904181610/tools/bin/../lib/gcc/arm-none-eabi/7.3.1/thumb/v7e-m/fpv5/hard/crti.o
 .ARM.attributes
                0x0000000000000020       0x32 c:/st/stm32cubeide_1.3.0/stm32cubeide/plugins/com.st.stm32cube.ide.mcu.externaltools.gnu-tools-for-stm32.7-2018-q2-update.win32_1.0.0.201904181610/tools/bin/../lib/gcc/arm-none-eabi/7.3.1/thumb/v7e-m/fpv5/hard/crtbegin.o
 .ARM.attributes
                0x0000000000000052       0x37 Core/Src/Test.o
 .ARM.attributes
                0x0000000000000089       0x37 Core/Src/crc.o
 .ARM.attributes
                0x00000000000000c0       0x37 Core/Src/cypress.o
 .ARM.attributes
                0x00000000000000f7       0x37 Core/Src/gpio.o
 .ARM.attributes
                0x000000000000012e       0x37 Core/Src/main.o
 .ARM.attributes
                0x0000000000000165       0x37 Core/Src/rtc.o
 .ARM.attributes
                0x000000000000019c       0x37 Core/Src/spi.o
 .ARM.attributes
                0x00000000000001d3       0x37 Core/Src/stm32f7xx_hal_msp.o
 .ARM.attributes
                0x000000000000020a       0x37 Core/Src/stm32f7xx_it.o
 .ARM.attributes
                0x0000000000000241       0x37 Core/Src/sysmem.o
 .ARM.attributes
                0x0000000000000278       0x37 Core/Src/system_stm32f7xx.o
 .ARM.attributes
                0x00000000000002af       0x37 Core/Src/usart.o
 .ARM.attributes
                0x00000000000002e6       0x21 Core/Startup/startup_stm32f779bitx.o
 .ARM.attributes
                0x0000000000000307       0x37 Drivers/STM32F7xx_HAL_Driver/Src/stm32f7xx_hal.o
 .ARM.attributes
                0x000000000000033e       0x37 Drivers/STM32F7xx_HAL_Driver/Src/stm32f7xx_hal_cortex.o
 .ARM.attributes
                0x0000000000000375       0x37 Drivers/STM32F7xx_HAL_Driver/Src/stm32f7xx_hal_crc.o
 .ARM.attributes
                0x00000000000003ac       0x37 Drivers/STM32F7xx_HAL_Driver/Src/stm32f7xx_hal_crc_ex.o
 .ARM.attributes
                0x00000000000003e3       0x37 Drivers/STM32F7xx_HAL_Driver/Src/stm32f7xx_hal_dma.o
 .ARM.attributes
                0x000000000000041a       0x37 Drivers/STM32F7xx_HAL_Driver/Src/stm32f7xx_hal_gpio.o
 .ARM.attributes
                0x0000000000000451       0x37 Drivers/STM32F7xx_HAL_Driver/Src/stm32f7xx_hal_pwr_ex.o
 .ARM.attributes
                0x0000000000000488       0x37 Drivers/STM32F7xx_HAL_Driver/Src/stm32f7xx_hal_rcc.o
 .ARM.attributes
                0x00000000000004bf       0x37 Drivers/STM32F7xx_HAL_Driver/Src/stm32f7xx_hal_rcc_ex.o
 .ARM.attributes
                0x00000000000004f6       0x37 Drivers/STM32F7xx_HAL_Driver/Src/stm32f7xx_hal_rtc.o
 .ARM.attributes
                0x000000000000052d       0x37 Drivers/STM32F7xx_HAL_Driver/Src/stm32f7xx_hal_spi.o
 .ARM.attributes
                0x0000000000000564       0x37 Drivers/STM32F7xx_HAL_Driver/Src/stm32f7xx_hal_uart.o
 .ARM.attributes
                0x000000000000059b       0x32 c:/st/stm32cubeide_1.3.0/stm32cubeide/plugins/com.st.stm32cube.ide.mcu.externaltools.gnu-tools-for-stm32.7-2018-q2-update.win32_1.0.0.201904181610/tools/bin/../lib/gcc/arm-none-eabi/7.3.1/../../../../arm-none-eabi/lib/thumb/v7e-m/fpv5/hard\libc_nano.a(lib_a-errno.o)
 .ARM.attributes
                0x00000000000005cd       0x32 c:/st/stm32cubeide_1.3.0/stm32cubeide/plugins/com.st.stm32cube.ide.mcu.externaltools.gnu-tools-for-stm32.7-2018-q2-update.win32_1.0.0.201904181610/tools/bin/../lib/gcc/arm-none-eabi/7.3.1/../../../../arm-none-eabi/lib/thumb/v7e-m/fpv5/hard\libc_nano.a(lib_a-impure.o)
 .ARM.attributes
                0x00000000000005ff       0x32 c:/st/stm32cubeide_1.3.0/stm32cubeide/plugins/com.st.stm32cube.ide.mcu.externaltools.gnu-tools-for-stm32.7-2018-q2-update.win32_1.0.0.201904181610/tools/bin/../lib/gcc/arm-none-eabi/7.3.1/../../../../arm-none-eabi/lib/thumb/v7e-m/fpv5/hard\libc_nano.a(lib_a-init.o)
 .ARM.attributes
                0x0000000000000631       0x32 c:/st/stm32cubeide_1.3.0/stm32cubeide/plugins/com.st.stm32cube.ide.mcu.externaltools.gnu-tools-for-stm32.7-2018-q2-update.win32_1.0.0.201904181610/tools/bin/../lib/gcc/arm-none-eabi/7.3.1/../../../../arm-none-eabi/lib/thumb/v7e-m/fpv5/hard\libc_nano.a(lib_a-memcpy-stub.o)
 .ARM.attributes
                0x0000000000000663       0x32 c:/st/stm32cubeide_1.3.0/stm32cubeide/plugins/com.st.stm32cube.ide.mcu.externaltools.gnu-tools-for-stm32.7-2018-q2-update.win32_1.0.0.201904181610/tools/bin/../lib/gcc/arm-none-eabi/7.3.1/../../../../arm-none-eabi/lib/thumb/v7e-m/fpv5/hard\libc_nano.a(lib_a-memset.o)
 .ARM.attributes
                0x0000000000000695       0x32 c:/st/stm32cubeide_1.3.0/stm32cubeide/plugins/com.st.stm32cube.ide.mcu.externaltools.gnu-tools-for-stm32.7-2018-q2-update.win32_1.0.0.201904181610/tools/bin/../lib/gcc/arm-none-eabi/7.3.1/../../../../arm-none-eabi/lib/thumb/v7e-m/fpv5/hard\libc_nano.a(lib_a-sprintf.o)
 .ARM.attributes
                0x00000000000006c7       0x19 c:/st/stm32cubeide_1.3.0/stm32cubeide/plugins/com.st.stm32cube.ide.mcu.externaltools.gnu-tools-for-stm32.7-2018-q2-update.win32_1.0.0.201904181610/tools/bin/../lib/gcc/arm-none-eabi/7.3.1/../../../../arm-none-eabi/lib/thumb/v7e-m/fpv5/hard\libc_nano.a(lib_a-strlen.o)
 .ARM.attributes
                0x00000000000006e0       0x32 c:/st/stm32cubeide_1.3.0/stm32cubeide/plugins/com.st.stm32cube.ide.mcu.externaltools.gnu-tools-for-stm32.7-2018-q2-update.win32_1.0.0.201904181610/tools/bin/../lib/gcc/arm-none-eabi/7.3.1/../../../../arm-none-eabi/lib/thumb/v7e-m/fpv5/hard\libc_nano.a(lib_a-nano-svfprintf.o)
 .ARM.attributes
                0x0000000000000712       0x32 c:/st/stm32cubeide_1.3.0/stm32cubeide/plugins/com.st.stm32cube.ide.mcu.externaltools.gnu-tools-for-stm32.7-2018-q2-update.win32_1.0.0.201904181610/tools/bin/../lib/gcc/arm-none-eabi/7.3.1/../../../../arm-none-eabi/lib/thumb/v7e-m/fpv5/hard\libc_nano.a(lib_a-nano-vfprintf_i.o)
 .ARM.attributes
                0x0000000000000744       0x1e c:/st/stm32cubeide_1.3.0/stm32cubeide/plugins/com.st.stm32cube.ide.mcu.externaltools.gnu-tools-for-stm32.7-2018-q2-update.win32_1.0.0.201904181610/tools/bin/../lib/gcc/arm-none-eabi/7.3.1/../../../../arm-none-eabi/lib/thumb/v7e-m/fpv5/hard\libc_nano.a(lib_a-memchr.o)
 .ARM.attributes
                0x0000000000000762       0x32 c:/st/stm32cubeide_1.3.0/stm32cubeide/plugins/com.st.stm32cube.ide.mcu.externaltools.gnu-tools-for-stm32.7-2018-q2-update.win32_1.0.0.201904181610/tools/bin/../lib/gcc/arm-none-eabi/7.3.1/../../../../arm-none-eabi/lib/thumb/v7e-m/fpv5/hard\libc_nano.a(lib_a-memmove.o)
 .ARM.attributes
                0x0000000000000794       0x32 c:/st/stm32cubeide_1.3.0/stm32cubeide/plugins/com.st.stm32cube.ide.mcu.externaltools.gnu-tools-for-stm32.7-2018-q2-update.win32_1.0.0.201904181610/tools/bin/../lib/gcc/arm-none-eabi/7.3.1/../../../../arm-none-eabi/lib/thumb/v7e-m/fpv5/hard\libc_nano.a(lib_a-nano-freer.o)
 .ARM.attributes
                0x00000000000007c6       0x32 c:/st/stm32cubeide_1.3.0/stm32cubeide/plugins/com.st.stm32cube.ide.mcu.externaltools.gnu-tools-for-stm32.7-2018-q2-update.win32_1.0.0.201904181610/tools/bin/../lib/gcc/arm-none-eabi/7.3.1/../../../../arm-none-eabi/lib/thumb/v7e-m/fpv5/hard\libc_nano.a(lib_a-nano-mallocr.o)
 .ARM.attributes
                0x00000000000007f8       0x32 c:/st/stm32cubeide_1.3.0/stm32cubeide/plugins/com.st.stm32cube.ide.mcu.externaltools.gnu-tools-for-stm32.7-2018-q2-update.win32_1.0.0.201904181610/tools/bin/../lib/gcc/arm-none-eabi/7.3.1/../../../../arm-none-eabi/lib/thumb/v7e-m/fpv5/hard\libc_nano.a(lib_a-nano-reallocr.o)
 .ARM.attributes
                0x000000000000082a       0x32 c:/st/stm32cubeide_1.3.0/stm32cubeide/plugins/com.st.stm32cube.ide.mcu.externaltools.gnu-tools-for-stm32.7-2018-q2-update.win32_1.0.0.201904181610/tools/bin/../lib/gcc/arm-none-eabi/7.3.1/../../../../arm-none-eabi/lib/thumb/v7e-m/fpv5/hard\libc_nano.a(lib_a-sbrkr.o)
 .ARM.attributes
                0x000000000000085c       0x32 c:/st/stm32cubeide_1.3.0/stm32cubeide/plugins/com.st.stm32cube.ide.mcu.externaltools.gnu-tools-for-stm32.7-2018-q2-update.win32_1.0.0.201904181610/tools/bin/../lib/gcc/arm-none-eabi/7.3.1/../../../../arm-none-eabi/lib/thumb/v7e-m/fpv5/hard\libc_nano.a(lib_a-mlock.o)
 .ARM.attributes
                0x000000000000088e       0x32 c:/st/stm32cubeide_1.3.0/stm32cubeide/plugins/com.st.stm32cube.ide.mcu.externaltools.gnu-tools-for-stm32.7-2018-q2-update.win32_1.0.0.201904181610/tools/bin/../lib/gcc/arm-none-eabi/7.3.1/../../../../arm-none-eabi/lib/thumb/v7e-m/fpv5/hard\libc_nano.a(lib_a-nano-msizer.o)
 .ARM.attributes
                0x00000000000008c0       0x32 c:/st/stm32cubeide_1.3.0/stm32cubeide/plugins/com.st.stm32cube.ide.mcu.externaltools.gnu-tools-for-stm32.7-2018-q2-update.win32_1.0.0.201904181610/tools/bin/../lib/gcc/arm-none-eabi/7.3.1/../../../../arm-none-eabi/lib/thumb/v7e-m/fpv5/hard\libc_nano.a(lib_a-reent.o)
 .ARM.attributes
                0x00000000000008f2       0x20 c:/st/stm32cubeide_1.3.0/stm32cubeide/plugins/com.st.stm32cube.ide.mcu.externaltools.gnu-tools-for-stm32.7-2018-q2-update.win32_1.0.0.201904181610/tools/bin/../lib/gcc/arm-none-eabi/7.3.1/thumb/v7e-m/fpv5/hard\libgcc.a(_aeabi_uldivmod.o)
 .ARM.attributes
                0x0000000000000912       0x32 c:/st/stm32cubeide_1.3.0/stm32cubeide/plugins/com.st.stm32cube.ide.mcu.externaltools.gnu-tools-for-stm32.7-2018-q2-update.win32_1.0.0.201904181610/tools/bin/../lib/gcc/arm-none-eabi/7.3.1/thumb/v7e-m/fpv5/hard\libgcc.a(_udivmoddi4.o)
 .ARM.attributes
                0x0000000000000944       0x20 c:/st/stm32cubeide_1.3.0/stm32cubeide/plugins/com.st.stm32cube.ide.mcu.externaltools.gnu-tools-for-stm32.7-2018-q2-update.win32_1.0.0.201904181610/tools/bin/../lib/gcc/arm-none-eabi/7.3.1/thumb/v7e-m/fpv5/hard\libgcc.a(_dvmd_tls.o)
 .ARM.attributes
                0x0000000000000964       0x20 c:/st/stm32cubeide_1.3.0/stm32cubeide/plugins/com.st.stm32cube.ide.mcu.externaltools.gnu-tools-for-stm32.7-2018-q2-update.win32_1.0.0.201904181610/tools/bin/../lib/gcc/arm-none-eabi/7.3.1/thumb/v7e-m/fpv5/hard/crtn.o
OUTPUT(CubeRev21.elf elf32-littlearm)

.debug_info     0x0000000000000000    0x10e1f
 .debug_info    0x0000000000000000      0xcf0 Core/Src/Test.o
 .debug_info    0x0000000000000cf0      0x5ae Core/Src/crc.o
 .debug_info    0x000000000000129e      0x9d8 Core/Src/cypress.o
 .debug_info    0x0000000000001c76      0x887 Core/Src/gpio.o
 .debug_info    0x00000000000024fd     0x1b0f Core/Src/main.o
 .debug_info    0x000000000000400c      0x79d Core/Src/rtc.o
 .debug_info    0x00000000000047a9      0xe7b Core/Src/spi.o
 .debug_info    0x0000000000005624      0x389 Core/Src/stm32f7xx_hal_msp.o
 .debug_info    0x00000000000059ad      0xa9d Core/Src/stm32f7xx_it.o
 .debug_info    0x000000000000644a      0x985 Core/Src/sysmem.o
 .debug_info    0x0000000000006dcf      0x73d Core/Src/system_stm32f7xx.o
 .debug_info    0x000000000000750c      0xe15 Core/Src/usart.o
 .debug_info    0x0000000000008321       0x22 Core/Startup/startup_stm32f779bitx.o
 .debug_info    0x0000000000008343      0xa52 Drivers/STM32F7xx_HAL_Driver/Src/stm32f7xx_hal.o
 .debug_info    0x0000000000008d95     0x10ae Drivers/STM32F7xx_HAL_Driver/Src/stm32f7xx_hal_cortex.o
 .debug_info    0x0000000000009e43      0x5dc Drivers/STM32F7xx_HAL_Driver/Src/stm32f7xx_hal_crc.o
 .debug_info    0x000000000000a41f      0x426 Drivers/STM32F7xx_HAL_Driver/Src/stm32f7xx_hal_crc_ex.o
 .debug_info    0x000000000000a845      0x968 Drivers/STM32F7xx_HAL_Driver/Src/stm32f7xx_hal_dma.o
 .debug_info    0x000000000000b1ad      0x7e9 Drivers/STM32F7xx_HAL_Driver/Src/stm32f7xx_hal_gpio.o
 .debug_info    0x000000000000b996      0x96b Drivers/STM32F7xx_HAL_Driver/Src/stm32f7xx_hal_pwr_ex.o
 .debug_info    0x000000000000c301      0x996 Drivers/STM32F7xx_HAL_Driver/Src/stm32f7xx_hal_rcc.o
 .debug_info    0x000000000000cc97      0x7d1 Drivers/STM32F7xx_HAL_Driver/Src/stm32f7xx_hal_rcc_ex.o
 .debug_info    0x000000000000d468      0xc56 Drivers/STM32F7xx_HAL_Driver/Src/stm32f7xx_hal_rtc.o
 .debug_info    0x000000000000e0be     0x166a Drivers/STM32F7xx_HAL_Driver/Src/stm32f7xx_hal_spi.o
 .debug_info    0x000000000000f728     0x16f7 Drivers/STM32F7xx_HAL_Driver/Src/stm32f7xx_hal_uart.o

.debug_abbrev   0x0000000000000000     0x2aa2
 .debug_abbrev  0x0000000000000000      0x1c1 Core/Src/Test.o
 .debug_abbrev  0x00000000000001c1      0x159 Core/Src/crc.o
 .debug_abbrev  0x000000000000031a      0x1ec Core/Src/cypress.o
 .debug_abbrev  0x0000000000000506      0x13d Core/Src/gpio.o
 .debug_abbrev  0x0000000000000643      0x294 Core/Src/main.o
 .debug_abbrev  0x00000000000008d7      0x141 Core/Src/rtc.o
 .debug_abbrev  0x0000000000000a18      0x1da Core/Src/spi.o
 .debug_abbrev  0x0000000000000bf2      0x109 Core/Src/stm32f7xx_hal_msp.o
 .debug_abbrev  0x0000000000000cfb      0x170 Core/Src/stm32f7xx_it.o
 .debug_abbrev  0x0000000000000e6b      0x19b Core/Src/sysmem.o
 .debug_abbrev  0x0000000000001006      0x147 Core/Src/system_stm32f7xx.o
 .debug_abbrev  0x000000000000114d      0x1a2 Core/Src/usart.o
 .debug_abbrev  0x00000000000012ef       0x12 Core/Startup/startup_stm32f779bitx.o
 .debug_abbrev  0x0000000000001301      0x1c7 Drivers/STM32F7xx_HAL_Driver/Src/stm32f7xx_hal.o
 .debug_abbrev  0x00000000000014c8      0x2fa Drivers/STM32F7xx_HAL_Driver/Src/stm32f7xx_hal_cortex.o
 .debug_abbrev  0x00000000000017c2      0x1d1 Drivers/STM32F7xx_HAL_Driver/Src/stm32f7xx_hal_crc.o
 .debug_abbrev  0x0000000000001993      0x165 Drivers/STM32F7xx_HAL_Driver/Src/stm32f7xx_hal_crc_ex.o
 .debug_abbrev  0x0000000000001af8      0x229 Drivers/STM32F7xx_HAL_Driver/Src/stm32f7xx_hal_dma.o
 .debug_abbrev  0x0000000000001d21      0x1c9 Drivers/STM32F7xx_HAL_Driver/Src/stm32f7xx_hal_gpio.o
 .debug_abbrev  0x0000000000001eea      0x1b8 Drivers/STM32F7xx_HAL_Driver/Src/stm32f7xx_hal_pwr_ex.o
 .debug_abbrev  0x00000000000020a2      0x268 Drivers/STM32F7xx_HAL_Driver/Src/stm32f7xx_hal_rcc.o
 .debug_abbrev  0x000000000000230a      0x1ad Drivers/STM32F7xx_HAL_Driver/Src/stm32f7xx_hal_rcc_ex.o
 .debug_abbrev  0x00000000000024b7      0x1be Drivers/STM32F7xx_HAL_Driver/Src/stm32f7xx_hal_rtc.o
 .debug_abbrev  0x0000000000002675      0x228 Drivers/STM32F7xx_HAL_Driver/Src/stm32f7xx_hal_spi.o
 .debug_abbrev  0x000000000000289d      0x205 Drivers/STM32F7xx_HAL_Driver/Src/stm32f7xx_hal_uart.o

.debug_aranges  0x0000000000000000      0xd50
 .debug_aranges
                0x0000000000000000       0x38 Core/Src/Test.o
 .debug_aranges
                0x0000000000000038       0x30 Core/Src/crc.o
 .debug_aranges
                0x0000000000000068       0x58 Core/Src/cypress.o
 .debug_aranges
                0x00000000000000c0       0x20 Core/Src/gpio.o
 .debug_aranges
                0x00000000000000e0       0xd8 Core/Src/main.o
 .debug_aranges
                0x00000000000001b8       0x30 Core/Src/rtc.o
 .debug_aranges
                0x00000000000001e8       0x50 Core/Src/spi.o
 .debug_aranges
                0x0000000000000238       0x20 Core/Src/stm32f7xx_hal_msp.o
 .debug_aranges
                0x0000000000000258       0xa8 Core/Src/stm32f7xx_it.o
 .debug_aranges
                0x0000000000000300       0x20 Core/Src/sysmem.o
 .debug_aranges
                0x0000000000000320       0x28 Core/Src/system_stm32f7xx.o
 .debug_aranges
                0x0000000000000348       0x40 Core/Src/usart.o
 .debug_aranges
                0x0000000000000388       0x28 Core/Startup/startup_stm32f779bitx.o
 .debug_aranges
                0x00000000000003b0      0x110 Drivers/STM32F7xx_HAL_Driver/Src/stm32f7xx_hal.o
 .debug_aranges
                0x00000000000004c0      0x118 Drivers/STM32F7xx_HAL_Driver/Src/stm32f7xx_hal_cortex.o
 .debug_aranges
                0x00000000000005d8       0x60 Drivers/STM32F7xx_HAL_Driver/Src/stm32f7xx_hal_crc.o
 .debug_aranges
                0x0000000000000638       0x30 Drivers/STM32F7xx_HAL_Driver/Src/stm32f7xx_hal_crc_ex.o
 .debug_aranges
                0x0000000000000668       0x90 Drivers/STM32F7xx_HAL_Driver/Src/stm32f7xx_hal_dma.o
 .debug_aranges
                0x00000000000006f8       0x58 Drivers/STM32F7xx_HAL_Driver/Src/stm32f7xx_hal_gpio.o
 .debug_aranges
                0x0000000000000750       0x80 Drivers/STM32F7xx_HAL_Driver/Src/stm32f7xx_hal_pwr_ex.o
 .debug_aranges
                0x00000000000007d0       0x88 Drivers/STM32F7xx_HAL_Driver/Src/stm32f7xx_hal_rcc.o
 .debug_aranges
                0x0000000000000858       0x50 Drivers/STM32F7xx_HAL_Driver/Src/stm32f7xx_hal_rcc_ex.o
 .debug_aranges
                0x00000000000008a8       0xb8 Drivers/STM32F7xx_HAL_Driver/Src/stm32f7xx_hal_rtc.o
 .debug_aranges
                0x0000000000000960      0x1d8 Drivers/STM32F7xx_HAL_Driver/Src/stm32f7xx_hal_spi.o
 .debug_aranges
                0x0000000000000b38      0x218 Drivers/STM32F7xx_HAL_Driver/Src/stm32f7xx_hal_uart.o

.debug_ranges   0x0000000000000000      0xbc8
 .debug_ranges  0x0000000000000000       0x28 Core/Src/Test.o
 .debug_ranges  0x0000000000000028       0x20 Core/Src/crc.o
 .debug_ranges  0x0000000000000048       0x48 Core/Src/cypress.o
 .debug_ranges  0x0000000000000090       0x10 Core/Src/gpio.o
 .debug_ranges  0x00000000000000a0       0xc8 Core/Src/main.o
 .debug_ranges  0x0000000000000168       0x20 Core/Src/rtc.o
 .debug_ranges  0x0000000000000188       0x40 Core/Src/spi.o
 .debug_ranges  0x00000000000001c8       0x10 Core/Src/stm32f7xx_hal_msp.o
 .debug_ranges  0x00000000000001d8       0x98 Core/Src/stm32f7xx_it.o
 .debug_ranges  0x0000000000000270       0x10 Core/Src/sysmem.o
 .debug_ranges  0x0000000000000280       0x18 Core/Src/system_stm32f7xx.o
 .debug_ranges  0x0000000000000298       0x30 Core/Src/usart.o
 .debug_ranges  0x00000000000002c8       0x20 Core/Startup/startup_stm32f779bitx.o
 .debug_ranges  0x00000000000002e8      0x100 Drivers/STM32F7xx_HAL_Driver/Src/stm32f7xx_hal.o
 .debug_ranges  0x00000000000003e8      0x108 Drivers/STM32F7xx_HAL_Driver/Src/stm32f7xx_hal_cortex.o
 .debug_ranges  0x00000000000004f0       0x50 Drivers/STM32F7xx_HAL_Driver/Src/stm32f7xx_hal_crc.o
 .debug_ranges  0x0000000000000540       0x20 Drivers/STM32F7xx_HAL_Driver/Src/stm32f7xx_hal_crc_ex.o
 .debug_ranges  0x0000000000000560       0x80 Drivers/STM32F7xx_HAL_Driver/Src/stm32f7xx_hal_dma.o
 .debug_ranges  0x00000000000005e0       0x48 Drivers/STM32F7xx_HAL_Driver/Src/stm32f7xx_hal_gpio.o
 .debug_ranges  0x0000000000000628       0x70 Drivers/STM32F7xx_HAL_Driver/Src/stm32f7xx_hal_pwr_ex.o
 .debug_ranges  0x0000000000000698       0x78 Drivers/STM32F7xx_HAL_Driver/Src/stm32f7xx_hal_rcc.o
 .debug_ranges  0x0000000000000710       0x40 Drivers/STM32F7xx_HAL_Driver/Src/stm32f7xx_hal_rcc_ex.o
 .debug_ranges  0x0000000000000750       0xa8 Drivers/STM32F7xx_HAL_Driver/Src/stm32f7xx_hal_rtc.o
 .debug_ranges  0x00000000000007f8      0x1c8 Drivers/STM32F7xx_HAL_Driver/Src/stm32f7xx_hal_spi.o
 .debug_ranges  0x00000000000009c0      0x208 Drivers/STM32F7xx_HAL_Driver/Src/stm32f7xx_hal_uart.o

.debug_macro    0x0000000000000000    0x2f08a
 .debug_macro   0x0000000000000000      0x25f Core/Src/Test.o
 .debug_macro   0x000000000000025f      0xa66 Core/Src/Test.o
 .debug_macro   0x0000000000000cc5      0x2a6 Core/Src/Test.o
 .debug_macro   0x0000000000000f6b       0x2e Core/Src/Test.o
 .debug_macro   0x0000000000000f99       0x3b Core/Src/Test.o
 .debug_macro   0x0000000000000fd4       0x22 Core/Src/Test.o
 .debug_macro   0x0000000000000ff6       0x8e Core/Src/Test.o
 .debug_macro   0x0000000000001084       0x51 Core/Src/Test.o
 .debug_macro   0x00000000000010d5       0xef Core/Src/Test.o
 .debug_macro   0x00000000000011c4       0x6a Core/Src/Test.o
 .debug_macro   0x000000000000122e      0x1df Core/Src/Test.o
 .debug_macro   0x000000000000140d       0x1c Core/Src/Test.o
 .debug_macro   0x0000000000001429       0x22 Core/Src/Test.o
 .debug_macro   0x000000000000144b       0xdf Core/Src/Test.o
 .debug_macro   0x000000000000152a     0x12cd Core/Src/Test.o
 .debug_macro   0x00000000000027f7      0x11f Core/Src/Test.o
 .debug_macro   0x0000000000002916       0x19 Core/Src/Test.o
 .debug_macro   0x000000000000292f    0x20a90 Core/Src/Test.o
 .debug_macro   0x00000000000233bf       0x43 Core/Src/Test.o
 .debug_macro   0x0000000000023402     0x36b4 Core/Src/Test.o
 .debug_macro   0x0000000000026ab6      0x174 Core/Src/Test.o
 .debug_macro   0x0000000000026c2a       0x61 Core/Src/Test.o
 .debug_macro   0x0000000000026c8b     0x1bcb Core/Src/Test.o
 .debug_macro   0x0000000000028856      0x6c4 Core/Src/Test.o
 .debug_macro   0x0000000000028f1a      0x18b Core/Src/Test.o
 .debug_macro   0x00000000000290a5      0x117 Core/Src/Test.o
 .debug_macro   0x00000000000291bc      0x276 Core/Src/Test.o
 .debug_macro   0x0000000000029432       0x27 Core/Src/Test.o
 .debug_macro   0x0000000000029459      0x24f Core/Src/Test.o
 .debug_macro   0x00000000000296a8       0x71 Core/Src/Test.o
 .debug_macro   0x0000000000029719       0x58 Core/Src/Test.o
 .debug_macro   0x0000000000029771      0x236 Core/Src/Test.o
 .debug_macro   0x00000000000299a7       0xd5 Core/Src/Test.o
 .debug_macro   0x0000000000029a7c       0x4c Core/Src/Test.o
 .debug_macro   0x0000000000029ac8      0x14f Core/Src/Test.o
 .debug_macro   0x0000000000029c17      0x3dc Core/Src/Test.o
 .debug_macro   0x0000000000029ff3       0x12 Core/Src/Test.o
 .debug_macro   0x000000000002a005      0x22c Core/Src/Test.o
 .debug_macro   0x000000000002a231       0x61 Core/Src/Test.o
 .debug_macro   0x000000000002a292       0xa5 Core/Src/Test.o
 .debug_macro   0x000000000002a337      0x12f Core/Src/Test.o
 .debug_macro   0x000000000002a466      0x108 Core/Src/Test.o
 .debug_macro   0x000000000002a56e       0x35 Core/Src/Test.o
 .debug_macro   0x000000000002a5a3      0x313 Core/Src/Test.o
 .debug_macro   0x000000000002a8b6      0x4ca Core/Src/Test.o
 .debug_macro   0x000000000002ad80       0xd6 Core/Src/Test.o
 .debug_macro   0x000000000002ae56      0x2fe Core/Src/Test.o
 .debug_macro   0x000000000002b154      0x589 Core/Src/Test.o
 .debug_macro   0x000000000002b6dd       0x44 Core/Src/Test.o
 .debug_macro   0x000000000002b721      0x15c Core/Src/Test.o
 .debug_macro   0x000000000002b87d      0x53c Core/Src/Test.o
 .debug_macro   0x000000000002bdb9       0x46 Core/Src/Test.o
 .debug_macro   0x000000000002bdff      0x22a Core/Src/crc.o
 .debug_macro   0x000000000002c029      0x24b Core/Src/cypress.o
 .debug_macro   0x000000000002c274      0x22a Core/Src/gpio.o
 .debug_macro   0x000000000002c49e      0x256 Core/Src/main.o
 .debug_macro   0x000000000002c6f4      0x22a Core/Src/rtc.o
 .debug_macro   0x000000000002c91e      0x22a Core/Src/spi.o
 .debug_macro   0x000000000002cb48      0x220 Core/Src/stm32f7xx_hal_msp.o
 .debug_macro   0x000000000002cd68      0x22a Core/Src/stm32f7xx_it.o
 .debug_macro   0x000000000002cf92       0xee Core/Src/sysmem.o
 .debug_macro   0x000000000002d080      0x23b Core/Src/sysmem.o
 .debug_macro   0x000000000002d2bb      0x217 Core/Src/system_stm32f7xx.o
 .debug_macro   0x000000000002d4d2      0x22a Core/Src/usart.o
 .debug_macro   0x000000000002d6fc      0x235 Drivers/STM32F7xx_HAL_Driver/Src/stm32f7xx_hal.o
 .debug_macro   0x000000000002d931      0x211 Drivers/STM32F7xx_HAL_Driver/Src/stm32f7xx_hal_cortex.o
 .debug_macro   0x000000000002db42      0x211 Drivers/STM32F7xx_HAL_Driver/Src/stm32f7xx_hal_crc.o
 .debug_macro   0x000000000002dd53      0x211 Drivers/STM32F7xx_HAL_Driver/Src/stm32f7xx_hal_crc_ex.o
 .debug_macro   0x000000000002df64      0x217 Drivers/STM32F7xx_HAL_Driver/Src/stm32f7xx_hal_dma.o
 .debug_macro   0x000000000002e17b      0x247 Drivers/STM32F7xx_HAL_Driver/Src/stm32f7xx_hal_gpio.o
 .debug_macro   0x000000000002e3c2      0x229 Drivers/STM32F7xx_HAL_Driver/Src/stm32f7xx_hal_pwr_ex.o
 .debug_macro   0x000000000002e5eb      0x235 Drivers/STM32F7xx_HAL_Driver/Src/stm32f7xx_hal_rcc.o
 .debug_macro   0x000000000002e820      0x211 Drivers/STM32F7xx_HAL_Driver/Src/stm32f7xx_hal_rcc_ex.o
 .debug_macro   0x000000000002ea31      0x212 Drivers/STM32F7xx_HAL_Driver/Src/stm32f7xx_hal_rtc.o
 .debug_macro   0x000000000002ec43      0x219 Drivers/STM32F7xx_HAL_Driver/Src/stm32f7xx_hal_spi.o
 .debug_macro   0x000000000002ee5c      0x22e Drivers/STM32F7xx_HAL_Driver/Src/stm32f7xx_hal_uart.o

.debug_line     0x0000000000000000     0xf7d9
 .debug_line    0x0000000000000000      0x921 Core/Src/Test.o
 .debug_line    0x0000000000000921      0x772 Core/Src/crc.o
 .debug_line    0x0000000000001093      0x844 Core/Src/cypress.o
 .debug_line    0x00000000000018d7      0x7cd Core/Src/gpio.o
 .debug_line    0x00000000000020a4      0xa14 Core/Src/main.o
 .debug_line    0x0000000000002ab8      0x774 Core/Src/rtc.o
 .debug_line    0x000000000000322c      0x878 Core/Src/spi.o
 .debug_line    0x0000000000003aa4      0x74e Core/Src/stm32f7xx_hal_msp.o
 .debug_line    0x00000000000041f2      0x89c Core/Src/stm32f7xx_it.o
 .debug_line    0x0000000000004a8e      0x4c7 Core/Src/sysmem.o
 .debug_line    0x0000000000004f55      0x767 Core/Src/system_stm32f7xx.o
 .debug_line    0x00000000000056bc      0x804 Core/Src/usart.o
 .debug_line    0x0000000000005ec0       0x85 Core/Startup/startup_stm32f779bitx.o
 .debug_line    0x0000000000005f45      0x9ac Drivers/STM32F7xx_HAL_Driver/Src/stm32f7xx_hal.o
 .debug_line    0x00000000000068f1      0xc30 Drivers/STM32F7xx_HAL_Driver/Src/stm32f7xx_hal_cortex.o
 .debug_line    0x0000000000007521      0x904 Drivers/STM32F7xx_HAL_Driver/Src/stm32f7xx_hal_crc.o
 .debug_line    0x0000000000007e25      0x7ed Drivers/STM32F7xx_HAL_Driver/Src/stm32f7xx_hal_crc_ex.o
 .debug_line    0x0000000000008612      0xc01 Drivers/STM32F7xx_HAL_Driver/Src/stm32f7xx_hal_dma.o
 .debug_line    0x0000000000009213      0xbaf Drivers/STM32F7xx_HAL_Driver/Src/stm32f7xx_hal_gpio.o
 .debug_line    0x0000000000009dc2      0x8c3 Drivers/STM32F7xx_HAL_Driver/Src/stm32f7xx_hal_pwr_ex.o
 .debug_line    0x000000000000a685      0xbe5 Drivers/STM32F7xx_HAL_Driver/Src/stm32f7xx_hal_rcc.o
 .debug_line    0x000000000000b26a      0xda2 Drivers/STM32F7xx_HAL_Driver/Src/stm32f7xx_hal_rcc_ex.o
 .debug_line    0x000000000000c00c      0xf22 Drivers/STM32F7xx_HAL_Driver/Src/stm32f7xx_hal_rtc.o
 .debug_line    0x000000000000cf2e     0x1351 Drivers/STM32F7xx_HAL_Driver/Src/stm32f7xx_hal_spi.o
 .debug_line    0x000000000000e27f     0x155a Drivers/STM32F7xx_HAL_Driver/Src/stm32f7xx_hal_uart.o

.debug_str      0x0000000000000000   0x118144
 .debug_str     0x0000000000000000   0x1127f6 Core/Src/Test.o
                                     0x112f57 (size before relaxing)
 .debug_str     0x00000000001127f6      0x2c8 Core/Src/crc.o
                                     0x112aaa (size before relaxing)
 .debug_str     0x0000000000112abe       0xa4 Core/Src/cypress.o
                                     0x112dc5 (size before relaxing)
 .debug_str     0x0000000000112b62      0x66c Core/Src/gpio.o
                                     0x112fb7 (size before relaxing)
 .debug_str     0x00000000001131ce      0x78b Core/Src/main.o
                                     0x1138b2 (size before relaxing)
 .debug_str     0x0000000000113959       0x4a Core/Src/rtc.o
                                     0x112b69 (size before relaxing)
 .debug_str     0x00000000001139a3       0x7f Core/Src/spi.o
                                     0x11347b (size before relaxing)
 .debug_str     0x0000000000113a22       0x2c Core/Src/stm32f7xx_hal_msp.o
                                     0x1128c3 (size before relaxing)
 .debug_str     0x0000000000113a4e      0x159 Core/Src/stm32f7xx_it.o
                                     0x112ecc (size before relaxing)
 .debug_str     0x0000000000113ba7     0x1fce Core/Src/sysmem.o
                                       0x5f7e (size before relaxing)
 .debug_str     0x0000000000115b75      0x18d Core/Src/system_stm32f7xx.o
                                     0x11190f (size before relaxing)
 .debug_str     0x0000000000115d02       0x6d Core/Src/usart.o
                                     0x113447 (size before relaxing)
 .debug_str     0x0000000000115d6f       0x36 Core/Startup/startup_stm32f779bitx.o
                                         0x6c (size before relaxing)
 .debug_str     0x0000000000115da5      0x3c7 Drivers/STM32F7xx_HAL_Driver/Src/stm32f7xx_hal.o
                                     0x1122b0 (size before relaxing)
 .debug_str     0x000000000011616c      0x38f Drivers/STM32F7xx_HAL_Driver/Src/stm32f7xx_hal_cortex.o
                                     0x112330 (size before relaxing)
 .debug_str     0x00000000001164fb       0xc0 Drivers/STM32F7xx_HAL_Driver/Src/stm32f7xx_hal_crc.o
                                     0x111948 (size before relaxing)
 .debug_str     0x00000000001165bb       0x82 Drivers/STM32F7xx_HAL_Driver/Src/stm32f7xx_hal_crc_ex.o
                                     0x11191b (size before relaxing)
 .debug_str     0x000000000011663d      0x32d Drivers/STM32F7xx_HAL_Driver/Src/stm32f7xx_hal_dma.o
                                     0x111c49 (size before relaxing)
 .debug_str     0x000000000011696a      0x244 Drivers/STM32F7xx_HAL_Driver/Src/stm32f7xx_hal_gpio.o
                                     0x111ae5 (size before relaxing)
 .debug_str     0x0000000000116bae      0x1d1 Drivers/STM32F7xx_HAL_Driver/Src/stm32f7xx_hal_pwr_ex.o
                                     0x111b89 (size before relaxing)
 .debug_str     0x0000000000116d7f      0x27f Drivers/STM32F7xx_HAL_Driver/Src/stm32f7xx_hal_rcc.o
                                     0x111c43 (size before relaxing)
 .debug_str     0x0000000000116ffe      0x161 Drivers/STM32F7xx_HAL_Driver/Src/stm32f7xx_hal_rcc_ex.o
                                     0x111bf8 (size before relaxing)
 .debug_str     0x000000000011715f      0x298 Drivers/STM32F7xx_HAL_Driver/Src/stm32f7xx_hal_rtc.o
                                     0x111c23 (size before relaxing)
 .debug_str     0x00000000001173f7      0x577 Drivers/STM32F7xx_HAL_Driver/Src/stm32f7xx_hal_spi.o
                                     0x1120c9 (size before relaxing)
 .debug_str     0x000000000011796e      0x7d6 Drivers/STM32F7xx_HAL_Driver/Src/stm32f7xx_hal_uart.o
                                     0x112488 (size before relaxing)

.comment        0x0000000000000000       0x7b
 .comment       0x0000000000000000       0x7b Core/Src/Test.o
                                         0x7c (size before relaxing)
 .comment       0x000000000000007b       0x7c Core/Src/crc.o
 .comment       0x000000000000007b       0x7c Core/Src/cypress.o
 .comment       0x000000000000007b       0x7c Core/Src/gpio.o
 .comment       0x000000000000007b       0x7c Core/Src/main.o
 .comment       0x000000000000007b       0x7c Core/Src/rtc.o
 .comment       0x000000000000007b       0x7c Core/Src/spi.o
 .comment       0x000000000000007b       0x7c Core/Src/stm32f7xx_hal_msp.o
 .comment       0x000000000000007b       0x7c Core/Src/stm32f7xx_it.o
 .comment       0x000000000000007b       0x7c Core/Src/sysmem.o
 .comment       0x000000000000007b       0x7c Core/Src/system_stm32f7xx.o
 .comment       0x000000000000007b       0x7c Core/Src/usart.o
 .comment       0x000000000000007b       0x7c Drivers/STM32F7xx_HAL_Driver/Src/stm32f7xx_hal.o
 .comment       0x000000000000007b       0x7c Drivers/STM32F7xx_HAL_Driver/Src/stm32f7xx_hal_cortex.o
 .comment       0x000000000000007b       0x7c Drivers/STM32F7xx_HAL_Driver/Src/stm32f7xx_hal_crc.o
 .comment       0x000000000000007b       0x7c Drivers/STM32F7xx_HAL_Driver/Src/stm32f7xx_hal_crc_ex.o
 .comment       0x000000000000007b       0x7c Drivers/STM32F7xx_HAL_Driver/Src/stm32f7xx_hal_dma.o
 .comment       0x000000000000007b       0x7c Drivers/STM32F7xx_HAL_Driver/Src/stm32f7xx_hal_gpio.o
 .comment       0x000000000000007b       0x7c Drivers/STM32F7xx_HAL_Driver/Src/stm32f7xx_hal_pwr_ex.o
 .comment       0x000000000000007b       0x7c Drivers/STM32F7xx_HAL_Driver/Src/stm32f7xx_hal_rcc.o
 .comment       0x000000000000007b       0x7c Drivers/STM32F7xx_HAL_Driver/Src/stm32f7xx_hal_rcc_ex.o
 .comment       0x000000000000007b       0x7c Drivers/STM32F7xx_HAL_Driver/Src/stm32f7xx_hal_rtc.o
 .comment       0x000000000000007b       0x7c Drivers/STM32F7xx_HAL_Driver/Src/stm32f7xx_hal_spi.o
 .comment       0x000000000000007b       0x7c Drivers/STM32F7xx_HAL_Driver/Src/stm32f7xx_hal_uart.o

.debug_frame    0x0000000000000000     0x36e4
 .debug_frame   0x0000000000000000       0xc0 Core/Src/Test.o
 .debug_frame   0x00000000000000c0       0x7c Core/Src/crc.o
 .debug_frame   0x000000000000013c      0x150 Core/Src/cypress.o
 .debug_frame   0x000000000000028c       0x38 Core/Src/gpio.o
 .debug_frame   0x00000000000002c4      0x38c Core/Src/main.o
 .debug_frame   0x0000000000000650       0x7c Core/Src/rtc.o
 .debug_frame   0x00000000000006cc       0xe8 Core/Src/spi.o
 .debug_frame   0x00000000000007b4       0x38 Core/Src/stm32f7xx_hal_msp.o
 .debug_frame   0x00000000000007ec      0x208 Core/Src/stm32f7xx_it.o
 .debug_frame   0x00000000000009f4       0x34 Core/Src/sysmem.o
 .debug_frame   0x0000000000000a28       0x58 Core/Src/system_stm32f7xx.o
 .debug_frame   0x0000000000000a80       0xac Core/Src/usart.o
 .debug_frame   0x0000000000000b2c      0x3f4 Drivers/STM32F7xx_HAL_Driver/Src/stm32f7xx_hal.o
 .debug_frame   0x0000000000000f20      0x494 Drivers/STM32F7xx_HAL_Driver/Src/stm32f7xx_hal_cortex.o
 .debug_frame   0x00000000000013b4      0x168 Drivers/STM32F7xx_HAL_Driver/Src/stm32f7xx_hal_crc.o
 .debug_frame   0x000000000000151c       0x7c Drivers/STM32F7xx_HAL_Driver/Src/stm32f7xx_hal_crc_ex.o
 .debug_frame   0x0000000000001598      0x254 Drivers/STM32F7xx_HAL_Driver/Src/stm32f7xx_hal_dma.o
 .debug_frame   0x00000000000017ec      0x13c Drivers/STM32F7xx_HAL_Driver/Src/stm32f7xx_hal_gpio.o
 .debug_frame   0x0000000000001928      0x1c8 Drivers/STM32F7xx_HAL_Driver/Src/stm32f7xx_hal_pwr_ex.o
 .debug_frame   0x0000000000001af0      0x1f8 Drivers/STM32F7xx_HAL_Driver/Src/stm32f7xx_hal_rcc.o
 .debug_frame   0x0000000000001ce8      0x118 Drivers/STM32F7xx_HAL_Driver/Src/stm32f7xx_hal_rcc_ex.o
 .debug_frame   0x0000000000001e00      0x308 Drivers/STM32F7xx_HAL_Driver/Src/stm32f7xx_hal_rtc.o
 .debug_frame   0x0000000000002108      0x85c Drivers/STM32F7xx_HAL_Driver/Src/stm32f7xx_hal_spi.o
 .debug_frame   0x0000000000002964      0x990 Drivers/STM32F7xx_HAL_Driver/Src/stm32f7xx_hal_uart.o
 .debug_frame   0x00000000000032f4       0x20 c:/st/stm32cubeide_1.3.0/stm32cubeide/plugins/com.st.stm32cube.ide.mcu.externaltools.gnu-tools-for-stm32.7-2018-q2-update.win32_1.0.0.201904181610/tools/bin/../lib/gcc/arm-none-eabi/7.3.1/../../../../arm-none-eabi/lib/thumb/v7e-m/fpv5/hard\libc_nano.a(lib_a-errno.o)
 .debug_frame   0x0000000000003314       0x2c c:/st/stm32cubeide_1.3.0/stm32cubeide/plugins/com.st.stm32cube.ide.mcu.externaltools.gnu-tools-for-stm32.7-2018-q2-update.win32_1.0.0.201904181610/tools/bin/../lib/gcc/arm-none-eabi/7.3.1/../../../../arm-none-eabi/lib/thumb/v7e-m/fpv5/hard\libc_nano.a(lib_a-init.o)
 .debug_frame   0x0000000000003340       0x28 c:/st/stm32cubeide_1.3.0/stm32cubeide/plugins/com.st.stm32cube.ide.mcu.externaltools.gnu-tools-for-stm32.7-2018-q2-update.win32_1.0.0.201904181610/tools/bin/../lib/gcc/arm-none-eabi/7.3.1/../../../../arm-none-eabi/lib/thumb/v7e-m/fpv5/hard\libc_nano.a(lib_a-memcpy-stub.o)
 .debug_frame   0x0000000000003368       0x20 c:/st/stm32cubeide_1.3.0/stm32cubeide/plugins/com.st.stm32cube.ide.mcu.externaltools.gnu-tools-for-stm32.7-2018-q2-update.win32_1.0.0.201904181610/tools/bin/../lib/gcc/arm-none-eabi/7.3.1/../../../../arm-none-eabi/lib/thumb/v7e-m/fpv5/hard\libc_nano.a(lib_a-memset.o)
 .debug_frame   0x0000000000003388       0x6c c:/st/stm32cubeide_1.3.0/stm32cubeide/plugins/com.st.stm32cube.ide.mcu.externaltools.gnu-tools-for-stm32.7-2018-q2-update.win32_1.0.0.201904181610/tools/bin/../lib/gcc/arm-none-eabi/7.3.1/../../../../arm-none-eabi/lib/thumb/v7e-m/fpv5/hard\libc_nano.a(lib_a-sprintf.o)
 .debug_frame   0x00000000000033f4       0x90 c:/st/stm32cubeide_1.3.0/stm32cubeide/plugins/com.st.stm32cube.ide.mcu.externaltools.gnu-tools-for-stm32.7-2018-q2-update.win32_1.0.0.201904181610/tools/bin/../lib/gcc/arm-none-eabi/7.3.1/../../../../arm-none-eabi/lib/thumb/v7e-m/fpv5/hard\libc_nano.a(lib_a-nano-svfprintf.o)
 .debug_frame   0x0000000000003484       0x60 c:/st/stm32cubeide_1.3.0/stm32cubeide/plugins/com.st.stm32cube.ide.mcu.externaltools.gnu-tools-for-stm32.7-2018-q2-update.win32_1.0.0.201904181610/tools/bin/../lib/gcc/arm-none-eabi/7.3.1/../../../../arm-none-eabi/lib/thumb/v7e-m/fpv5/hard\libc_nano.a(lib_a-nano-vfprintf_i.o)
 .debug_frame   0x00000000000034e4       0x28 c:/st/stm32cubeide_1.3.0/stm32cubeide/plugins/com.st.stm32cube.ide.mcu.externaltools.gnu-tools-for-stm32.7-2018-q2-update.win32_1.0.0.201904181610/tools/bin/../lib/gcc/arm-none-eabi/7.3.1/../../../../arm-none-eabi/lib/thumb/v7e-m/fpv5/hard\libc_nano.a(lib_a-memmove.o)
 .debug_frame   0x000000000000350c       0x38 c:/st/stm32cubeide_1.3.0/stm32cubeide/plugins/com.st.stm32cube.ide.mcu.externaltools.gnu-tools-for-stm32.7-2018-q2-update.win32_1.0.0.201904181610/tools/bin/../lib/gcc/arm-none-eabi/7.3.1/../../../../arm-none-eabi/lib/thumb/v7e-m/fpv5/hard\libc_nano.a(lib_a-nano-freer.o)
 .debug_frame   0x0000000000003544       0x2c c:/st/stm32cubeide_1.3.0/stm32cubeide/plugins/com.st.stm32cube.ide.mcu.externaltools.gnu-tools-for-stm32.7-2018-q2-update.win32_1.0.0.201904181610/tools/bin/../lib/gcc/arm-none-eabi/7.3.1/../../../../arm-none-eabi/lib/thumb/v7e-m/fpv5/hard\libc_nano.a(lib_a-nano-mallocr.o)
 .debug_frame   0x0000000000003570       0x3c c:/st/stm32cubeide_1.3.0/stm32cubeide/plugins/com.st.stm32cube.ide.mcu.externaltools.gnu-tools-for-stm32.7-2018-q2-update.win32_1.0.0.201904181610/tools/bin/../lib/gcc/arm-none-eabi/7.3.1/../../../../arm-none-eabi/lib/thumb/v7e-m/fpv5/hard\libc_nano.a(lib_a-nano-reallocr.o)
 .debug_frame   0x00000000000035ac       0x2c c:/st/stm32cubeide_1.3.0/stm32cubeide/plugins/com.st.stm32cube.ide.mcu.externaltools.gnu-tools-for-stm32.7-2018-q2-update.win32_1.0.0.201904181610/tools/bin/../lib/gcc/arm-none-eabi/7.3.1/../../../../arm-none-eabi/lib/thumb/v7e-m/fpv5/hard\libc_nano.a(lib_a-sbrkr.o)
 .debug_frame   0x00000000000035d8       0x30 c:/st/stm32cubeide_1.3.0/stm32cubeide/plugins/com.st.stm32cube.ide.mcu.externaltools.gnu-tools-for-stm32.7-2018-q2-update.win32_1.0.0.201904181610/tools/bin/../lib/gcc/arm-none-eabi/7.3.1/../../../../arm-none-eabi/lib/thumb/v7e-m/fpv5/hard\libc_nano.a(lib_a-mlock.o)
 .debug_frame   0x0000000000003608       0x20 c:/st/stm32cubeide_1.3.0/stm32cubeide/plugins/com.st.stm32cube.ide.mcu.externaltools.gnu-tools-for-stm32.7-2018-q2-update.win32_1.0.0.201904181610/tools/bin/../lib/gcc/arm-none-eabi/7.3.1/../../../../arm-none-eabi/lib/thumb/v7e-m/fpv5/hard\libc_nano.a(lib_a-nano-msizer.o)
 .debug_frame   0x0000000000003628       0x5c c:/st/stm32cubeide_1.3.0/stm32cubeide/plugins/com.st.stm32cube.ide.mcu.externaltools.gnu-tools-for-stm32.7-2018-q2-update.win32_1.0.0.201904181610/tools/bin/../lib/gcc/arm-none-eabi/7.3.1/../../../../arm-none-eabi/lib/thumb/v7e-m/fpv5/hard\libc_nano.a(lib_a-reent.o)
 .debug_frame   0x0000000000003684       0x2c c:/st/stm32cubeide_1.3.0/stm32cubeide/plugins/com.st.stm32cube.ide.mcu.externaltools.gnu-tools-for-stm32.7-2018-q2-update.win32_1.0.0.201904181610/tools/bin/../lib/gcc/arm-none-eabi/7.3.1/thumb/v7e-m/fpv5/hard\libgcc.a(_aeabi_uldivmod.o)
 .debug_frame   0x00000000000036b0       0x34 c:/st/stm32cubeide_1.3.0/stm32cubeide/plugins/com.st.stm32cube.ide.mcu.externaltools.gnu-tools-for-stm32.7-2018-q2-update.win32_1.0.0.201904181610/tools/bin/../lib/gcc/arm-none-eabi/7.3.1/thumb/v7e-m/fpv5/hard\libgcc.a(_udivmoddi4.o)