
Copyright (C) 1994-2020 Synopsys, Inc.
This Synopsys software and all associated documentation are proprietary to Synopsys, Inc.
and may only be used pursuant to the terms and conditions of a written license agreement
with Synopsys, Inc. All other use, reproduction, modification, or distribution of the
Synopsys software or the associated documentation is strictly prohibited.
Tool: Synplify Pro (R)
Build: Q-2020.03M-SP1
Install: D:\Programme\LiberoSoCv12.6\SynplifyPro
OS: Windows 6.2

Hostname: BND01

Implementation : synthesis
Synopsys HDL compiler and linker, Version comp202003synp2, Build 166R, Built Oct 19 2020 10:50:56, @

Modified Files: 7
FID:  path (prevtimestamp, timestamp)
35       D:\HERMESS_SPSoftware\Microcontroller\component\work\sb\sb.vhd (2021-06-25 11:52:49, 2021-06-25 12:11:02)
36       D:\HERMESS_SPSoftware\Microcontroller\component\work\sb_sb\CCC_0\sb_sb_CCC_0_FCCC.vhd (2021-06-25 10:58:37, 2021-06-25 12:09:31)
37       D:\HERMESS_SPSoftware\Microcontroller\component\work\sb_sb\FABOSC_0\sb_sb_FABOSC_0_OSC.vhd (2021-06-25 10:58:39, 2021-06-25 12:09:33)
38       D:\HERMESS_SPSoftware\Microcontroller\component\work\sb_sb\sb_sb.vhd (2021-06-25 10:58:39, 2021-06-25 12:09:33)
39       D:\HERMESS_SPSoftware\Microcontroller\component\work\sb_sb_MSS\sb_sb_MSS.vhd (2021-06-25 10:58:33, 2021-06-25 12:09:28)
40       D:\HERMESS_SPSoftware\Microcontroller\component\work\sb_sb_MSS\sb_sb_MSS_syn.vhd (2021-06-25 10:58:33, 2021-06-25 12:09:27)
58       D:\HERMESS_SPSoftware\Microcontroller\hdl\MemorySynchronizer.vhd (2021-06-25 11:48:50, 2021-06-25 11:55:58)

*******************************************************************
Modules that may have changed as a result of file changes: 22
MID:  lib.cell.view
0        coreapb3_lib.coreapb3.coreapb3_arch may have changed because the following files changed:
                        D:\HERMESS_SPSoftware\Microcontroller\component\work\sb\sb.vhd (2021-06-25 11:52:49, 2021-06-25 12:11:02) <-- (may instantiate this module)
                        D:\HERMESS_SPSoftware\Microcontroller\component\work\sb_sb\sb_sb.vhd (2021-06-25 10:58:39, 2021-06-25 12:09:33) <-- (may instantiate this module)
2        coreapb3_lib.coreapb3_iaddr_reg.rtl may have changed because the following files changed:
                        D:\HERMESS_SPSoftware\Microcontroller\component\work\sb\sb.vhd (2021-06-25 11:52:49, 2021-06-25 12:11:02) <-- (may instantiate this module)
                        D:\HERMESS_SPSoftware\Microcontroller\component\work\sb_sb\sb_sb.vhd (2021-06-25 10:58:39, 2021-06-25 12:09:33) <-- (may instantiate this module)
4        coreapb3_lib.coreapb3_muxptob3.coreapb3_muxptob3_arch may have changed because the following files changed:
                        D:\HERMESS_SPSoftware\Microcontroller\component\work\sb\sb.vhd (2021-06-25 11:52:49, 2021-06-25 12:11:02) <-- (may instantiate this module)
                        D:\HERMESS_SPSoftware\Microcontroller\component\work\sb_sb\sb_sb.vhd (2021-06-25 10:58:39, 2021-06-25 12:09:33) <-- (may instantiate this module)
6        work.coreresetp.rtl may have changed because the following files changed:
                        D:\HERMESS_SPSoftware\Microcontroller\component\work\sb\sb.vhd (2021-06-25 11:52:49, 2021-06-25 12:11:02) <-- (may instantiate this module)
                        D:\HERMESS_SPSoftware\Microcontroller\component\work\sb_sb\sb_sb.vhd (2021-06-25 10:58:39, 2021-06-25 12:09:33) <-- (may instantiate this module)
8        work.coreresetp_pcie_hotreset.rtl may have changed because the following files changed:
                        D:\HERMESS_SPSoftware\Microcontroller\component\work\sb\sb.vhd (2021-06-25 11:52:49, 2021-06-25 12:11:02) <-- (may instantiate this module)
                        D:\HERMESS_SPSoftware\Microcontroller\component\work\sb_sb\sb_sb.vhd (2021-06-25 10:58:39, 2021-06-25 12:09:33) <-- (may instantiate this module)
48       work.memorysynchronizer.arch may have changed because the following files changed:
                        D:\HERMESS_SPSoftware\Microcontroller\component\work\sb\sb.vhd (2021-06-25 11:52:49, 2021-06-25 12:11:02) <-- (may instantiate this module)
                        D:\HERMESS_SPSoftware\Microcontroller\hdl\MemorySynchronizer.vhd (2021-06-25 11:48:50, 2021-06-25 11:55:58) <-- (architecture and entity definition)
10       work.mss_010.def_arch may have changed because the following files changed:
                        D:\HERMESS_SPSoftware\Microcontroller\component\work\sb\sb.vhd (2021-06-25 11:52:49, 2021-06-25 12:11:02) <-- (may instantiate this module)
                        D:\HERMESS_SPSoftware\Microcontroller\component\work\sb_sb\sb_sb.vhd (2021-06-25 10:58:39, 2021-06-25 12:09:33) <-- (may instantiate this module)
                        D:\HERMESS_SPSoftware\Microcontroller\component\work\sb_sb_MSS\sb_sb_MSS.vhd (2021-06-25 10:58:33, 2021-06-25 12:09:28) <-- (may instantiate this module)
                        D:\HERMESS_SPSoftware\Microcontroller\component\work\sb_sb_MSS\sb_sb_MSS_syn.vhd (2021-06-25 10:58:33, 2021-06-25 12:09:27) <-- (architecture and entity definition)
12       work.rcosc_1mhz.def_arch may have changed because the following files changed:
                        D:\HERMESS_SPSoftware\Microcontroller\component\work\sb\sb.vhd (2021-06-25 11:52:49, 2021-06-25 12:11:02) <-- (may instantiate this module)
                        D:\HERMESS_SPSoftware\Microcontroller\component\work\sb_sb\FABOSC_0\sb_sb_FABOSC_0_OSC.vhd (2021-06-25 10:58:39, 2021-06-25 12:09:33) <-- (may instantiate this module)
                        D:\HERMESS_SPSoftware\Microcontroller\component\work\sb_sb\sb_sb.vhd (2021-06-25 10:58:39, 2021-06-25 12:09:33) <-- (may instantiate this module)
14       work.rcosc_1mhz_fab.def_arch may have changed because the following files changed:
                        D:\HERMESS_SPSoftware\Microcontroller\component\work\sb\sb.vhd (2021-06-25 11:52:49, 2021-06-25 12:11:02) <-- (may instantiate this module)
                        D:\HERMESS_SPSoftware\Microcontroller\component\work\sb_sb\FABOSC_0\sb_sb_FABOSC_0_OSC.vhd (2021-06-25 10:58:39, 2021-06-25 12:09:33) <-- (may instantiate this module)
                        D:\HERMESS_SPSoftware\Microcontroller\component\work\sb_sb\sb_sb.vhd (2021-06-25 10:58:39, 2021-06-25 12:09:33) <-- (may instantiate this module)
16       work.rcosc_25_50mhz.def_arch may have changed because the following files changed:
                        D:\HERMESS_SPSoftware\Microcontroller\component\work\sb\sb.vhd (2021-06-25 11:52:49, 2021-06-25 12:11:02) <-- (may instantiate this module)
                        D:\HERMESS_SPSoftware\Microcontroller\component\work\sb_sb\FABOSC_0\sb_sb_FABOSC_0_OSC.vhd (2021-06-25 10:58:39, 2021-06-25 12:09:33) <-- (may instantiate this module)
                        D:\HERMESS_SPSoftware\Microcontroller\component\work\sb_sb\sb_sb.vhd (2021-06-25 10:58:39, 2021-06-25 12:09:33) <-- (may instantiate this module)
18       work.rcosc_25_50mhz_fab.def_arch may have changed because the following files changed:
                        D:\HERMESS_SPSoftware\Microcontroller\component\work\sb\sb.vhd (2021-06-25 11:52:49, 2021-06-25 12:11:02) <-- (may instantiate this module)
                        D:\HERMESS_SPSoftware\Microcontroller\component\work\sb_sb\FABOSC_0\sb_sb_FABOSC_0_OSC.vhd (2021-06-25 10:58:39, 2021-06-25 12:09:33) <-- (may instantiate this module)
                        D:\HERMESS_SPSoftware\Microcontroller\component\work\sb_sb\sb_sb.vhd (2021-06-25 10:58:39, 2021-06-25 12:09:33) <-- (may instantiate this module)
20       work.sb.rtl may have changed because the following files changed:
                        D:\HERMESS_SPSoftware\Microcontroller\component\work\sb\sb.vhd (2021-06-25 11:52:49, 2021-06-25 12:11:02) <-- (architecture and entity definition)
22       work.sb_sb.rtl may have changed because the following files changed:
                        D:\HERMESS_SPSoftware\Microcontroller\component\work\sb\sb.vhd (2021-06-25 11:52:49, 2021-06-25 12:11:02) <-- (may instantiate this module)
                        D:\HERMESS_SPSoftware\Microcontroller\component\work\sb_sb\sb_sb.vhd (2021-06-25 10:58:39, 2021-06-25 12:09:33) <-- (architecture and entity definition)
24       work.sb_sb_ccc_0_fccc.def_arch may have changed because the following files changed:
                        D:\HERMESS_SPSoftware\Microcontroller\component\work\sb\sb.vhd (2021-06-25 11:52:49, 2021-06-25 12:11:02) <-- (may instantiate this module)
                        D:\HERMESS_SPSoftware\Microcontroller\component\work\sb_sb\CCC_0\sb_sb_CCC_0_FCCC.vhd (2021-06-25 10:58:37, 2021-06-25 12:09:31) <-- (architecture and entity definition)
                        D:\HERMESS_SPSoftware\Microcontroller\component\work\sb_sb\sb_sb.vhd (2021-06-25 10:58:39, 2021-06-25 12:09:33) <-- (may instantiate this module)
26       work.sb_sb_fabosc_0_osc.def_arch may have changed because the following files changed:
                        D:\HERMESS_SPSoftware\Microcontroller\component\work\sb\sb.vhd (2021-06-25 11:52:49, 2021-06-25 12:11:02) <-- (may instantiate this module)
                        D:\HERMESS_SPSoftware\Microcontroller\component\work\sb_sb\FABOSC_0\sb_sb_FABOSC_0_OSC.vhd (2021-06-25 10:58:39, 2021-06-25 12:09:33) <-- (architecture and entity definition)
                        D:\HERMESS_SPSoftware\Microcontroller\component\work\sb_sb\sb_sb.vhd (2021-06-25 10:58:39, 2021-06-25 12:09:33) <-- (may instantiate this module)
28       work.sb_sb_mss.rtl may have changed because the following files changed:
                        D:\HERMESS_SPSoftware\Microcontroller\component\work\sb\sb.vhd (2021-06-25 11:52:49, 2021-06-25 12:11:02) <-- (may instantiate this module)
                        D:\HERMESS_SPSoftware\Microcontroller\component\work\sb_sb\sb_sb.vhd (2021-06-25 10:58:39, 2021-06-25 12:09:33) <-- (may instantiate this module)
                        D:\HERMESS_SPSoftware\Microcontroller\component\work\sb_sb_MSS\sb_sb_MSS.vhd (2021-06-25 10:58:33, 2021-06-25 12:09:28) <-- (architecture and entity definition)
30       work.spi_master.logic may have changed because the following files changed:
                        D:\HERMESS_SPSoftware\Microcontroller\component\work\sb\sb.vhd (2021-06-25 11:52:49, 2021-06-25 12:11:02) <-- (may instantiate this module)
32       work.stamp.architecture_stamp may have changed because the following files changed:
                        D:\HERMESS_SPSoftware\Microcontroller\component\work\sb\sb.vhd (2021-06-25 11:52:49, 2021-06-25 12:11:02) <-- (may instantiate this module)
34       work.synchronizer.architecture_synchronizer may have changed because the following files changed:
                        D:\HERMESS_SPSoftware\Microcontroller\component\work\sb\sb.vhd (2021-06-25 11:52:49, 2021-06-25 12:11:02) <-- (may instantiate this module)
46       work.timestamp.behaviour may have changed because the following files changed:
                        D:\HERMESS_SPSoftware\Microcontroller\component\work\sb\sb.vhd (2021-06-25 11:52:49, 2021-06-25 12:11:02) <-- (may instantiate this module)
                        D:\HERMESS_SPSoftware\Microcontroller\hdl\MemorySynchronizer.vhd (2021-06-25 11:48:50, 2021-06-25 11:55:58) <-- (may instantiate this module)
36       work.xtlosc.def_arch may have changed because the following files changed:
                        D:\HERMESS_SPSoftware\Microcontroller\component\work\sb\sb.vhd (2021-06-25 11:52:49, 2021-06-25 12:11:02) <-- (may instantiate this module)
                        D:\HERMESS_SPSoftware\Microcontroller\component\work\sb_sb\FABOSC_0\sb_sb_FABOSC_0_OSC.vhd (2021-06-25 10:58:39, 2021-06-25 12:09:33) <-- (may instantiate this module)
                        D:\HERMESS_SPSoftware\Microcontroller\component\work\sb_sb\sb_sb.vhd (2021-06-25 10:58:39, 2021-06-25 12:09:33) <-- (may instantiate this module)
38       work.xtlosc_fab.def_arch may have changed because the following files changed:
                        D:\HERMESS_SPSoftware\Microcontroller\component\work\sb\sb.vhd (2021-06-25 11:52:49, 2021-06-25 12:11:02) <-- (may instantiate this module)
                        D:\HERMESS_SPSoftware\Microcontroller\component\work\sb_sb\FABOSC_0\sb_sb_FABOSC_0_OSC.vhd (2021-06-25 10:58:39, 2021-06-25 12:09:33) <-- (may instantiate this module)
                        D:\HERMESS_SPSoftware\Microcontroller\component\work\sb_sb\sb_sb.vhd (2021-06-25 10:58:39, 2021-06-25 12:09:33) <-- (may instantiate this module)

*******************************************************************
Unmodified files: 22
FID:  path (timestamp)
28       D:\HERMESS_SPSoftware\Microcontroller\component\Actel\DirectCore\CoreAPB3\4.1.100\rtl\vhdl\core\components.vhd (2021-05-06 11:36:04)
29       D:\HERMESS_SPSoftware\Microcontroller\component\Actel\DirectCore\CoreAPB3\4.1.100\rtl\vhdl\core\coreapb3.vhd (2021-05-06 11:36:04)
30       D:\HERMESS_SPSoftware\Microcontroller\component\Actel\DirectCore\CoreAPB3\4.1.100\rtl\vhdl\core\coreapb3_iaddr_reg.vhd (2021-05-06 11:36:04)
31       D:\HERMESS_SPSoftware\Microcontroller\component\Actel\DirectCore\CoreAPB3\4.1.100\rtl\vhdl\core\coreapb3_muxptob3.vhd (2021-05-06 11:36:04)
32       D:\HERMESS_SPSoftware\Microcontroller\component\Actel\DirectCore\CoreResetP\7.1.100\rtl\vhdl\core\coreresetp.vhd (2021-05-06 11:36:04)
33       D:\HERMESS_SPSoftware\Microcontroller\component\Actel\DirectCore\CoreResetP\7.1.100\rtl\vhdl\core\coreresetp_pcie_hotreset.vhd (2021-05-06 11:36:04)
34       D:\HERMESS_SPSoftware\Microcontroller\component\Actel\SgCore\OSC\2.0.101\osc_comps.vhd (2021-05-06 11:36:05)
42       D:\HERMESS_SPSoftware\Microcontroller\hdl\STAMP.vhd (2021-05-06 11:14:28)
43       D:\HERMESS_SPSoftware\Microcontroller\hdl\Synchronizer.vhd (2021-05-06 11:14:28)
44       D:\HERMESS_SPSoftware\Microcontroller\hdl\Timestamp.vhd (2021-06-22 22:32:55)
46       D:\HERMESS_SPSoftware\Microcontroller\hdl\spi_master.vhd (2021-05-06 11:14:28)
47       D:\Programme\LiberoSoCv12.6\SynplifyPro\lib\generic\smartfusion2.vhd (2020-11-03 08:58:10)
48       D:\Programme\LiberoSoCv12.6\SynplifyPro\lib\vhd2008\arith.vhd (2020-11-03 08:58:13)
49       D:\Programme\LiberoSoCv12.6\SynplifyPro\lib\vhd2008\location.map (2020-11-03 08:58:13)
50       D:\Programme\LiberoSoCv12.6\SynplifyPro\lib\vhd2008\numeric.vhd (2020-11-03 08:58:13)
51       D:\Programme\LiberoSoCv12.6\SynplifyPro\lib\vhd2008\std.vhd (2020-11-03 08:58:13)
52       D:\Programme\LiberoSoCv12.6\SynplifyPro\lib\vhd2008\std1164.vhd (2020-11-03 08:58:13)
53       D:\Programme\LiberoSoCv12.6\SynplifyPro\lib\vhd2008\std_textio.vhd (2020-11-03 08:58:13)
54       D:\Programme\LiberoSoCv12.6\SynplifyPro\lib\vhd2008\unsigned.vhd (2020-11-03 08:58:13)
55       D:\Programme\LiberoSoCv12.6\SynplifyPro\lib\vhd\hyperents.vhd (2020-11-03 08:58:13)
56       D:\Programme\LiberoSoCv12.6\SynplifyPro\lib\vhd\snps_haps_pkg.vhd (2020-11-03 08:58:13)
57       D:\Programme\LiberoSoCv12.6\SynplifyPro\lib\vhd\umr_capim.vhd (2020-11-03 08:58:13)

*******************************************************************
Unchanged modules: 0
MID:  lib.cell.view
